[run_train] algorithm=pc_reinforce env=bandit num_envs=8 total_steps=60000 seed=4 use_cnn=None
|param: value|
|experiment_name:  pc_reinforce|
|seed:  4|
|write_logs_to_file:  False|
|save_model:  False|
|env_name:  bandit|
|num_envs:  8|
|num_train_levels:  200|
|distribution_mode:  easy|
|arm_means:  [1.0, 0.9]|
|deterministic_rewards:  True|
|episode_length:  1000|
|eval_env:  True|
|num_eval_episodes:  200|
|eval_every:  1|
|total_timesteps:  60000|
|unroll_length:  128|
|gamma:  0.99|
|learning_rate:  0.00025|
|target_scale:  1.0|
|pc_steps_per_update:  1|
|update_epochs:  4|
|num_minibatches:  4|
|normalize_advantages:  False|
|max_t1:  20|
|inference_rate_correction:  False|
|normalize_rewards:  False|
|exp_std:  True|
|state_indep_std:  False|
|optimizer:  adam|
|max_grad_norm:  0.5|
|natural_target:  False|
|target_clip:  None|
|target_clip_rel:  False|
|log_std_min:  None|
|width:  32|
|depth:  2|
|act_fn:  relu|
|policy_init_logit_bias:  [0.0, 4.0]|
|checkpoint_dir:  /home/user/Policy_Gradient_Predictive_Coding/outputs/checkpoints|
INFO:2026-08-02 20:05:09,854:jax._src.xla_bridge:927: Unable to initialize backend 'rocm': module 'jaxlib.xla_extension' has no attribute 'GpuAllocatorConfig'
Unable to initialize backend 'rocm': module 'jaxlib.xla_extension' has no attribute 'GpuAllocatorConfig'
INFO:2026-08-02 20:05:09,855:jax._src.xla_bridge:927: Unable to initialize backend 'tpu': INTERNAL: Failed to open libtpu.so: libtpu.so: cannot open shared object file: No such file or directory
Unable to initialize backend 'tpu': INTERNAL: Failed to open libtpu.so: libtpu.so: cannot open shared object file: No such file or directory
{'training/total_steps': 1024, 'training/updates': 1, 'training/walltime': np.float64(2.094), 'training/update_time': np.float64(2.094), 'training/pc_loss': 0.0003580214688554406, 'training/mean_reward': 0.9023435711860657, 'training/mean_advantage_abs': 0.004577489569783211, 'diag/policy_grad_norm_max': 0.018940038979053497, 'diag/policy_grad_norm_mean': 0.01141931302845478}
{'eval/num_episodes': 200, 'eval/mean_score': np.float64(0.901), 'eval/std_score': np.float64(0.0099), 'eval/mean_episode_length': np.float64(1.0), 'eval/eval_time': np.float64(0.16)}
{'training/total_steps': 2048, 'training/updates': 2, 'training/walltime': np.float64(2.438), 'training/update_time': np.float64(0.171), 'training/pc_loss': 0.0002558210981078446, 'training/mean_reward': 0.9011716842651367, 'training/mean_advantage_abs': 0.0023161214776337147, 'diag/policy_grad_norm_max': 0.013454938307404518, 'diag/policy_grad_norm_mean': 0.005819257814437151}
{'eval/num_episodes': 200, 'eval/mean_score': np.float64(0.9015), 'eval/std_score': np.float64(0.0122), 'eval/mean_episode_length': np.float64(1.0), 'eval/eval_time': np.float64(0.001)}
{'training/total_steps': 3072, 'training/updates': 3, 'training/walltime': np.float64(2.595), 'training/update_time': np.float64(0.156), 'training/pc_loss': 0.0001780533348210156, 'training/mean_reward': 0.9022459983825684, 'training/mean_advantage_abs': 0.004391221329569817, 'diag/policy_grad_norm_max': 0.01731661520898342, 'diag/policy_grad_norm_mean': 0.011117741465568542}
{'eval/num_episodes': 200, 'eval/mean_score': np.float64(0.9025), 'eval/std_score': np.float64(0.0156), 'eval/mean_episode_length': np.float64(1.0), 'eval/eval_time': np.float64(0.001)}
{'training/total_steps': 4096, 'training/updates': 4, 'training/walltime': np.float64(2.753), 'training/update_time': np.float64(0.157), 'training/pc_loss': 0.00021609762916341424, 'training/mean_reward': 0.9014647006988525, 'training/mean_advantage_abs': 0.0028866566717624664, 'diag/policy_grad_norm_max': 0.01741761900484562, 'diag/policy_grad_norm_mean': 0.0073759900406003}
{'eval/num_episodes': 200, 'eval/mean_score': np.float64(0.9015), 'eval/std_score': np.float64(0.0122), 'eval/mean_episode_length': np.float64(1.0), 'eval/eval_time': np.float64(0.001)}
{'training/total_steps': 5120, 'training/updates': 5, 'training/walltime': np.float64(2.907), 'training/update_time': np.float64(0.152), 'training/pc_loss': 0.00044869905104860663, 'training/mean_reward': 0.9032224416732788, 'training/mean_advantage_abs': 0.006237424444407225, 'diag/policy_grad_norm_max': 0.02521992102265358, 'diag/policy_grad_norm_mean': 0.01609364151954651}
{'eval/num_episodes': 200, 'eval/mean_score': np.float64(0.902), 'eval/std_score': np.float64(0.014), 'eval/mean_episode_length': np.float64(1.0), 'eval/eval_time': np.float64(0.001)}
{'training/total_steps': 6144, 'training/updates': 6, 'training/walltime': np.float64(3.086), 'training/update_time': np.float64(0.177), 'training/pc_loss': 0.00037312303902581334, 'training/mean_reward': 0.9036130905151367, 'training/mean_advantage_abs': 0.006965292617678642, 'diag/policy_grad_norm_max': 0.02352314256131649, 'diag/policy_grad_norm_mean': 0.01818544790148735}
{'eval/num_episodes': 200, 'eval/mean_score': np.float64(0.904), 'eval/std_score': np.float64(0.0196), 'eval/mean_episode_length': np.float64(1.0), 'eval/eval_time': np.float64(0.001)}
{'training/total_steps': 7168, 'training/updates': 7, 'training/walltime': np.float64(3.251), 'training/update_time': np.float64(0.163), 'training/pc_loss': 0.00023281612084247172, 'training/mean_reward': 0.9040037393569946, 'training/mean_advantage_abs': 0.007687056437134743, 'diag/policy_grad_norm_max': 0.03695455938577652, 'diag/policy_grad_norm_mean': 0.02031663991510868}
{'eval/num_episodes': 200, 'eval/mean_score': np.float64(0.9025), 'eval/std_score': np.float64(0.0156), 'eval/mean_episode_length': np.float64(1.0), 'eval/eval_time': np.float64(0.001)}
{'training/total_steps': 8192, 'training/updates': 8, 'training/walltime': np.float64(3.481), 'training/update_time': np.float64(0.229), 'training/pc_loss': 0.00039285933598876, 'training/mean_reward': 0.9041014313697815, 'training/mean_advantage_abs': 0.0078665716573596, 'diag/policy_grad_norm_max': 0.025892525911331177, 'diag/policy_grad_norm_mean': 0.021043570712208748}
{'eval/num_episodes': 200, 'eval/mean_score': np.float64(0.9065), 'eval/std_score': np.float64(0.0247), 'eval/mean_episode_length': np.float64(1.0), 'eval/eval_time': np.float64(0.001)}
{'training/total_steps': 9216, 'training/updates': 9, 'training/walltime': np.float64(3.649), 'training/update_time': np.float64(0.166), 'training/pc_loss': 0.0003249510482419282, 'training/mean_reward': 0.9037107825279236, 'training/mean_advantage_abs': 0.00714633334428072, 'diag/policy_grad_norm_max': 0.024058986455202103, 'diag/policy_grad_norm_mean': 0.01934030093252659}
{'eval/num_episodes': 200, 'eval/mean_score': np.float64(0.908), 'eval/std_score': np.float64(0.0271), 'eval/mean_episode_length': np.float64(1.0), 'eval/eval_time': np.float64(0.001)}
{'training/total_steps': 10240, 'training/updates': 10, 'training/walltime': np.float64(3.827), 'training/update_time': np.float64(0.176), 'training/pc_loss': 0.0003007616614922881, 'training/mean_reward': 0.9063475131988525, 'training/mean_advantage_abs': 0.011889355257153511, 'diag/policy_grad_norm_max': 0.04916960000991821, 'diag/policy_grad_norm_mean': 0.032554224133491516}
{'eval/num_episodes': 200, 'eval/mean_score': np.float64(0.9055), 'eval/std_score': np.float64(0.0228), 'eval/mean_episode_length': np.float64(1.0), 'eval/eval_time': np.float64(0.001)}
{'training/total_steps': 11264, 'training/updates': 11, 'training/walltime': np.float64(4.003), 'training/update_time': np.float64(0.174), 'training/pc_loss': 0.0002992443914990872, 'training/mean_reward': 0.9052733182907104, 'training/mean_advantage_abs': 0.00999060831964016, 'diag/policy_grad_norm_max': 0.03812795877456665, 'diag/policy_grad_norm_mean': 0.02770249731838703}
{'eval/num_episodes': 200, 'eval/mean_score': np.float64(0.9085), 'eval/std_score': np.float64(0.0279), 'eval/mean_episode_length': np.float64(1.0), 'eval/eval_time': np.float64(0.001)}
{'training/total_steps': 12288, 'training/updates': 12, 'training/walltime': np.float64(4.167), 'training/update_time': np.float64(0.163), 'training/pc_loss': 0.0006105640786699951, 'training/mean_reward': 0.9071288108825684, 'training/mean_advantage_abs': 0.013241326436400414, 'diag/policy_grad_norm_max': 0.04595978185534477, 'diag/policy_grad_norm_mean': 0.03715664893388748}
{'eval/num_episodes': 200, 'eval/mean_score': np.float64(0.907), 'eval/std_score': np.float64(0.0255), 'eval/mean_episode_length': np.float64(1.0), 'eval/eval_time': np.float64(0.001)}
{'training/total_steps': 13312, 'training/updates': 13, 'training/walltime': np.float64(4.328), 'training/update_time': np.float64(0.159), 'training/pc_loss': 0.00048418837832286954, 'training/mean_reward': 0.9087889194488525, 'training/mean_advantage_abs': 0.016033075749874115, 'diag/policy_grad_norm_max': 0.05532674863934517, 'diag/policy_grad_norm_mean': 0.04555788263678551}
{'eval/num_episodes': 200, 'eval/mean_score': np.float64(0.91), 'eval/std_score': np.float64(0.03), 'eval/mean_episode_length': np.float64(1.0), 'eval/eval_time': np.float64(0.001)}
{'training/total_steps': 14336, 'training/updates': 14, 'training/walltime': np.float64(4.493), 'training/update_time': np.float64(0.163), 'training/pc_loss': 0.0007569603621959686, 'training/mean_reward': 0.9128904938697815, 'training/mean_advantage_abs': 0.022457808256149292, 'diag/policy_grad_norm_max': 0.07813823968172073, 'diag/policy_grad_norm_mean': 0.06464555859565735}
{'eval/num_episodes': 200, 'eval/mean_score': np.float64(0.912), 'eval/std_score': np.float64(0.0325), 'eval/mean_episode_length': np.float64(1.0), 'eval/eval_time': np.float64(0.001)}
{'training/total_steps': 15360, 'training/updates': 15, 'training/walltime': np.float64(4.663), 'training/update_time': np.float64(0.169), 'training/pc_loss': 0.0007235428784042597, 'training/mean_reward': 0.9152342081069946, 'training/mean_advantage_abs': 0.02582693099975586, 'diag/policy_grad_norm_max': 0.08594690263271332, 'diag/policy_grad_norm_mean': 0.07535423338413239}
{'eval/num_episodes': 200, 'eval/mean_score': np.float64(0.918), 'eval/std_score': np.float64(0.0384), 'eval/mean_episode_length': np.float64(1.0), 'eval/eval_time': np.float64(0.001)}
{'training/total_steps': 16384, 'training/updates': 16, 'training/walltime': np.float64(4.819), 'training/update_time': np.float64(0.154), 'training/pc_loss': 0.0007468578405678272, 'training/mean_reward': 0.9180662631988525, 'training/mean_advantage_abs': 0.029604841023683548, 'diag/policy_grad_norm_max': 0.09424501657485962, 'diag/policy_grad_norm_mean': 0.08749818801879883}
{'eval/num_episodes': 200, 'eval/mean_score': np.float64(0.9285), 'eval/std_score': np.float64(0.0451), 'eval/mean_episode_length': np.float64(1.0), 'eval/eval_time': np.float64(0.001)}
{'training/total_steps': 17408, 'training/updates': 17, 'training/walltime': np.float64(4.994), 'training/update_time': np.float64(0.173), 'training/pc_loss': 0.0006999410106800497, 'training/mean_reward': 0.9233397245407104, 'training/mean_advantage_abs': 0.03578467667102814, 'diag/policy_grad_norm_max': 0.12348141521215439, 'diag/policy_grad_norm_mean': 0.10707595944404602}
{'eval/num_episodes': 200, 'eval/mean_score': np.float64(0.9245), 'eval/std_score': np.float64(0.043), 'eval/mean_episode_length': np.float64(1.0), 'eval/eval_time': np.float64(0.001)}
{'training/total_steps': 18432, 'training/updates': 18, 'training/walltime': np.float64(5.155), 'training/update_time': np.float64(0.16), 'training/pc_loss': 0.0005954009247943759, 'training/mean_reward': 0.9319334626197815, 'training/mean_advantage_abs': 0.04347206652164459, 'diag/policy_grad_norm_max': 0.1419065296649933, 'diag/policy_grad_norm_mean': 0.1316835582256317}
{'eval/num_episodes': 200, 'eval/mean_score': np.float64(0.9445), 'eval/std_score': np.float64(0.0497), 'eval/mean_episode_length': np.float64(1.0), 'eval/eval_time': np.float64(0.001)}
{'training/total_steps': 19456, 'training/updates': 19, 'training/walltime': np.float64(5.317), 'training/update_time': np.float64(0.16), 'training/pc_loss': 0.0005960162961855531, 'training/mean_reward': 0.9404296278953552, 'training/mean_advantage_abs': 0.04816818609833717, 'diag/policy_grad_norm_max': 0.1515272706747055, 'diag/policy_grad_norm_mean': 0.1475503146648407}
{'eval/num_episodes': 200, 'eval/mean_score': np.float64(0.9495), 'eval/std_score': np.float64(0.05), 'eval/mean_episode_length': np.float64(1.0), 'eval/eval_time': np.float64(0.001)}
{'training/total_steps': 20480, 'training/updates': 20, 'training/walltime': np.float64(5.478), 'training/update_time': np.float64(0.159), 'training/pc_loss': 0.0006419515702873468, 'training/mean_reward': 0.9497069120407104, 'training/mean_advantage_abs': 0.049998294562101364, 'diag/policy_grad_norm_max': 0.15583641827106476, 'diag/policy_grad_norm_mean': 0.15483202040195465}
{'eval/num_episodes': 200, 'eval/mean_score': np.float64(0.952), 'eval/std_score': np.float64(0.05), 'eval/mean_episode_length': np.float64(1.0), 'eval/eval_time': np.float64(0.001)}
{'training/total_steps': 21504, 'training/updates': 21, 'training/walltime': np.float64(5.638), 'training/update_time': np.float64(0.159), 'training/pc_loss': 0.0008029915043152869, 'training/mean_reward': 0.9586913585662842, 'training/mean_advantage_abs': 0.04848920553922653, 'diag/policy_grad_norm_max': 0.1597955822944641, 'diag/policy_grad_norm_mean': 0.1516634225845337}
{'eval/num_episodes': 200, 'eval/mean_score': np.float64(0.9655), 'eval/std_score': np.float64(0.0475), 'eval/mean_episode_length': np.float64(1.0), 'eval/eval_time': np.float64(0.002)}
{'training/total_steps': 22528, 'training/updates': 22, 'training/walltime': np.float64(5.814), 'training/update_time': np.float64(0.173), 'training/pc_loss': 0.000805156771093607, 'training/mean_reward': 0.9669921398162842, 'training/mean_advantage_abs': 0.044225335121154785, 'diag/policy_grad_norm_max': 0.1512567400932312, 'diag/policy_grad_norm_mean': 0.13948486745357513}
{'eval/num_episodes': 200, 'eval/mean_score': np.float64(0.972), 'eval/std_score': np.float64(0.0449), 'eval/mean_episode_length': np.float64(1.0), 'eval/eval_time': np.float64(0.001)}
{'training/total_steps': 23552, 'training/updates': 23, 'training/walltime': np.float64(5.983), 'training/update_time': np.float64(0.168), 'training/pc_loss': 0.0007876416202634573, 'training/mean_reward': 0.9739257097244263, 'training/mean_advantage_abs': 0.03855118155479431, 'diag/policy_grad_norm_max': 0.14783622324466705, 'diag/policy_grad_norm_mean': 0.12248407304286957}
{'eval/num_episodes': 200, 'eval/mean_score': np.float64(0.975), 'eval/std_score': np.float64(0.0433), 'eval/mean_episode_length': np.float64(1.0), 'eval/eval_time': np.float64(0.001)}
{'training/total_steps': 24576, 'training/updates': 24, 'training/walltime': np.float64(6.152), 'training/update_time': np.float64(0.167), 'training/pc_loss': 0.0007880298071540892, 'training/mean_reward': 0.9788085222244263, 'training/mean_advantage_abs': 0.03340134769678116, 'diag/policy_grad_norm_max': 0.11867005378007889, 'diag/policy_grad_norm_mean': 0.10681935399770737}
{'eval/num_episodes': 200, 'eval/mean_score': np.float64(0.9805), 'eval/std_score': np.float64(0.0396), 'eval/mean_episode_length': np.float64(1.0), 'eval/eval_time': np.float64(0.001)}
{'training/total_steps': 25600, 'training/updates': 25, 'training/walltime': np.float64(6.321), 'training/update_time': np.float64(0.167), 'training/pc_loss': 0.00080927147064358, 'training/mean_reward': 0.981738269329071, 'training/mean_advantage_abs': 0.029853641986846924, 'diag/policy_grad_norm_max': 0.11597122251987457, 'diag/policy_grad_norm_mean': 0.09597912430763245}
{'eval/num_episodes': 200, 'eval/mean_score': np.float64(0.9855), 'eval/std_score': np.float64(0.0352), 'eval/mean_episode_length': np.float64(1.0), 'eval/eval_time': np.float64(0.001)}
{'training/total_steps': 26624, 'training/updates': 26, 'training/walltime': np.float64(6.483), 'training/update_time': np.float64(0.16), 'training/pc_loss': 0.000984580023214221, 'training/mean_reward': 0.9849609136581421, 'training/mean_advantage_abs': 0.025554675608873367, 'diag/policy_grad_norm_max': 0.09603359550237656, 'diag/policy_grad_norm_mean': 0.0825599953532219}
{'eval/num_episodes': 200, 'eval/mean_score': np.float64(0.988), 'eval/std_score': np.float64(0.0325), 'eval/mean_episode_length': np.float64(1.0), 'eval/eval_time': np.float64(0.001)}
{'training/total_steps': 27648, 'training/updates': 27, 'training/walltime': np.float64(6.638), 'training/update_time': np.float64(0.153), 'training/pc_loss': 0.000838009174913168, 'training/mean_reward': 0.9884765148162842, 'training/mean_advantage_abs': 0.02039112150669098, 'diag/policy_grad_norm_max': 0.08681739121675491, 'diag/policy_grad_norm_mean': 0.0661342665553093}
{'eval/num_episodes': 200, 'eval/mean_score': np.float64(0.992), 'eval/std_score': np.float64(0.0271), 'eval/mean_episode_length': np.float64(1.0), 'eval/eval_time': np.float64(0.001)}
{'training/total_steps': 28672, 'training/updates': 28, 'training/walltime': np.float64(6.8), 'training/update_time': np.float64(0.16), 'training/pc_loss': 0.0006676568882539868, 'training/mean_reward': 0.9908202886581421, 'training/mean_advantage_abs': 0.016674064099788666, 'diag/policy_grad_norm_max': 0.06974058598279953, 'diag/policy_grad_norm_mean': 0.054262250661849976}
{'eval/num_episodes': 200, 'eval/mean_score': np.float64(0.9915), 'eval/std_score': np.float64(0.0279), 'eval/mean_episode_length': np.float64(1.0), 'eval/eval_time': np.float64(0.001)}
{'training/total_steps': 29696, 'training/updates': 29, 'training/walltime': np.float64(6.96), 'training/update_time': np.float64(0.159), 'training/pc_loss': 0.0005645434139296412, 'training/mean_reward': 0.990039050579071, 'training/mean_advantage_abs': 0.01793748140335083, 'diag/policy_grad_norm_max': 0.08017876744270325, 'diag/policy_grad_norm_mean': 0.058535270392894745}
{'eval/num_episodes': 200, 'eval/mean_score': np.float64(0.994), 'eval/std_score': np.float64(0.0237), 'eval/mean_episode_length': np.float64(1.0), 'eval/eval_time': np.float64(0.001)}
{'training/total_steps': 30720, 'training/updates': 30, 'training/walltime': np.float64(7.122), 'training/update_time': np.float64(0.16), 'training/pc_loss': 0.0007151650497689843, 'training/mean_reward': 0.991992175579071, 'training/mean_advantage_abs': 0.01473313570022583, 'diag/policy_grad_norm_max': 0.06446395814418793, 'diag/policy_grad_norm_mean': 0.04820802062749863}
{'eval/num_episodes': 200, 'eval/mean_score': np.float64(0.9945), 'eval/std_score': np.float64(0.0228), 'eval/mean_episode_length': np.float64(1.0), 'eval/eval_time': np.float64(0.001)}
{'training/total_steps': 31744, 'training/updates': 31, 'training/walltime': np.float64(7.285), 'training/update_time': np.float64(0.161), 'training/pc_loss': 0.00043898698640987277, 'training/mean_reward': 0.9922851324081421, 'training/mean_advantage_abs': 0.01423933357000351, 'diag/policy_grad_norm_max': 0.06275099515914917, 'diag/policy_grad_norm_mean': 0.04670768231153488}
{'eval/num_episodes': 200, 'eval/mean_score': np.float64(0.9925), 'eval/std_score': np.float64(0.0263), 'eval/mean_episode_length': np.float64(1.0), 'eval/eval_time': np.float64(0.001)}
{'training/total_steps': 32768, 'training/updates': 32, 'training/walltime': np.float64(7.437), 'training/update_time': np.float64(0.151), 'training/pc_loss': 0.0004885932430624962, 'training/mean_reward': 0.99365234375, 'training/mean_advantage_abs': 0.011889459565281868, 'diag/policy_grad_norm_max': 0.05204879119992256, 'diag/policy_grad_norm_mean': 0.03908999264240265}
{'eval/num_episodes': 200, 'eval/mean_score': np.float64(0.9945), 'eval/std_score': np.float64(0.0228), 'eval/mean_episode_length': np.float64(1.0), 'eval/eval_time': np.float64(0.001)}
{'training/total_steps': 33792, 'training/updates': 33, 'training/walltime': np.float64(7.592), 'training/update_time': np.float64(0.152), 'training/pc_loss': 0.00025710766203701496, 'training/mean_reward': 0.99560546875, 'training/mean_advantage_abs': 0.008402825333178043, 'diag/policy_grad_norm_max': 0.036389902234077454, 'diag/policy_grad_norm_mean': 0.027679359540343285}
{'eval/num_episodes': 200, 'eval/mean_score': np.float64(0.994), 'eval/std_score': np.float64(0.0237), 'eval/mean_episode_length': np.float64(1.0), 'eval/eval_time': np.float64(0.001)}
{'training/total_steps': 34816, 'training/updates': 34, 'training/walltime': np.float64(7.759), 'training/update_time': np.float64(0.166), 'training/pc_loss': 0.0005387304117903113, 'training/mean_reward': 0.9945312738418579, 'training/mean_advantage_abs': 0.010339335538446903, 'diag/policy_grad_norm_max': 0.054892681539058685, 'diag/policy_grad_norm_mean': 0.03411301597952843}
{'eval/num_episodes': 200, 'eval/mean_score': np.float64(0.995), 'eval/std_score': np.float64(0.0218), 'eval/mean_episode_length': np.float64(1.0), 'eval/eval_time': np.float64(0.002)}
{'training/total_steps': 35840, 'training/updates': 35, 'training/walltime': np.float64(7.926), 'training/update_time': np.float64(0.164), 'training/pc_loss': 0.0004205204313620925, 'training/mean_reward': 0.9951171875, 'training/mean_advantage_abs': 0.009288789704442024, 'diag/policy_grad_norm_max': 0.04353313893079758, 'diag/policy_grad_norm_mean': 0.030695440247654915}
{'eval/num_episodes': 200, 'eval/mean_score': np.float64(0.995), 'eval/std_score': np.float64(0.0218), 'eval/mean_episode_length': np.float64(1.0), 'eval/eval_time': np.float64(0.001)}
{'training/total_steps': 36864, 'training/updates': 36, 'training/walltime': np.float64(8.107), 'training/update_time': np.float64(0.18), 'training/pc_loss': 0.0004303708265069872, 'training/mean_reward': 0.995898425579071, 'training/mean_advantage_abs': 0.00786668062210083, 'diag/policy_grad_norm_max': 0.03668346628546715, 'diag/policy_grad_norm_mean': 0.0260374266654253}
{'eval/num_episodes': 200, 'eval/mean_score': np.float64(0.996), 'eval/std_score': np.float64(0.0196), 'eval/mean_episode_length': np.float64(1.0), 'eval/eval_time': np.float64(0.001)}
{'training/total_steps': 37888, 'training/updates': 37, 'training/walltime': np.float64(8.285), 'training/update_time': np.float64(0.176), 'training/pc_loss': 0.0001665451272856444, 'training/mean_reward': 0.995898425579071, 'training/mean_advantage_abs': 0.00786668062210083, 'diag/policy_grad_norm_max': 0.03683529049158096, 'diag/policy_grad_norm_mean': 0.026073653250932693}
{'eval/num_episodes': 200, 'eval/mean_score': np.float64(0.9985), 'eval/std_score': np.float64(0.0122), 'eval/mean_episode_length': np.float64(1.0), 'eval/eval_time': np.float64(0.001)}
{'training/total_steps': 38912, 'training/updates': 38, 'training/walltime': np.float64(8.458), 'training/update_time': np.float64(0.171), 'training/pc_loss': 0.0001032794825732708, 'training/mean_reward': 0.9972655773162842, 'training/mean_advantage_abs': 0.005319259595125914, 'diag/policy_grad_norm_max': 0.029768845066428185, 'diag/policy_grad_norm_mean': 0.01765378750860691}
{'eval/num_episodes': 200, 'eval/mean_score': np.float64(0.9975), 'eval/std_score': np.float64(0.0156), 'eval/mean_episode_length': np.float64(1.0), 'eval/eval_time': np.float64(0.001)}
{'training/total_steps': 39936, 'training/updates': 39, 'training/walltime': np.float64(8.623), 'training/update_time': np.float64(0.163), 'training/pc_loss': 0.00037202792009338737, 'training/mean_reward': 0.9961913824081421, 'training/mean_advantage_abs': 0.007327102590352297, 'diag/policy_grad_norm_max': 0.03217552974820137, 'diag/policy_grad_norm_mean': 0.024342762306332588}
{'eval/num_episodes': 200, 'eval/mean_score': np.float64(0.996), 'eval/std_score': np.float64(0.0196), 'eval/mean_episode_length': np.float64(1.0), 'eval/eval_time': np.float64(0.001)}
{'training/total_steps': 40960, 'training/updates': 40, 'training/walltime': np.float64(8.797), 'training/update_time': np.float64(0.172), 'training/pc_loss': 0.0002729169209487736, 'training/mean_reward': 0.9963867664337158, 'training/mean_advantage_abs': 0.0069654034450650215, 'diag/policy_grad_norm_max': 0.032267455011606216, 'diag/policy_grad_norm_mean': 0.023170186206698418}
{'eval/num_episodes': 200, 'eval/mean_score': np.float64(0.998), 'eval/std_score': np.float64(0.014), 'eval/mean_episode_length': np.float64(1.0), 'eval/eval_time': np.float64(0.001)}
{'training/total_steps': 41984, 'training/updates': 41, 'training/walltime': np.float64(8.959), 'training/update_time': np.float64(0.16), 'training/pc_loss': 0.00041196064557880163, 'training/mean_reward': 0.9964843988418579, 'training/mean_advantage_abs': 0.006784036289900541, 'diag/policy_grad_norm_max': 0.032313406467437744, 'diag/policy_grad_norm_mean': 0.022595252841711044}
{'eval/num_episodes': 200, 'eval/mean_score': np.float64(0.9975), 'eval/std_score': np.float64(0.0156), 'eval/mean_episode_length': np.float64(1.0), 'eval/eval_time': np.float64(0.001)}
{'training/total_steps': 43008, 'training/updates': 42, 'training/walltime': np.float64(9.16), 'training/update_time': np.float64(0.199), 'training/pc_loss': 0.00037990958662703633, 'training/mean_reward': 0.99658203125, 'training/mean_advantage_abs': 0.006602288223803043, 'diag/policy_grad_norm_max': 0.029965508729219437, 'diag/policy_grad_norm_mean': 0.022017477080225945}
{'eval/num_episodes': 200, 'eval/mean_score': np.float64(0.9975), 'eval/std_score': np.float64(0.0156), 'eval/mean_episode_length': np.float64(1.0), 'eval/eval_time': np.float64(0.001)}
{'training/total_steps': 44032, 'training/updates': 43, 'training/walltime': np.float64(9.322), 'training/update_time': np.float64(0.16), 'training/pc_loss': 0.0001408663229085505, 'training/mean_reward': 0.997363269329071, 'training/mean_advantage_abs': 0.005134403705596924, 'diag/policy_grad_norm_max': 0.027629271149635315, 'diag/policy_grad_norm_mean': 0.017141656950116158}
{'eval/num_episodes': 200, 'eval/mean_score': np.float64(0.9975), 'eval/std_score': np.float64(0.0156), 'eval/mean_episode_length': np.float64(1.0), 'eval/eval_time': np.float64(0.002)}
{'training/total_steps': 45056, 'training/updates': 44, 'training/walltime': np.float64(9.485), 'training/update_time': np.float64(0.162), 'training/pc_loss': 0.0001752120442688465, 'training/mean_reward': 0.9969726800918579, 'training/mean_advantage_abs': 0.005871369503438473, 'diag/policy_grad_norm_max': 0.03256543353199959, 'diag/policy_grad_norm_mean': 0.019622160121798515}
{'eval/num_episodes': 200, 'eval/mean_score': np.float64(0.998), 'eval/std_score': np.float64(0.014), 'eval/mean_episode_length': np.float64(1.0), 'eval/eval_time': np.float64(0.001)}
{'training/total_steps': 46080, 'training/updates': 45, 'training/walltime': np.float64(9.641), 'training/update_time': np.float64(0.154), 'training/pc_loss': 0.0002523655421100557, 'training/mean_reward': 0.998242199420929, 'training/mean_advantage_abs': 0.003453815821558237, 'diag/policy_grad_norm_max': 0.01783747598528862, 'diag/policy_grad_norm_mean': 0.011554534547030926}
{'eval/num_episodes': 200, 'eval/mean_score': np.float64(0.9985), 'eval/std_score': np.float64(0.0122), 'eval/mean_episode_length': np.float64(1.0), 'eval/eval_time': np.float64(0.001)}
{'training/total_steps': 47104, 'training/updates': 46, 'training/walltime': np.float64(9.819), 'training/update_time': np.float64(0.176), 'training/pc_loss': 0.00017850376025307924, 'training/mean_reward': 0.9976562261581421, 'training/mean_advantage_abs': 0.004577660001814365, 'diag/policy_grad_norm_max': 0.025301804766058922, 'diag/policy_grad_norm_mean': 0.015324779786169529}
{'eval/num_episodes': 200, 'eval/mean_score': np.float64(0.998), 'eval/std_score': np.float64(0.014), 'eval/mean_episode_length': np.float64(1.0), 'eval/eval_time': np.float64(0.001)}
{'training/total_steps': 48128, 'training/updates': 47, 'training/walltime': np.float64(9.981), 'training/update_time': np.float64(0.16), 'training/pc_loss': 0.00024850660702213645, 'training/mean_reward': 0.997265636920929, 'training/mean_advantage_abs': 0.005319203250110149, 'diag/policy_grad_norm_max': 0.027806011959910393, 'diag/policy_grad_norm_mean': 0.017824849113821983}
{'eval/num_episodes': 200, 'eval/mean_score': np.float64(0.9975), 'eval/std_score': np.float64(0.0156), 'eval/mean_episode_length': np.float64(1.0), 'eval/eval_time': np.float64(0.002)}
{'training/total_steps': 49152, 'training/updates': 48, 'training/walltime': np.float64(10.161), 'training/update_time': np.float64(0.178), 'training/pc_loss': 0.00045901292469352484, 'training/mean_reward': 0.996874988079071, 'training/mean_advantage_abs': 0.006054699420928955, 'diag/policy_grad_norm_max': 0.03524482995271683, 'diag/policy_grad_norm_mean': 0.02030961774289608}
{'eval/num_episodes': 200, 'eval/mean_score': np.float64(0.9985), 'eval/std_score': np.float64(0.0122), 'eval/mean_episode_length': np.float64(1.0), 'eval/eval_time': np.float64(0.001)}
{'training/total_steps': 50176, 'training/updates': 49, 'training/walltime': np.float64(10.343), 'training/update_time': np.float64(0.18), 'training/pc_loss': 0.0002899773244280368, 'training/mean_reward': 0.998046875, 'training/mean_advantage_abs': 0.0038299565203487873, 'diag/policy_grad_norm_max': 0.02044844813644886, 'diag/policy_grad_norm_mean': 0.01286223717033863}
{'eval/num_episodes': 200, 'eval/mean_score': np.float64(0.9965), 'eval/std_score': np.float64(0.0184), 'eval/mean_episode_length': np.float64(1.0), 'eval/eval_time': np.float64(0.001)}
{'training/total_steps': 51200, 'training/updates': 50, 'training/walltime': np.float64(10.508), 'training/update_time': np.float64(0.163), 'training/pc_loss': 0.0001104271796066314, 'training/mean_reward': 0.998730480670929, 'training/mean_advantage_abs': 0.002506816992536187, 'diag/policy_grad_norm_max': 0.015422547236084938, 'diag/policy_grad_norm_mean': 0.008423877879977226}
{'eval/num_episodes': 200, 'eval/mean_score': np.float64(0.999), 'eval/std_score': np.float64(0.0099), 'eval/mean_episode_length': np.float64(1.0), 'eval/eval_time': np.float64(0.001)}
{'training/total_steps': 52224, 'training/updates': 51, 'training/walltime': np.float64(10.679), 'training/update_time': np.float64(0.17), 'training/pc_loss': 0.00014682990149594843, 'training/mean_reward': 0.99853515625, 'training/mean_advantage_abs': 0.002886772621423006, 'diag/policy_grad_norm_max': 0.017984889447689056, 'diag/policy_grad_norm_mean': 0.009709587320685387}
{'eval/num_episodes': 200, 'eval/mean_score': np.float64(0.9985), 'eval/std_score': np.float64(0.0122), 'eval/mean_episode_length': np.float64(1.0), 'eval/eval_time': np.float64(0.002)}
{'training/total_steps': 53248, 'training/updates': 52, 'training/walltime': np.float64(10.878), 'training/update_time': np.float64(0.196), 'training/pc_loss': 0.0001461546926293522, 'training/mean_reward': 0.998242199420929, 'training/mean_advantage_abs': 0.003453815821558237, 'diag/policy_grad_norm_max': 0.020507249981164932, 'diag/policy_grad_norm_mean': 0.011622289195656776}
{'eval/num_episodes': 200, 'eval/mean_score': np.float64(0.9985), 'eval/std_score': np.float64(0.0122), 'eval/mean_episode_length': np.float64(1.0), 'eval/eval_time': np.float64(0.001)}
{'training/total_steps': 54272, 'training/updates': 53, 'training/walltime': np.float64(11.048), 'training/update_time': np.float64(0.169), 'training/pc_loss': 0.0001843758363975212, 'training/mean_reward': 0.9986327886581421, 'training/mean_advantage_abs': 0.002697014482691884, 'diag/policy_grad_norm_max': 0.01802678219974041, 'diag/policy_grad_norm_mean': 0.009081585332751274}
{'eval/num_episodes': 200, 'eval/mean_score': np.float64(0.997), 'eval/std_score': np.float64(0.0171), 'eval/mean_episode_length': np.float64(1.0), 'eval/eval_time': np.float64(0.001)}
{'training/total_steps': 55296, 'training/updates': 54, 'training/walltime': np.float64(11.202), 'training/update_time': np.float64(0.153), 'training/pc_loss': 7.411956175928935e-05, 'training/mean_reward': 0.9988281726837158, 'training/mean_advantage_abs': 0.0023162378929555416, 'diag/policy_grad_norm_max': 0.012930306605994701, 'diag/policy_grad_norm_mean': 0.007803304586559534}
{'eval/num_episodes': 200, 'eval/mean_score': np.float64(0.9985), 'eval/std_score': np.float64(0.0122), 'eval/mean_episode_length': np.float64(1.0), 'eval/eval_time': np.float64(0.001)}
{'training/total_steps': 56320, 'training/updates': 55, 'training/walltime': np.float64(11.363), 'training/update_time': np.float64(0.159), 'training/pc_loss': 0.0002174098917748779, 'training/mean_reward': 0.9976562857627869, 'training/mean_advantage_abs': 0.004577603191137314, 'diag/policy_grad_norm_max': 0.025572488084435463, 'diag/policy_grad_norm_mean': 0.015433412045240402}
{'eval/num_episodes': 200, 'eval/mean_score': np.float64(0.998), 'eval/std_score': np.float64(0.014), 'eval/mean_episode_length': np.float64(1.0), 'eval/eval_time': np.float64(0.001)}
{'training/total_steps': 57344, 'training/updates': 56, 'training/walltime': np.float64(11.527), 'training/update_time': np.float64(0.162), 'training/pc_loss': 7.546932465629652e-05, 'training/mean_reward': 0.9996093511581421, 'training/mean_advantage_abs': 0.0007782219909131527, 'diag/policy_grad_norm_max': 0.005217099562287331, 'diag/policy_grad_norm_mean': 0.002625336404889822}
{'eval/num_episodes': 200, 'eval/mean_score': np.float64(0.9985), 'eval/std_score': np.float64(0.0122), 'eval/mean_episode_length': np.float64(1.0), 'eval/eval_time': np.float64(0.001)}
{'training/total_steps': 58368, 'training/updates': 57, 'training/walltime': np.float64(11.685), 'training/update_time': np.float64(0.156), 'training/pc_loss': 0.00018513324903324246, 'training/mean_reward': 0.9986327886581421, 'training/mean_advantage_abs': 0.002697014482691884, 'diag/policy_grad_norm_max': 0.01807936280965805, 'diag/policy_grad_norm_mean': 0.009101771749556065}
{'eval/num_episodes': 200, 'eval/mean_score': np.float64(0.9995), 'eval/std_score': np.float64(0.0071), 'eval/mean_episode_length': np.float64(1.0), 'eval/eval_time': np.float64(0.001)}
{'training/total_steps': 59392, 'training/updates': 58, 'training/walltime': np.float64(11.845), 'training/update_time': np.float64(0.158), 'training/pc_loss': 0.00011183615424670279, 'training/mean_reward': 0.9989258050918579, 'training/mean_advantage_abs': 0.002125335391610861, 'diag/policy_grad_norm_max': 0.012975282035768032, 'diag/policy_grad_norm_mean': 0.007176687009632587}
{'eval/num_episodes': 200, 'eval/mean_score': np.float64(0.9995), 'eval/std_score': np.float64(0.0071), 'eval/mean_episode_length': np.float64(1.0), 'eval/eval_time': np.float64(0.001)}
{'training/total_steps': 60416, 'training/updates': 59, 'training/walltime': np.float64(12.011), 'training/update_time': np.float64(0.165), 'training/pc_loss': 0.0002229769597761333, 'training/mean_reward': 0.998730480670929, 'training/mean_advantage_abs': 0.002506816992536187, 'diag/policy_grad_norm_max': 0.01554962433874607, 'diag/policy_grad_norm_mean': 0.008469361811876297}
{'eval/num_episodes': 200, 'eval/mean_score': np.float64(0.999), 'eval/std_score': np.float64(0.0099), 'eval/mean_episode_length': np.float64(1.0), 'eval/eval_time': np.float64(0.001)}
TRAINING END: training duration: 12.012760400772095
