[run_train] algorithm=pc_reinforce env=bandit num_envs=8 total_steps=60000 seed=5 use_cnn=None
|param: value|
|experiment_name:  pc_reinforce|
|seed:  5|
|write_logs_to_file:  False|
|save_model:  False|
|env_name:  bandit|
|num_envs:  8|
|num_train_levels:  200|
|distribution_mode:  easy|
|arm_means:  [1.0, 0.9]|
|deterministic_rewards:  True|
|episode_length:  1000|
|eval_env:  True|
|num_eval_episodes:  200|
|eval_every:  1|
|total_timesteps:  60000|
|unroll_length:  128|
|gamma:  0.99|
|learning_rate:  0.00025|
|target_scale:  1.0|
|pc_steps_per_update:  1|
|update_epochs:  4|
|num_minibatches:  4|
|normalize_advantages:  False|
|max_t1:  20|
|inference_rate_correction:  True|
|normalize_rewards:  False|
|exp_std:  True|
|state_indep_std:  False|
|optimizer:  adam|
|max_grad_norm:  0.5|
|natural_target:  False|
|target_clip:  None|
|target_clip_rel:  False|
|log_std_min:  None|
|width:  32|
|depth:  2|
|act_fn:  relu|
|policy_init_logit_bias:  [0.0, 4.0]|
|checkpoint_dir:  /home/user/Policy_Gradient_Predictive_Coding/outputs/checkpoints|
INFO:2026-08-02 20:05:55,890:jax._src.xla_bridge:927: Unable to initialize backend 'rocm': module 'jaxlib.xla_extension' has no attribute 'GpuAllocatorConfig'
Unable to initialize backend 'rocm': module 'jaxlib.xla_extension' has no attribute 'GpuAllocatorConfig'
INFO:2026-08-02 20:05:55,891:jax._src.xla_bridge:927: Unable to initialize backend 'tpu': INTERNAL: Failed to open libtpu.so: libtpu.so: cannot open shared object file: No such file or directory
Unable to initialize backend 'tpu': INTERNAL: Failed to open libtpu.so: libtpu.so: cannot open shared object file: No such file or directory
{'training/total_steps': 1024, 'training/updates': 1, 'training/walltime': np.float64(1.879), 'training/update_time': np.float64(1.879), 'training/pc_loss': 3.8598878745688125e-05, 'training/mean_reward': 0.9010740518569946, 'training/mean_advantage_abs': 0.002125218976289034, 'diag/policy_grad_norm_max': 0.00915677659213543, 'diag/policy_grad_norm_mean': 0.005112144164741039}
{'eval/num_episodes': 200, 'eval/mean_score': np.float64(0.9035), 'eval/std_score': np.float64(0.0184), 'eval/mean_episode_length': np.float64(1.0), 'eval/eval_time': np.float64(0.168)}
{'training/total_steps': 2048, 'training/updates': 2, 'training/walltime': np.float64(2.258), 'training/update_time': np.float64(0.197), 'training/pc_loss': 0.00022074521984905005, 'training/mean_reward': 0.9023435711860657, 'training/mean_advantage_abs': 0.004577489569783211, 'diag/policy_grad_norm_max': 0.018010903149843216, 'diag/policy_grad_norm_mean': 0.010896685533225536}
{'eval/num_episodes': 200, 'eval/mean_score': np.float64(0.901), 'eval/std_score': np.float64(0.0099), 'eval/mean_episode_length': np.float64(1.0), 'eval/eval_time': np.float64(0.002)}
{'training/total_steps': 3072, 'training/updates': 3, 'training/walltime': np.float64(2.45), 'training/update_time': np.float64(0.19), 'training/pc_loss': 0.00028118910267949104, 'training/mean_reward': 0.9030271768569946, 'training/mean_advantage_abs': 0.005871257744729519, 'diag/policy_grad_norm_max': 0.01962534710764885, 'diag/policy_grad_norm_mean': 0.013878834433853626}
{'eval/num_episodes': 200, 'eval/mean_score': np.float64(0.9015), 'eval/std_score': np.float64(0.0122), 'eval/mean_episode_length': np.float64(1.0), 'eval/eval_time': np.float64(0.002)}
{'training/total_steps': 4096, 'training/updates': 4, 'training/walltime': np.float64(2.636), 'training/update_time': np.float64(0.184), 'training/pc_loss': 0.0004212232306599617, 'training/mean_reward': 0.9028319120407104, 'training/mean_advantage_abs': 0.005503565073013306, 'diag/policy_grad_norm_max': 0.0229201540350914, 'diag/policy_grad_norm_mean': 0.012934964150190353}
{'eval/num_episodes': 200, 'eval/mean_score': np.float64(0.902), 'eval/std_score': np.float64(0.014), 'eval/mean_episode_length': np.float64(1.0), 'eval/eval_time': np.float64(0.001)}
{'training/total_steps': 5120, 'training/updates': 5, 'training/walltime': np.float64(2.816), 'training/update_time': np.float64(0.178), 'training/pc_loss': 0.0002475375949870795, 'training/mean_reward': 0.9024412631988525, 'training/mean_advantage_abs': 0.00476349052041769, 'diag/policy_grad_norm_max': 0.01939765177667141, 'diag/policy_grad_norm_mean': 0.011157953180372715}
{'eval/num_episodes': 200, 'eval/mean_score': np.float64(0.9035), 'eval/std_score': np.float64(0.0184), 'eval/mean_episode_length': np.float64(1.0), 'eval/eval_time': np.float64(0.001)}
{'training/total_steps': 6144, 'training/updates': 6, 'training/walltime': np.float64(3.011), 'training/update_time': np.float64(0.193), 'training/pc_loss': 0.00033786430140025914, 'training/mean_reward': 0.9038084745407104, 'training/mean_advantage_abs': 0.007326992228627205, 'diag/policy_grad_norm_max': 0.027574649080634117, 'diag/policy_grad_norm_mean': 0.017103740945458412}
{'eval/num_episodes': 200, 'eval/mean_score': np.float64(0.9015), 'eval/std_score': np.float64(0.0122), 'eval/mean_episode_length': np.float64(1.0), 'eval/eval_time': np.float64(0.001)}
{'training/total_steps': 7168, 'training/updates': 7, 'training/walltime': np.float64(3.199), 'training/update_time': np.float64(0.186), 'training/pc_loss': 0.0002702827041503042, 'training/mean_reward': 0.9032225012779236, 'training/mean_advantage_abs': 0.006237480323761702, 'diag/policy_grad_norm_max': 0.019127752631902695, 'diag/policy_grad_norm_mean': 0.014460701495409012}
{'eval/num_episodes': 200, 'eval/mean_score': np.float64(0.904), 'eval/std_score': np.float64(0.0196), 'eval/mean_episode_length': np.float64(1.0), 'eval/eval_time': np.float64(0.001)}
{'training/total_steps': 8192, 'training/updates': 8, 'training/walltime': np.float64(3.389), 'training/update_time': np.float64(0.188), 'training/pc_loss': 0.0004897949984297156, 'training/mean_reward': 0.9037108421325684, 'training/mean_advantage_abs': 0.007146388757973909, 'diag/policy_grad_norm_max': 0.025695187970995903, 'diag/policy_grad_norm_mean': 0.01651032269001007}
{'eval/num_episodes': 200, 'eval/mean_score': np.float64(0.905), 'eval/std_score': np.float64(0.0218), 'eval/mean_episode_length': np.float64(1.0), 'eval/eval_time': np.float64(0.002)}
{'training/total_steps': 9216, 'training/updates': 9, 'training/walltime': np.float64(3.578), 'training/update_time': np.float64(0.187), 'training/pc_loss': 0.0003817326796706766, 'training/mean_reward': 0.9041014313697815, 'training/mean_advantage_abs': 0.0078665716573596, 'diag/policy_grad_norm_max': 0.024043701589107513, 'diag/policy_grad_norm_mean': 0.01823306456208229}
{'eval/num_episodes': 200, 'eval/mean_score': np.float64(0.906), 'eval/std_score': np.float64(0.0237), 'eval/mean_episode_length': np.float64(1.0), 'eval/eval_time': np.float64(0.001)}
{'training/total_steps': 10240, 'training/updates': 10, 'training/walltime': np.float64(3.771), 'training/update_time': np.float64(0.191), 'training/pc_loss': 0.0004649456823244691, 'training/mean_reward': 0.9042967557907104, 'training/mean_advantage_abs': 0.008224401623010635, 'diag/policy_grad_norm_max': 0.02591848000884056, 'diag/policy_grad_norm_mean': 0.01920306123793125}
{'eval/num_episodes': 200, 'eval/mean_score': np.float64(0.906), 'eval/std_score': np.float64(0.0237), 'eval/mean_episode_length': np.float64(1.0), 'eval/eval_time': np.float64(0.001)}
{'training/total_steps': 11264, 'training/updates': 11, 'training/walltime': np.float64(3.971), 'training/update_time': np.float64(0.198), 'training/pc_loss': 0.00047456150059588253, 'training/mean_reward': 0.9049803018569946, 'training/mean_advantage_abs': 0.009464709088206291, 'diag/policy_grad_norm_max': 0.032493289560079575, 'diag/policy_grad_norm_mean': 0.022265953943133354}
{'eval/num_episodes': 200, 'eval/mean_score': np.float64(0.9075), 'eval/std_score': np.float64(0.0263), 'eval/mean_episode_length': np.float64(1.0), 'eval/eval_time': np.float64(0.001)}
{'training/total_steps': 12288, 'training/updates': 12, 'training/walltime': np.float64(4.174), 'training/update_time': np.float64(0.202), 'training/pc_loss': 0.00048468325985595584, 'training/mean_reward': 0.9053709506988525, 'training/mean_advantage_abs': 0.010165110230445862, 'diag/policy_grad_norm_max': 0.03698938339948654, 'diag/policy_grad_norm_mean': 0.024014735594391823}
{'eval/num_episodes': 200, 'eval/mean_score': np.float64(0.9075), 'eval/std_score': np.float64(0.0263), 'eval/mean_episode_length': np.float64(1.0), 'eval/eval_time': np.float64(0.002)}
{'training/total_steps': 13312, 'training/updates': 13, 'training/walltime': np.float64(4.397), 'training/update_time': np.float64(0.221), 'training/pc_loss': 0.00046856541302986443, 'training/mean_reward': 0.9072264432907104, 'training/mean_advantage_abs': 0.013408580794930458, 'diag/policy_grad_norm_max': 0.043144892901182175, 'diag/policy_grad_norm_mean': 0.03145860880613327}
{'eval/num_episodes': 200, 'eval/mean_score': np.float64(0.9075), 'eval/std_score': np.float64(0.0263), 'eval/mean_episode_length': np.float64(1.0), 'eval/eval_time': np.float64(0.002)}
{'training/total_steps': 14336, 'training/updates': 14, 'training/walltime': np.float64(4.6), 'training/update_time': np.float64(0.201), 'training/pc_loss': 0.0003250081790611148, 'training/mean_reward': 0.9069334268569946, 'training/mean_advantage_abs': 0.012905571609735489, 'diag/policy_grad_norm_max': 0.038443583995103836, 'diag/policy_grad_norm_mean': 0.030286643654108047}
{'eval/num_episodes': 200, 'eval/mean_score': np.float64(0.91), 'eval/std_score': np.float64(0.03), 'eval/mean_episode_length': np.float64(1.0), 'eval/eval_time': np.float64(0.001)}
{'training/total_steps': 15360, 'training/updates': 15, 'training/walltime': np.float64(4.786), 'training/update_time': np.float64(0.184), 'training/pc_loss': 0.0006122722988948226, 'training/mean_reward': 0.9098631143569946, 'training/mean_advantage_abs': 0.017780764028429985, 'diag/policy_grad_norm_max': 0.048624247312545776, 'diag/policy_grad_norm_mean': 0.04197811335325241}
{'eval/num_episodes': 200, 'eval/mean_score': np.float64(0.909), 'eval/std_score': np.float64(0.0286), 'eval/mean_episode_length': np.float64(1.0), 'eval/eval_time': np.float64(0.001)}
{'training/total_steps': 16384, 'training/updates': 16, 'training/walltime': np.float64(4.99), 'training/update_time': np.float64(0.202), 'training/pc_loss': 0.000562037923373282, 'training/mean_reward': 0.9099607467651367, 'training/mean_advantage_abs': 0.01793733797967434, 'diag/policy_grad_norm_max': 0.053134191781282425, 'diag/policy_grad_norm_mean': 0.0416533499956131}
{'eval/num_episodes': 200, 'eval/mean_score': np.float64(0.912), 'eval/std_score': np.float64(0.0325), 'eval/mean_episode_length': np.float64(1.0), 'eval/eval_time': np.float64(0.002)}
{'training/total_steps': 17408, 'training/updates': 17, 'training/walltime': np.float64(5.221), 'training/update_time': np.float64(0.229), 'training/pc_loss': 0.0005922284326516092, 'training/mean_reward': 0.9137693643569946, 'training/mean_advantage_abs': 0.02374696359038353, 'diag/policy_grad_norm_max': 0.06247281655669212, 'diag/policy_grad_norm_mean': 0.055037446320056915}
{'eval/num_episodes': 200, 'eval/mean_score': np.float64(0.9205), 'eval/std_score': np.float64(0.0404), 'eval/mean_episode_length': np.float64(1.0), 'eval/eval_time': np.float64(0.001)}
{'training/total_steps': 18432, 'training/updates': 18, 'training/walltime': np.float64(5.418), 'training/update_time': np.float64(0.196), 'training/pc_loss': 0.0005982739385217428, 'training/mean_reward': 0.9168944358825684, 'training/mean_advantage_abs': 0.028080515563488007, 'diag/policy_grad_norm_max': 0.07641765475273132, 'diag/policy_grad_norm_mean': 0.06369026750326157}
{'eval/num_episodes': 200, 'eval/mean_score': np.float64(0.918), 'eval/std_score': np.float64(0.0384), 'eval/mean_episode_length': np.float64(1.0), 'eval/eval_time': np.float64(0.001)}
{'training/total_steps': 19456, 'training/updates': 19, 'training/walltime': np.float64(5.628), 'training/update_time': np.float64(0.208), 'training/pc_loss': 0.0006172461435198784, 'training/mean_reward': 0.9188475012779236, 'training/mean_advantage_abs': 0.03059055283665657, 'diag/policy_grad_norm_max': 0.07656751573085785, 'diag/policy_grad_norm_mean': 0.06918426603078842}
{'eval/num_episodes': 200, 'eval/mean_score': np.float64(0.927), 'eval/std_score': np.float64(0.0444), 'eval/mean_episode_length': np.float64(1.0), 'eval/eval_time': np.float64(0.001)}
{'training/total_steps': 20480, 'training/updates': 20, 'training/walltime': np.float64(5.821), 'training/update_time': np.float64(0.191), 'training/pc_loss': 0.000430879183113575, 'training/mean_reward': 0.9242186546325684, 'training/mean_advantage_abs': 0.03670651093125343, 'diag/policy_grad_norm_max': 0.09093445539474487, 'diag/policy_grad_norm_mean': 0.08120075613260269}
{'eval/num_episodes': 200, 'eval/mean_score': np.float64(0.9315), 'eval/std_score': np.float64(0.0465), 'eval/mean_episode_length': np.float64(1.0), 'eval/eval_time': np.float64(0.001)}
{'training/total_steps': 21504, 'training/updates': 21, 'training/walltime': np.float64(6.032), 'training/update_time': np.float64(0.21), 'training/pc_loss': 0.0004440275370143354, 'training/mean_reward': 0.9314452409744263, 'training/mean_advantage_abs': 0.04311446100473404, 'diag/policy_grad_norm_max': 0.10308163613080978, 'diag/policy_grad_norm_mean': 0.09553633630275726}
{'eval/num_episodes': 200, 'eval/mean_score': np.float64(0.9365), 'eval/std_score': np.float64(0.0481), 'eval/mean_episode_length': np.float64(1.0), 'eval/eval_time': np.float64(0.001)}
{'training/total_steps': 22528, 'training/updates': 22, 'training/walltime': np.float64(6.234), 'training/update_time': np.float64(0.2), 'training/pc_loss': 0.00043476035352796316, 'training/mean_reward': 0.9414061307907104, 'training/mean_advantage_abs': 0.0485229417681694, 'diag/policy_grad_norm_max': 0.10931923985481262, 'diag/policy_grad_norm_mean': 0.10475515574216843}
{'eval/num_episodes': 200, 'eval/mean_score': np.float64(0.9435), 'eval/std_score': np.float64(0.0496), 'eval/mean_episode_length': np.float64(1.0), 'eval/eval_time': np.float64(0.001)}
{'training/total_steps': 23552, 'training/updates': 23, 'training/walltime': np.float64(6.449), 'training/update_time': np.float64(0.213), 'training/pc_loss': 0.00039607484359294176, 'training/mean_reward': 0.9450194239616394, 'training/mean_advantage_abs': 0.04950390011072159, 'diag/policy_grad_norm_max': 0.11010774224996567, 'diag/policy_grad_norm_mean': 0.10652483999729156}
{'eval/num_episodes': 200, 'eval/mean_score': np.float64(0.9525), 'eval/std_score': np.float64(0.0499), 'eval/mean_episode_length': np.float64(1.0), 'eval/eval_time': np.float64(0.001)}
{'training/total_steps': 24576, 'training/updates': 24, 'training/walltime': np.float64(6.656), 'training/update_time': np.float64(0.205), 'training/pc_loss': 0.000439164403360337, 'training/mean_reward': 0.9562498927116394, 'training/mean_advantage_abs': 0.04921877384185791, 'diag/policy_grad_norm_max': 0.10657236725091934, 'diag/policy_grad_norm_mean': 0.10235938429832458}
{'eval/num_episodes': 200, 'eval/mean_score': np.float64(0.9565), 'eval/std_score': np.float64(0.0496), 'eval/mean_episode_length': np.float64(1.0), 'eval/eval_time': np.float64(0.001)}
{'training/total_steps': 25600, 'training/updates': 25, 'training/walltime': np.float64(6.884), 'training/update_time': np.float64(0.226), 'training/pc_loss': 0.00044516660273075104, 'training/mean_reward': 0.9614257216453552, 'training/mean_advantage_abs': 0.04738905280828476, 'diag/policy_grad_norm_max': 0.10092728585004807, 'diag/policy_grad_norm_mean': 0.09544999152421951}
{'eval/num_episodes': 200, 'eval/mean_score': np.float64(0.9715), 'eval/std_score': np.float64(0.0451), 'eval/mean_episode_length': np.float64(1.0), 'eval/eval_time': np.float64(0.001)}
{'training/total_steps': 26624, 'training/updates': 26, 'training/walltime': np.float64(7.144), 'training/update_time': np.float64(0.259), 'training/pc_loss': 0.0004495001630857587, 'training/mean_reward': 0.9682615995407104, 'training/mean_advantage_abs': 0.04333024471998215, 'diag/policy_grad_norm_max': 0.0937279760837555, 'diag/policy_grad_norm_mean': 0.08715357631444931}
{'eval/num_episodes': 200, 'eval/mean_score': np.float64(0.9725), 'eval/std_score': np.float64(0.0447), 'eval/mean_episode_length': np.float64(1.0), 'eval/eval_time': np.float64(0.002)}
{'training/total_steps': 27648, 'training/updates': 27, 'training/walltime': np.float64(7.364), 'training/update_time': np.float64(0.218), 'training/pc_loss': 0.0005470060277730227, 'training/mean_reward': 0.9743163585662842, 'training/mean_advantage_abs': 0.038174279034137726, 'diag/policy_grad_norm_max': 0.08280357718467712, 'diag/policy_grad_norm_mean': 0.07464722543954849}
{'eval/num_episodes': 200, 'eval/mean_score': np.float64(0.9765), 'eval/std_score': np.float64(0.0424), 'eval/mean_episode_length': np.float64(1.0), 'eval/eval_time': np.float64(0.001)}
{'training/total_steps': 28672, 'training/updates': 28, 'training/walltime': np.float64(7.583), 'training/update_time': np.float64(0.217), 'training/pc_loss': 0.0004953490570187569, 'training/mean_reward': 0.9764648079872131, 'training/mean_advantage_abs': 0.03599226474761963, 'diag/policy_grad_norm_max': 0.08240889012813568, 'diag/policy_grad_norm_mean': 0.07129529863595963}
{'eval/num_episodes': 200, 'eval/mean_score': np.float64(0.9825), 'eval/std_score': np.float64(0.038), 'eval/mean_episode_length': np.float64(1.0), 'eval/eval_time': np.float64(0.002)}
{'training/total_steps': 29696, 'training/updates': 29, 'training/walltime': np.float64(7.818), 'training/update_time': np.float64(0.233), 'training/pc_loss': 0.0004435975570231676, 'training/mean_reward': 0.9818359017372131, 'training/mean_advantage_abs': 0.029729489237070084, 'diag/policy_grad_norm_max': 0.06670729070901871, 'diag/policy_grad_norm_mean': 0.05702337995171547}
{'eval/num_episodes': 200, 'eval/mean_score': np.float64(0.983), 'eval/std_score': np.float64(0.0376), 'eval/mean_episode_length': np.float64(1.0), 'eval/eval_time': np.float64(0.001)}
{'training/total_steps': 30720, 'training/updates': 30, 'training/walltime': np.float64(8.042), 'training/update_time': np.float64(0.222), 'training/pc_loss': 0.0004908854025416076, 'training/mean_reward': 0.9834960699081421, 'training/mean_advantage_abs': 0.02756025455892086, 'diag/policy_grad_norm_max': 0.06134971231222153, 'diag/policy_grad_norm_mean': 0.054299164563417435}
{'eval/num_episodes': 200, 'eval/mean_score': np.float64(0.989), 'eval/std_score': np.float64(0.0313), 'eval/mean_episode_length': np.float64(1.0), 'eval/eval_time': np.float64(0.001)}
{'training/total_steps': 31744, 'training/updates': 31, 'training/walltime': np.float64(8.259), 'training/update_time': np.float64(0.215), 'training/pc_loss': 0.00037231805617921054, 'training/mean_reward': 0.9851561784744263, 'training/mean_advantage_abs': 0.025280814617872238, 'diag/policy_grad_norm_max': 0.05582239106297493, 'diag/policy_grad_norm_mean': 0.049617208540439606}
{'eval/num_episodes': 200, 'eval/mean_score': np.float64(0.9885), 'eval/std_score': np.float64(0.0319), 'eval/mean_episode_length': np.float64(1.0), 'eval/eval_time': np.float64(0.001)}
{'training/total_steps': 32768, 'training/updates': 32, 'training/walltime': np.float64(8.476), 'training/update_time': np.float64(0.215), 'training/pc_loss': 0.00035736209247261286, 'training/mean_reward': 0.9869140386581421, 'training/mean_advantage_abs': 0.022747060284018517, 'diag/policy_grad_norm_max': 0.052505750209093094, 'diag/policy_grad_norm_mean': 0.043062176555395126}
{'eval/num_episodes': 200, 'eval/mean_score': np.float64(0.9895), 'eval/std_score': np.float64(0.0307), 'eval/mean_episode_length': np.float64(1.0), 'eval/eval_time': np.float64(0.002)}
{'training/total_steps': 33792, 'training/updates': 33, 'training/walltime': np.float64(8.695), 'training/update_time': np.float64(0.217), 'training/pc_loss': 0.00028172184829600155, 'training/mean_reward': 0.9885741472244263, 'training/mean_advantage_abs': 0.020240651443600655, 'diag/policy_grad_norm_max': 0.05271206423640251, 'diag/policy_grad_norm_mean': 0.03951931372284889}
{'eval/num_episodes': 200, 'eval/mean_score': np.float64(0.991), 'eval/std_score': np.float64(0.0286), 'eval/mean_episode_length': np.float64(1.0), 'eval/eval_time': np.float64(0.002)}
{'training/total_steps': 34816, 'training/updates': 34, 'training/walltime': np.float64(8.902), 'training/update_time': np.float64(0.204), 'training/pc_loss': 0.00023281679023057222, 'training/mean_reward': 0.9914062023162842, 'training/mean_advantage_abs': 0.015710491687059402, 'diag/policy_grad_norm_max': 0.04011591151356697, 'diag/policy_grad_norm_mean': 0.03170911967754364}
{'eval/num_episodes': 200, 'eval/mean_score': np.float64(0.993), 'eval/std_score': np.float64(0.0255), 'eval/mean_episode_length': np.float64(1.0), 'eval/eval_time': np.float64(0.001)}
{'training/total_steps': 35840, 'training/updates': 35, 'training/walltime': np.float64(9.133), 'training/update_time': np.float64(0.229), 'training/pc_loss': 0.0003470387018751353, 'training/mean_reward': 0.9909179210662842, 'training/mean_advantage_abs': 0.01651443913578987, 'diag/policy_grad_norm_max': 0.04083329439163208, 'diag/policy_grad_norm_mean': 0.03144197165966034}
{'eval/num_episodes': 200, 'eval/mean_score': np.float64(0.9915), 'eval/std_score': np.float64(0.0279), 'eval/mean_episode_length': np.float64(1.0), 'eval/eval_time': np.float64(0.001)}
{'training/total_steps': 36864, 'training/updates': 36, 'training/walltime': np.float64(9.363), 'training/update_time': np.float64(0.229), 'training/pc_loss': 0.0002769556303974241, 'training/mean_reward': 0.992480456829071, 'training/mean_advantage_abs': 0.013908207416534424, 'diag/policy_grad_norm_max': 0.03417686000466347, 'diag/policy_grad_norm_mean': 0.026376748457551003}
{'eval/num_episodes': 200, 'eval/mean_score': np.float64(0.992), 'eval/std_score': np.float64(0.0271), 'eval/mean_episode_length': np.float64(1.0), 'eval/eval_time': np.float64(0.001)}
{'training/total_steps': 37888, 'training/updates': 37, 'training/walltime': np.float64(9.575), 'training/update_time': np.float64(0.21), 'training/pc_loss': 0.00028556433971971273, 'training/mean_reward': 0.9902343153953552, 'training/mean_advantage_abs': 0.01762395165860653, 'diag/policy_grad_norm_max': 0.04729188233613968, 'diag/policy_grad_norm_mean': 0.03365861624479294}
{'eval/num_episodes': 200, 'eval/mean_score': np.float64(0.994), 'eval/std_score': np.float64(0.0237), 'eval/mean_episode_length': np.float64(1.0), 'eval/eval_time': np.float64(0.001)}
{'training/total_steps': 38912, 'training/updates': 38, 'training/walltime': np.float64(9.807), 'training/update_time': np.float64(0.23), 'training/pc_loss': 0.0001688020711299032, 'training/mean_reward': 0.994433581829071, 'training/mean_advantage_abs': 0.010513126850128174, 'diag/policy_grad_norm_max': 0.033485040068626404, 'diag/policy_grad_norm_mean': 0.021129149943590164}
{'eval/num_episodes': 200, 'eval/mean_score': np.float64(0.9905), 'eval/std_score': np.float64(0.0293), 'eval/mean_episode_length': np.float64(1.0), 'eval/eval_time': np.float64(0.002)}
{'training/total_steps': 39936, 'training/updates': 39, 'training/walltime': np.float64(10.024), 'training/update_time': np.float64(0.215), 'training/pc_loss': 0.0002891357580665499, 'training/mean_reward': 0.993945300579071, 'training/mean_advantage_abs': 0.01137620210647583, 'diag/policy_grad_norm_max': 0.030784834176301956, 'diag/policy_grad_norm_mean': 0.022707808762788773}
{'eval/num_episodes': 200, 'eval/mean_score': np.float64(0.996), 'eval/std_score': np.float64(0.0196), 'eval/mean_episode_length': np.float64(1.0), 'eval/eval_time': np.float64(0.001)}
{'training/total_steps': 40960, 'training/updates': 40, 'training/walltime': np.float64(10.254), 'training/update_time': np.float64(0.228), 'training/pc_loss': 0.0002843080728780478, 'training/mean_reward': 0.9934570789337158, 'training/mean_advantage_abs': 0.012229688465595245, 'diag/policy_grad_norm_max': 0.026206038892269135, 'diag/policy_grad_norm_mean': 0.023166730999946594}
{'eval/num_episodes': 200, 'eval/mean_score': np.float64(0.9955), 'eval/std_score': np.float64(0.0207), 'eval/mean_episode_length': np.float64(1.0), 'eval/eval_time': np.float64(0.001)}
{'training/total_steps': 41984, 'training/updates': 41, 'training/walltime': np.float64(10.495), 'training/update_time': np.float64(0.24), 'training/pc_loss': 0.00025279581313952804, 'training/mean_reward': 0.9953124523162842, 'training/mean_advantage_abs': 0.008935591205954552, 'diag/policy_grad_norm_max': 0.02286970429122448, 'diag/policy_grad_norm_mean': 0.017190340906381607}
{'eval/num_episodes': 200, 'eval/mean_score': np.float64(0.9955), 'eval/std_score': np.float64(0.0207), 'eval/mean_episode_length': np.float64(1.0), 'eval/eval_time': np.float64(0.001)}
{'training/total_steps': 43008, 'training/updates': 42, 'training/walltime': np.float64(10.715), 'training/update_time': np.float64(0.218), 'training/pc_loss': 0.00013492086145561188, 'training/mean_reward': 0.9954100847244263, 'training/mean_advantage_abs': 0.008758420124650002, 'diag/policy_grad_norm_max': 0.02571122907102108, 'diag/policy_grad_norm_mean': 0.01652395725250244}
{'eval/num_episodes': 200, 'eval/mean_score': np.float64(0.9985), 'eval/std_score': np.float64(0.0122), 'eval/mean_episode_length': np.float64(1.0), 'eval/eval_time': np.float64(0.001)}
{'training/total_steps': 44032, 'training/updates': 43, 'training/walltime': np.float64(10.94), 'training/update_time': np.float64(0.223), 'training/pc_loss': 0.00015297859499696642, 'training/mean_reward': 0.9953124523162842, 'training/mean_advantage_abs': 0.008935591205954552, 'diag/policy_grad_norm_max': 0.026790304109454155, 'diag/policy_grad_norm_mean': 0.017235098406672478}
{'eval/num_episodes': 200, 'eval/mean_score': np.float64(0.9955), 'eval/std_score': np.float64(0.0207), 'eval/mean_episode_length': np.float64(1.0), 'eval/eval_time': np.float64(0.002)}
{'training/total_steps': 45056, 'training/updates': 44, 'training/walltime': np.float64(11.172), 'training/update_time': np.float64(0.231), 'training/pc_loss': 0.00014494892093352973, 'training/mean_reward': 0.99609375, 'training/mean_advantage_abs': 0.007507325150072575, 'diag/policy_grad_norm_max': 0.019537677988409996, 'diag/policy_grad_norm_mean': 0.015055695548653603}
{'eval/num_episodes': 200, 'eval/mean_score': np.float64(0.993), 'eval/std_score': np.float64(0.0255), 'eval/mean_episode_length': np.float64(1.0), 'eval/eval_time': np.float64(0.001)}
{'training/total_steps': 46080, 'training/updates': 45, 'training/walltime': np.float64(11.399), 'training/update_time': np.float64(0.225), 'training/pc_loss': 0.00024811929324641824, 'training/mean_reward': 0.994921863079071, 'training/mean_advantage_abs': 0.009640514850616455, 'diag/policy_grad_norm_max': 0.025309553369879723, 'diag/policy_grad_norm_mean': 0.019560573622584343}
{'eval/num_episodes': 200, 'eval/mean_score': np.float64(0.996), 'eval/std_score': np.float64(0.0196), 'eval/mean_episode_length': np.float64(1.0), 'eval/eval_time': np.float64(0.001)}
{'training/total_steps': 47104, 'training/updates': 46, 'training/walltime': np.float64(11.628), 'training/update_time': np.float64(0.227), 'training/pc_loss': 7.676468521822244e-05, 'training/mean_reward': 0.996777355670929, 'training/mean_advantage_abs': 0.006237591616809368, 'diag/policy_grad_norm_max': 0.017358459532260895, 'diag/policy_grad_norm_mean': 0.013098394498229027}
{'eval/num_episodes': 200, 'eval/mean_score': np.float64(0.998), 'eval/std_score': np.float64(0.014), 'eval/mean_episode_length': np.float64(1.0), 'eval/eval_time': np.float64(0.001)}
{'training/total_steps': 48128, 'training/updates': 47, 'training/walltime': np.float64(11.868), 'training/update_time': np.float64(0.238), 'training/pc_loss': 0.00013521502842195332, 'training/mean_reward': 0.9959960579872131, 'training/mean_advantage_abs': 0.00768722128123045, 'diag/policy_grad_norm_max': 0.018397752195596695, 'diag/policy_grad_norm_mean': 0.014567812904715538}
{'eval/num_episodes': 200, 'eval/mean_score': np.float64(0.9945), 'eval/std_score': np.float64(0.0228), 'eval/mean_episode_length': np.float64(1.0), 'eval/eval_time': np.float64(0.001)}
{'training/total_steps': 49152, 'training/updates': 48, 'training/walltime': np.float64(12.094), 'training/update_time': np.float64(0.224), 'training/pc_loss': 0.00016845433856360614, 'training/mean_reward': 0.9967772960662842, 'training/mean_advantage_abs': 0.006237647496163845, 'diag/policy_grad_norm_max': 0.017371341586112976, 'diag/policy_grad_norm_mean': 0.011741811409592628}
{'eval/num_episodes': 200, 'eval/mean_score': np.float64(0.997), 'eval/std_score': np.float64(0.0171), 'eval/mean_episode_length': np.float64(1.0), 'eval/eval_time': np.float64(0.002)}
{'training/total_steps': 50176, 'training/updates': 49, 'training/walltime': np.float64(12.321), 'training/update_time': np.float64(0.225), 'training/pc_loss': 0.00015552944387309253, 'training/mean_reward': 0.99658203125, 'training/mean_advantage_abs': 0.006602288223803043, 'diag/policy_grad_norm_max': 0.023093216121196747, 'diag/policy_grad_norm_mean': 0.012525650672614574}
{'eval/num_episodes': 200, 'eval/mean_score': np.float64(0.9985), 'eval/std_score': np.float64(0.0122), 'eval/mean_episode_length': np.float64(1.0), 'eval/eval_time': np.float64(0.001)}
{'training/total_steps': 51200, 'training/updates': 50, 'training/walltime': np.float64(12.538), 'training/update_time': np.float64(0.215), 'training/pc_loss': 7.976241613505408e-05, 'training/mean_reward': 0.9967772960662842, 'training/mean_advantage_abs': 0.006237647496163845, 'diag/policy_grad_norm_max': 0.0189545638859272, 'diag/policy_grad_norm_mean': 0.011890334077179432}
{'eval/num_episodes': 200, 'eval/mean_score': np.float64(0.994), 'eval/std_score': np.float64(0.0237), 'eval/mean_episode_length': np.float64(1.0), 'eval/eval_time': np.float64(0.001)}
{'training/total_steps': 52224, 'training/updates': 51, 'training/walltime': np.float64(12.769), 'training/update_time': np.float64(0.229), 'training/pc_loss': 0.00013101109652779996, 'training/mean_reward': 0.9969726800918579, 'training/mean_advantage_abs': 0.005871369503438473, 'diag/policy_grad_norm_max': 0.018163463100790977, 'diag/policy_grad_norm_mean': 0.011658134870231152}
{'eval/num_episodes': 200, 'eval/mean_score': np.float64(0.999), 'eval/std_score': np.float64(0.0099), 'eval/mean_episode_length': np.float64(1.0), 'eval/eval_time': np.float64(0.002)}
{'training/total_steps': 53248, 'training/updates': 52, 'training/walltime': np.float64(12.985), 'training/update_time': np.float64(0.214), 'training/pc_loss': 0.00016746447363402694, 'training/mean_reward': 0.9958983659744263, 'training/mean_advantage_abs': 0.007866734638810158, 'diag/policy_grad_norm_max': 0.026806725189089775, 'diag/policy_grad_norm_mean': 0.015727229416370392}
{'eval/num_episodes': 200, 'eval/mean_score': np.float64(0.9975), 'eval/std_score': np.float64(0.0156), 'eval/mean_episode_length': np.float64(1.0), 'eval/eval_time': np.float64(0.002)}
{'training/total_steps': 54272, 'training/updates': 53, 'training/walltime': np.float64(13.187), 'training/update_time': np.float64(0.2), 'training/pc_loss': 5.7468758313916624e-05, 'training/mean_reward': 0.9974609613418579, 'training/mean_advantage_abs': 0.004949165973812342, 'diag/policy_grad_norm_max': 0.015461712144315243, 'diag/policy_grad_norm_mean': 0.010730794630944729}
{'eval/num_episodes': 200, 'eval/mean_score': np.float64(0.998), 'eval/std_score': np.float64(0.014), 'eval/mean_episode_length': np.float64(1.0), 'eval/eval_time': np.float64(0.001)}
{'training/total_steps': 55296, 'training/updates': 54, 'training/walltime': np.float64(13.404), 'training/update_time': np.float64(0.215), 'training/pc_loss': 0.00010773012763820589, 'training/mean_reward': 0.9979492425918579, 'training/mean_advantage_abs': 0.004017425701022148, 'diag/policy_grad_norm_max': 0.016958124935626984, 'diag/policy_grad_norm_mean': 0.01002802886068821}
{'eval/num_episodes': 200, 'eval/mean_score': np.float64(0.9985), 'eval/std_score': np.float64(0.0122), 'eval/mean_episode_length': np.float64(1.0), 'eval/eval_time': np.float64(0.001)}
{'training/total_steps': 56320, 'training/updates': 55, 'training/walltime': np.float64(13.624), 'training/update_time': np.float64(0.218), 'training/pc_loss': 0.00012633168080355972, 'training/mean_reward': 0.998046875, 'training/mean_advantage_abs': 0.0038299565203487873, 'diag/policy_grad_norm_max': 0.011441611684858799, 'diag/policy_grad_norm_mean': 0.008594614453613758}
{'eval/num_episodes': 200, 'eval/mean_score': np.float64(0.997), 'eval/std_score': np.float64(0.0171), 'eval/mean_episode_length': np.float64(1.0), 'eval/eval_time': np.float64(0.002)}
{'training/total_steps': 57344, 'training/updates': 56, 'training/walltime': np.float64(13.856), 'training/update_time': np.float64(0.23), 'training/pc_loss': 5.9318703279132023e-05, 'training/mean_reward': 0.9979492425918579, 'training/mean_advantage_abs': 0.004017425701022148, 'diag/policy_grad_norm_max': 0.013292980380356312, 'diag/policy_grad_norm_mean': 0.008729150518774986}
{'eval/num_episodes': 200, 'eval/mean_score': np.float64(0.9975), 'eval/std_score': np.float64(0.0156), 'eval/mean_episode_length': np.float64(1.0), 'eval/eval_time': np.float64(0.001)}
{'training/total_steps': 58368, 'training/updates': 57, 'training/walltime': np.float64(14.082), 'training/update_time': np.float64(0.224), 'training/pc_loss': 8.40766733745113e-05, 'training/mean_reward': 0.9976562261581421, 'training/mean_advantage_abs': 0.004577660001814365, 'diag/policy_grad_norm_max': 0.012308510951697826, 'diag/policy_grad_norm_mean': 0.008905992843210697}
{'eval/num_episodes': 200, 'eval/mean_score': np.float64(0.999), 'eval/std_score': np.float64(0.0099), 'eval/mean_episode_length': np.float64(1.0), 'eval/eval_time': np.float64(0.001)}
{'training/total_steps': 59392, 'training/updates': 58, 'training/walltime': np.float64(14.311), 'training/update_time': np.float64(0.227), 'training/pc_loss': 6.989334360696375e-05, 'training/mean_reward': 0.9979491829872131, 'training/mean_advantage_abs': 0.004017483443021774, 'diag/policy_grad_norm_max': 0.012639767490327358, 'diag/policy_grad_norm_mean': 0.008048322051763535}
{'eval/num_episodes': 200, 'eval/mean_score': np.float64(0.998), 'eval/std_score': np.float64(0.014), 'eval/mean_episode_length': np.float64(1.0), 'eval/eval_time': np.float64(0.002)}
{'training/total_steps': 60416, 'training/updates': 59, 'training/walltime': np.float64(14.542), 'training/update_time': np.float64(0.229), 'training/pc_loss': 0.00011179374268976972, 'training/mean_reward': 0.9971679449081421, 'training/mean_advantage_abs': 0.005503677763044834, 'diag/policy_grad_norm_max': 0.016432225704193115, 'diag/policy_grad_norm_mean': 0.010916700586676598}
{'eval/num_episodes': 200, 'eval/mean_score': np.float64(0.9985), 'eval/std_score': np.float64(0.0122), 'eval/mean_episode_length': np.float64(1.0), 'eval/eval_time': np.float64(0.001)}
TRAINING END: training duration: 14.544176578521729
