[run_train] algorithm=pc_reinforce env=bandit num_envs=8 total_steps=60000 seed=3 use_cnn=None
|param: value|
|experiment_name:  pc_reinforce|
|seed:  3|
|write_logs_to_file:  False|
|save_model:  False|
|env_name:  bandit|
|num_envs:  8|
|num_train_levels:  200|
|distribution_mode:  easy|
|arm_means:  [1.0, 0.9]|
|deterministic_rewards:  True|
|episode_length:  1000|
|eval_env:  True|
|num_eval_episodes:  200|
|eval_every:  1|
|total_timesteps:  60000|
|unroll_length:  128|
|gamma:  0.99|
|learning_rate:  0.00025|
|target_scale:  1.0|
|pc_steps_per_update:  1|
|update_epochs:  4|
|num_minibatches:  4|
|normalize_advantages:  False|
|max_t1:  20|
|inference_rate_correction:  False|
|normalize_rewards:  False|
|exp_std:  True|
|state_indep_std:  False|
|optimizer:  adam|
|max_grad_norm:  0.5|
|natural_target:  False|
|target_clip:  None|
|target_clip_rel:  False|
|log_std_min:  None|
|width:  32|
|depth:  2|
|act_fn:  relu|
|policy_init_logit_bias:  [0.0, 4.0]|
|checkpoint_dir:  /home/user/Policy_Gradient_Predictive_Coding/outputs/checkpoints|
INFO:2026-08-02 20:04:39,688:jax._src.xla_bridge:927: Unable to initialize backend 'rocm': module 'jaxlib.xla_extension' has no attribute 'GpuAllocatorConfig'
Unable to initialize backend 'rocm': module 'jaxlib.xla_extension' has no attribute 'GpuAllocatorConfig'
INFO:2026-08-02 20:04:39,689:jax._src.xla_bridge:927: Unable to initialize backend 'tpu': INTERNAL: Failed to open libtpu.so: libtpu.so: cannot open shared object file: No such file or directory
Unable to initialize backend 'tpu': INTERNAL: Failed to open libtpu.so: libtpu.so: cannot open shared object file: No such file or directory
{'training/total_steps': 1024, 'training/updates': 1, 'training/walltime': np.float64(1.922), 'training/update_time': np.float64(1.922), 'training/pc_loss': 3.6351560993352905e-05, 'training/mean_reward': 0.9015623331069946, 'training/mean_advantage_abs': 0.003076033666729927, 'diag/policy_grad_norm_max': 0.014600238762795925, 'diag/policy_grad_norm_mean': 0.008393224328756332}
{'eval/num_episodes': 200, 'eval/mean_score': np.float64(0.903), 'eval/std_score': np.float64(0.0171), 'eval/mean_episode_length': np.float64(1.0), 'eval/eval_time': np.float64(0.154)}
{'training/total_steps': 2048, 'training/updates': 2, 'training/walltime': np.float64(2.278), 'training/update_time': np.float64(0.19), 'training/pc_loss': 0.0003529833338689059, 'training/mean_reward': 0.9027342796325684, 'training/mean_advantage_abs': 0.005319146905094385, 'diag/policy_grad_norm_max': 0.02277383580803871, 'diag/policy_grad_norm_mean': 0.014620288275182247}
{'eval/num_episodes': 200, 'eval/mean_score': np.float64(0.9025), 'eval/std_score': np.float64(0.0156), 'eval/mean_episode_length': np.float64(1.0), 'eval/eval_time': np.float64(0.001)}
{'training/total_steps': 3072, 'training/updates': 3, 'training/walltime': np.float64(2.436), 'training/update_time': np.float64(0.157), 'training/pc_loss': 0.0002117026742780581, 'training/mean_reward': 0.9024412631988525, 'training/mean_advantage_abs': 0.00476349052041769, 'diag/policy_grad_norm_max': 0.023070059716701508, 'diag/policy_grad_norm_mean': 0.013208460062742233}
{'eval/num_episodes': 200, 'eval/mean_score': np.float64(0.9045), 'eval/std_score': np.float64(0.0207), 'eval/mean_episode_length': np.float64(1.0), 'eval/eval_time': np.float64(0.001)}
{'training/total_steps': 4096, 'training/updates': 4, 'training/walltime': np.float64(2.617), 'training/update_time': np.float64(0.179), 'training/pc_loss': 0.00013807392679154873, 'training/mean_reward': 0.9031248688697815, 'training/mean_advantage_abs': 0.006054587662220001, 'diag/policy_grad_norm_max': 0.023198561742901802, 'diag/policy_grad_norm_mean': 0.01695140078663826}
{'eval/num_episodes': 200, 'eval/mean_score': np.float64(0.9025), 'eval/std_score': np.float64(0.0156), 'eval/mean_episode_length': np.float64(1.0), 'eval/eval_time': np.float64(0.001)}
{'training/total_steps': 5120, 'training/updates': 5, 'training/walltime': np.float64(2.785), 'training/update_time': np.float64(0.167), 'training/pc_loss': 0.00027522497111931443, 'training/mean_reward': 0.9028319120407104, 'training/mean_advantage_abs': 0.005503565073013306, 'diag/policy_grad_norm_max': 0.021297136321663857, 'diag/policy_grad_norm_mean': 0.015568739734590054}
{'eval/num_episodes': 200, 'eval/mean_score': np.float64(0.9035), 'eval/std_score': np.float64(0.0184), 'eval/mean_episode_length': np.float64(1.0), 'eval/eval_time': np.float64(0.001)}
{'training/total_steps': 6144, 'training/updates': 6, 'training/walltime': np.float64(2.949), 'training/update_time': np.float64(0.162), 'training/pc_loss': 0.00039540615398436785, 'training/mean_reward': 0.9042966961860657, 'training/mean_advantage_abs': 0.008224346674978733, 'diag/policy_grad_norm_max': 0.03178252652287483, 'diag/policy_grad_norm_mean': 0.0235156062990427}
{'eval/num_episodes': 200, 'eval/mean_score': np.float64(0.9045), 'eval/std_score': np.float64(0.0207), 'eval/mean_episode_length': np.float64(1.0), 'eval/eval_time': np.float64(0.001)}
{'training/total_steps': 7168, 'training/updates': 7, 'training/walltime': np.float64(3.118), 'training/update_time': np.float64(0.167), 'training/pc_loss': 0.00036599498707801104, 'training/mean_reward': 0.9031248688697815, 'training/mean_advantage_abs': 0.006054587662220001, 'diag/policy_grad_norm_max': 0.02587045170366764, 'diag/policy_grad_norm_mean': 0.01750711165368557}
{'eval/num_episodes': 200, 'eval/mean_score': np.float64(0.9045), 'eval/std_score': np.float64(0.0207), 'eval/mean_episode_length': np.float64(1.0), 'eval/eval_time': np.float64(0.002)}
{'training/total_steps': 8192, 'training/updates': 8, 'training/walltime': np.float64(3.361), 'training/update_time': np.float64(0.241), 'training/pc_loss': 0.0004434255533851683, 'training/mean_reward': 0.9045897126197815, 'training/mean_advantage_abs': 0.008758258074522018, 'diag/policy_grad_norm_max': 0.03847412392497063, 'diag/policy_grad_norm_mean': 0.02559119090437889}
{'eval/num_episodes': 200, 'eval/mean_score': np.float64(0.905), 'eval/std_score': np.float64(0.0218), 'eval/mean_episode_length': np.float64(1.0), 'eval/eval_time': np.float64(0.001)}
{'training/total_steps': 9216, 'training/updates': 9, 'training/walltime': np.float64(3.522), 'training/update_time': np.float64(0.159), 'training/pc_loss': 0.0004758971044793725, 'training/mean_reward': 0.9062498807907104, 'training/mean_advantage_abs': 0.011718668043613434, 'diag/policy_grad_norm_max': 0.04087306931614876, 'diag/policy_grad_norm_mean': 0.03464455157518387}
{'eval/num_episodes': 200, 'eval/mean_score': np.float64(0.907), 'eval/std_score': np.float64(0.0255), 'eval/mean_episode_length': np.float64(1.0), 'eval/eval_time': np.float64(0.002)}
{'training/total_steps': 10240, 'training/updates': 10, 'training/walltime': np.float64(3.689), 'training/update_time': np.float64(0.165), 'training/pc_loss': 0.0005213967524468899, 'training/mean_reward': 0.9081053733825684, 'training/mean_advantage_abs': 0.014896907843649387, 'diag/policy_grad_norm_max': 0.055053576827049255, 'diag/policy_grad_norm_mean': 0.0446024090051651}
{'eval/num_episodes': 200, 'eval/mean_score': np.float64(0.9085), 'eval/std_score': np.float64(0.0279), 'eval/mean_episode_length': np.float64(1.0), 'eval/eval_time': np.float64(0.001)}
{'training/total_steps': 11264, 'training/updates': 11, 'training/walltime': np.float64(3.851), 'training/update_time': np.float64(0.16), 'training/pc_loss': 0.0004704967432189733, 'training/mean_reward': 0.9079099893569946, 'training/mean_advantage_abs': 0.014568783342838287, 'diag/policy_grad_norm_max': 0.0590934082865715, 'diag/policy_grad_norm_mean': 0.04418148845434189}
{'eval/num_episodes': 200, 'eval/mean_score': np.float64(0.913), 'eval/std_score': np.float64(0.0336), 'eval/mean_episode_length': np.float64(1.0), 'eval/eval_time': np.float64(0.001)}
{'training/total_steps': 12288, 'training/updates': 12, 'training/walltime': np.float64(4.013), 'training/update_time': np.float64(0.161), 'training/pc_loss': 0.0009143733768723905, 'training/mean_reward': 0.9126951694488525, 'training/mean_advantage_abs': 0.02216712012887001, 'diag/policy_grad_norm_max': 0.08510119467973709, 'diag/policy_grad_norm_mean': 0.06803351640701294}
{'eval/num_episodes': 200, 'eval/mean_score': np.float64(0.914), 'eval/std_score': np.float64(0.0347), 'eval/mean_episode_length': np.float64(1.0), 'eval/eval_time': np.float64(0.001)}
{'training/total_steps': 13312, 'training/updates': 13, 'training/walltime': np.float64(4.18), 'training/update_time': np.float64(0.165), 'training/pc_loss': 0.0007141630630940199, 'training/mean_reward': 0.9144530296325684, 'training/mean_advantage_abs': 0.02472834661602974, 'diag/policy_grad_norm_max': 0.09020180255174637, 'diag/policy_grad_norm_mean': 0.07688964158296585}
{'eval/num_episodes': 200, 'eval/mean_score': np.float64(0.924), 'eval/std_score': np.float64(0.0427), 'eval/mean_episode_length': np.float64(1.0), 'eval/eval_time': np.float64(0.001)}
{'training/total_steps': 14336, 'training/updates': 14, 'training/walltime': np.float64(4.355), 'training/update_time': np.float64(0.173), 'training/pc_loss': 0.0006785428267903626, 'training/mean_reward': 0.9178709387779236, 'training/mean_advantage_abs': 0.029354587197303772, 'diag/policy_grad_norm_max': 0.10305336117744446, 'diag/policy_grad_norm_mean': 0.09236816316843033}
{'eval/num_episodes': 200, 'eval/mean_score': np.float64(0.923), 'eval/std_score': np.float64(0.0421), 'eval/mean_episode_length': np.float64(1.0), 'eval/eval_time': np.float64(0.001)}
{'training/total_steps': 15360, 'training/updates': 15, 'training/walltime': np.float64(4.525), 'training/update_time': np.float64(0.168), 'training/pc_loss': 0.0007024718215689063, 'training/mean_reward': 0.9254882335662842, 'training/mean_advantage_abs': 0.03798350691795349, 'diag/policy_grad_norm_max': 0.13309946656227112, 'diag/policy_grad_norm_mean': 0.120915487408638}
{'eval/num_episodes': 200, 'eval/mean_score': np.float64(0.9315), 'eval/std_score': np.float64(0.0465), 'eval/mean_episode_length': np.float64(1.0), 'eval/eval_time': np.float64(0.001)}
{'training/total_steps': 16384, 'training/updates': 16, 'training/walltime': np.float64(4.684), 'training/update_time': np.float64(0.157), 'training/pc_loss': 0.0006060281302779913, 'training/mean_reward': 0.9325194358825684, 'training/mean_advantage_abs': 0.043888647109270096, 'diag/policy_grad_norm_max': 0.1505221724510193, 'diag/policy_grad_norm_mean': 0.14133715629577637}
{'eval/num_episodes': 200, 'eval/mean_score': np.float64(0.94), 'eval/std_score': np.float64(0.049), 'eval/mean_episode_length': np.float64(1.0), 'eval/eval_time': np.float64(0.001)}
{'training/total_steps': 17408, 'training/updates': 17, 'training/walltime': np.float64(4.841), 'training/update_time': np.float64(0.156), 'training/pc_loss': 0.0006000722059980035, 'training/mean_reward': 0.9436522722244263, 'training/mean_advantage_abs': 0.04919414967298508, 'diag/policy_grad_norm_max': 0.16295874118804932, 'diag/policy_grad_norm_mean': 0.1602742075920105}
{'eval/num_episodes': 200, 'eval/mean_score': np.float64(0.9555), 'eval/std_score': np.float64(0.0497), 'eval/mean_episode_length': np.float64(1.0), 'eval/eval_time': np.float64(0.001)}
{'training/total_steps': 18432, 'training/updates': 18, 'training/walltime': np.float64(4.995), 'training/update_time': np.float64(0.152), 'training/pc_loss': 0.0006955345161259174, 'training/mean_reward': 0.9531249403953552, 'training/mean_advantage_abs': 0.049804702401161194, 'diag/policy_grad_norm_max': 0.17045986652374268, 'diag/policy_grad_norm_mean': 0.16376766562461853}
{'eval/num_episodes': 200, 'eval/mean_score': np.float64(0.967), 'eval/std_score': np.float64(0.047), 'eval/mean_episode_length': np.float64(1.0), 'eval/eval_time': np.float64(0.001)}
{'training/total_steps': 19456, 'training/updates': 19, 'training/walltime': np.float64(5.167), 'training/update_time': np.float64(0.17), 'training/pc_loss': 0.0007665844168514013, 'training/mean_reward': 0.9618163704872131, 'training/mean_advantage_abs': 0.04720746725797653, 'diag/policy_grad_norm_max': 0.1627320498228073, 'diag/policy_grad_norm_mean': 0.15667255222797394}
{'eval/num_episodes': 200, 'eval/mean_score': np.float64(0.972), 'eval/std_score': np.float64(0.0449), 'eval/mean_episode_length': np.float64(1.0), 'eval/eval_time': np.float64(0.001)}
{'training/total_steps': 20480, 'training/updates': 20, 'training/walltime': np.float64(5.327), 'training/update_time': np.float64(0.159), 'training/pc_loss': 0.000923332292586565, 'training/mean_reward': 0.9715819954872131, 'training/mean_advantage_abs': 0.04068434238433838, 'diag/policy_grad_norm_max': 0.14949145913124084, 'diag/policy_grad_norm_mean': 0.1360926479101181}
{'eval/num_episodes': 200, 'eval/mean_score': np.float64(0.9735), 'eval/std_score': np.float64(0.0441), 'eval/mean_episode_length': np.float64(1.0), 'eval/eval_time': np.float64(0.001)}
{'training/total_steps': 21504, 'training/updates': 21, 'training/walltime': np.float64(5.491), 'training/update_time': np.float64(0.162), 'training/pc_loss': 0.0008047274313867092, 'training/mean_reward': 0.9789062142372131, 'training/mean_advantage_abs': 0.03328859806060791, 'diag/policy_grad_norm_max': 0.12432784587144852, 'diag/policy_grad_norm_mean': 0.1120639368891716}
{'eval/num_episodes': 200, 'eval/mean_score': np.float64(0.98), 'eval/std_score': np.float64(0.04), 'eval/mean_episode_length': np.float64(1.0), 'eval/eval_time': np.float64(0.001)}
{'training/total_steps': 22528, 'training/updates': 22, 'training/walltime': np.float64(5.65), 'training/update_time': np.float64(0.158), 'training/pc_loss': 0.0007279121782630682, 'training/mean_reward': 0.9835937023162842, 'training/mean_advantage_abs': 0.027429236099123955, 'diag/policy_grad_norm_max': 0.10534396022558212, 'diag/policy_grad_norm_mean': 0.09285908192396164}
{'eval/num_episodes': 200, 'eval/mean_score': np.float64(0.984), 'eval/std_score': np.float64(0.0367), 'eval/mean_episode_length': np.float64(1.0), 'eval/eval_time': np.float64(0.002)}
{'training/total_steps': 23552, 'training/updates': 23, 'training/walltime': np.float64(5.811), 'training/update_time': np.float64(0.159), 'training/pc_loss': 0.000772927887737751, 'training/mean_reward': 0.986328125, 'training/mean_advantage_abs': 0.0236053504049778, 'diag/policy_grad_norm_max': 0.0922350287437439, 'diag/policy_grad_norm_mean': 0.08025650680065155}
{'eval/num_episodes': 200, 'eval/mean_score': np.float64(0.9905), 'eval/std_score': np.float64(0.0293), 'eval/mean_episode_length': np.float64(1.0), 'eval/eval_time': np.float64(0.001)}
{'training/total_steps': 24576, 'training/updates': 24, 'training/walltime': np.float64(5.971), 'training/update_time': np.float64(0.157), 'training/pc_loss': 0.0009040448348969221, 'training/mean_reward': 0.9876953363418579, 'training/mean_advantage_abs': 0.0215812548995018, 'diag/policy_grad_norm_max': 0.08521514385938644, 'diag/policy_grad_norm_mean': 0.0736655592918396}
{'eval/num_episodes': 200, 'eval/mean_score': np.float64(0.992), 'eval/std_score': np.float64(0.0271), 'eval/mean_episode_length': np.float64(1.0), 'eval/eval_time': np.float64(0.001)}
{'training/total_steps': 25600, 'training/updates': 25, 'training/walltime': np.float64(6.128), 'training/update_time': np.float64(0.155), 'training/pc_loss': 0.0005298352334648371, 'training/mean_reward': 0.9898437261581421, 'training/mean_advantage_abs': 0.01824953407049179, 'diag/policy_grad_norm_max': 0.08651212602853775, 'diag/policy_grad_norm_mean': 0.06249013543128967}
{'eval/num_episodes': 200, 'eval/mean_score': np.float64(0.993), 'eval/std_score': np.float64(0.0255), 'eval/mean_episode_length': np.float64(1.0), 'eval/eval_time': np.float64(0.001)}
{'training/total_steps': 26624, 'training/updates': 26, 'training/walltime': np.float64(6.29), 'training/update_time': np.float64(0.161), 'training/pc_loss': 0.0006617394974455237, 'training/mean_reward': 0.990527331829071, 'training/mean_advantage_abs': 0.017150700092315674, 'diag/policy_grad_norm_max': 0.07811176031827927, 'diag/policy_grad_norm_mean': 0.058903682976961136}
{'eval/num_episodes': 200, 'eval/mean_score': np.float64(0.99), 'eval/std_score': np.float64(0.03), 'eval/mean_episode_length': np.float64(1.0), 'eval/eval_time': np.float64(0.001)}
{'training/total_steps': 27648, 'training/updates': 27, 'training/walltime': np.float64(6.469), 'training/update_time': np.float64(0.177), 'training/pc_loss': 0.00030179874738678336, 'training/mean_reward': 0.9938476085662842, 'training/mean_advantage_abs': 0.011547704227268696, 'diag/policy_grad_norm_max': 0.0521385483443737, 'diag/policy_grad_norm_mean': 0.03976462781429291}
{'eval/num_episodes': 200, 'eval/mean_score': np.float64(0.994), 'eval/std_score': np.float64(0.0237), 'eval/mean_episode_length': np.float64(1.0), 'eval/eval_time': np.float64(0.001)}
{'training/total_steps': 28672, 'training/updates': 28, 'training/walltime': np.float64(6.645), 'training/update_time': np.float64(0.174), 'training/pc_loss': 0.00058127345982939, 'training/mean_reward': 0.9938476085662842, 'training/mean_advantage_abs': 0.011547703295946121, 'diag/policy_grad_norm_max': 0.04761353135108948, 'diag/policy_grad_norm_mean': 0.03984995186328888}
{'eval/num_episodes': 200, 'eval/mean_score': np.float64(0.995), 'eval/std_score': np.float64(0.0218), 'eval/mean_episode_length': np.float64(1.0), 'eval/eval_time': np.float64(0.002)}
{'training/total_steps': 29696, 'training/updates': 29, 'training/walltime': np.float64(6.811), 'training/update_time': np.float64(0.163), 'training/pc_loss': 0.00031599801150150597, 'training/mean_reward': 0.994824230670929, 'training/mean_advantage_abs': 0.009815778583288193, 'diag/policy_grad_norm_max': 0.04787682741880417, 'diag/policy_grad_norm_mean': 0.033934421837329865}
{'eval/num_episodes': 200, 'eval/mean_score': np.float64(0.994), 'eval/std_score': np.float64(0.0237), 'eval/mean_episode_length': np.float64(1.0), 'eval/eval_time': np.float64(0.001)}
{'training/total_steps': 30720, 'training/updates': 30, 'training/walltime': np.float64(6.973), 'training/update_time': np.float64(0.161), 'training/pc_loss': 0.00035178250982426107, 'training/mean_reward': 0.994921863079071, 'training/mean_advantage_abs': 0.009640514850616455, 'diag/policy_grad_norm_max': 0.04549547657370567, 'diag/policy_grad_norm_mean': 0.033382266759872437}
{'eval/num_episodes': 200, 'eval/mean_score': np.float64(0.998), 'eval/std_score': np.float64(0.014), 'eval/mean_episode_length': np.float64(1.0), 'eval/eval_time': np.float64(0.001)}
{'training/total_steps': 31744, 'training/updates': 31, 'training/walltime': np.float64(7.157), 'training/update_time': np.float64(0.182), 'training/pc_loss': 0.00022769520001020283, 'training/mean_reward': 0.9953124523162842, 'training/mean_advantage_abs': 0.008935591205954552, 'diag/policy_grad_norm_max': 0.04081079736351967, 'diag/policy_grad_norm_mean': 0.0309922955930233}
{'eval/num_episodes': 200, 'eval/mean_score': np.float64(0.994), 'eval/std_score': np.float64(0.0237), 'eval/mean_episode_length': np.float64(1.0), 'eval/eval_time': np.float64(0.001)}
{'training/total_steps': 32768, 'training/updates': 32, 'training/walltime': np.float64(7.358), 'training/update_time': np.float64(0.2), 'training/pc_loss': 0.00035990652395412326, 'training/mean_reward': 0.9952148199081421, 'training/mean_advantage_abs': 0.00911238044500351, 'diag/policy_grad_norm_max': 0.04586578905582428, 'diag/policy_grad_norm_mean': 0.031652871519327164}
{'eval/num_episodes': 200, 'eval/mean_score': np.float64(0.996), 'eval/std_score': np.float64(0.0196), 'eval/mean_episode_length': np.float64(1.0), 'eval/eval_time': np.float64(0.002)}
{'training/total_steps': 33792, 'training/updates': 33, 'training/walltime': np.float64(7.528), 'training/update_time': np.float64(0.168), 'training/pc_loss': 0.00043617127812467515, 'training/mean_reward': 0.99609375, 'training/mean_advantage_abs': 0.007507325150072575, 'diag/policy_grad_norm_max': 0.036146003752946854, 'diag/policy_grad_norm_mean': 0.026115594431757927}
{'eval/num_episodes': 200, 'eval/mean_score': np.float64(0.9945), 'eval/std_score': np.float64(0.0228), 'eval/mean_episode_length': np.float64(1.0), 'eval/eval_time': np.float64(0.001)}
{'training/total_steps': 34816, 'training/updates': 34, 'training/walltime': np.float64(7.682), 'training/update_time': np.float64(0.152), 'training/pc_loss': 0.00026947795413434505, 'training/mean_reward': 0.9959961175918579, 'training/mean_advantage_abs': 0.007687166333198547, 'diag/policy_grad_norm_max': 0.036263126879930496, 'diag/policy_grad_norm_mean': 0.026779374107718468}
{'eval/num_episodes': 200, 'eval/mean_score': np.float64(0.997), 'eval/std_score': np.float64(0.0171), 'eval/mean_episode_length': np.float64(1.0), 'eval/eval_time': np.float64(0.001)}
{'training/total_steps': 35840, 'training/updates': 35, 'training/walltime': np.float64(7.847), 'training/update_time': np.float64(0.164), 'training/pc_loss': 0.00024228433903772384, 'training/mean_reward': 0.9970703125, 'training/mean_advantage_abs': 0.00568771455436945, 'diag/policy_grad_norm_max': 0.03134758770465851, 'diag/policy_grad_norm_mean': 0.019837694242596626}
{'eval/num_episodes': 200, 'eval/mean_score': np.float64(0.9945), 'eval/std_score': np.float64(0.0228), 'eval/mean_episode_length': np.float64(1.0), 'eval/eval_time': np.float64(0.001)}
{'training/total_steps': 36864, 'training/updates': 36, 'training/walltime': np.float64(8.048), 'training/update_time': np.float64(0.199), 'training/pc_loss': 0.00031154751195572317, 'training/mean_reward': 0.996874988079071, 'training/mean_advantage_abs': 0.006054699420928955, 'diag/policy_grad_norm_max': 0.02884935587644577, 'diag/policy_grad_norm_mean': 0.021142587065696716}
{'eval/num_episodes': 200, 'eval/mean_score': np.float64(0.9965), 'eval/std_score': np.float64(0.0184), 'eval/mean_episode_length': np.float64(1.0), 'eval/eval_time': np.float64(0.001)}
{'training/total_steps': 37888, 'training/updates': 37, 'training/walltime': np.float64(8.214), 'training/update_time': np.float64(0.164), 'training/pc_loss': 0.00021017604740336537, 'training/mean_reward': 0.997265636920929, 'training/mean_advantage_abs': 0.005319203250110149, 'diag/policy_grad_norm_max': 0.028900571167469025, 'diag/policy_grad_norm_mean': 0.01859268732368946}
{'eval/num_episodes': 200, 'eval/mean_score': np.float64(0.998), 'eval/std_score': np.float64(0.014), 'eval/mean_episode_length': np.float64(1.0), 'eval/eval_time': np.float64(0.001)}
{'training/total_steps': 38912, 'training/updates': 38, 'training/walltime': np.float64(8.383), 'training/update_time': np.float64(0.167), 'training/pc_loss': 0.00017746922094374895, 'training/mean_reward': 0.9977538585662842, 'training/mean_advantage_abs': 0.00439133495092392, 'diag/policy_grad_norm_max': 0.023807579651474953, 'diag/policy_grad_norm_mean': 0.015363914892077446}
{'eval/num_episodes': 200, 'eval/mean_score': np.float64(0.9995), 'eval/std_score': np.float64(0.0071), 'eval/mean_episode_length': np.float64(1.0), 'eval/eval_time': np.float64(0.002)}
{'training/total_steps': 39936, 'training/updates': 39, 'training/walltime': np.float64(8.566), 'training/update_time': np.float64(0.182), 'training/pc_loss': 0.0002830724115483463, 'training/mean_reward': 0.9974609017372131, 'training/mean_advantage_abs': 0.004949222784489393, 'diag/policy_grad_norm_max': 0.03161165490746498, 'diag/policy_grad_norm_mean': 0.017332401126623154}
{'eval/num_episodes': 200, 'eval/mean_score': np.float64(0.9965), 'eval/std_score': np.float64(0.0184), 'eval/mean_episode_length': np.float64(1.0), 'eval/eval_time': np.float64(0.001)}
{'training/total_steps': 40960, 'training/updates': 40, 'training/walltime': np.float64(8.73), 'training/update_time': np.float64(0.162), 'training/pc_loss': 0.00010833791748154908, 'training/mean_reward': 0.9983398914337158, 'training/mean_advantage_abs': 0.0032651443034410477, 'diag/policy_grad_norm_max': 0.018672063946723938, 'diag/policy_grad_norm_mean': 0.011445742100477219}
{'eval/num_episodes': 200, 'eval/mean_score': np.float64(0.9975), 'eval/std_score': np.float64(0.0156), 'eval/mean_episode_length': np.float64(1.0), 'eval/eval_time': np.float64(0.001)}
{'training/total_steps': 41984, 'training/updates': 41, 'training/walltime': np.float64(8.893), 'training/update_time': np.float64(0.161), 'training/pc_loss': 0.000316268065944314, 'training/mean_reward': 0.996874988079071, 'training/mean_advantage_abs': 0.006054699420928955, 'diag/policy_grad_norm_max': 0.029021738097071648, 'diag/policy_grad_norm_mean': 0.021235963329672813}
{'eval/num_episodes': 200, 'eval/mean_score': np.float64(0.9975), 'eval/std_score': np.float64(0.0156), 'eval/mean_episode_length': np.float64(1.0), 'eval/eval_time': np.float64(0.001)}
{'training/total_steps': 43008, 'training/updates': 42, 'training/walltime': np.float64(9.062), 'training/update_time': np.float64(0.168), 'training/pc_loss': 0.0003532220143824816, 'training/mean_reward': 0.9969726800918579, 'training/mean_advantage_abs': 0.005871369503438473, 'diag/policy_grad_norm_max': 0.031697828322649, 'diag/policy_grad_norm_mean': 0.020616577938199043}
{'eval/num_episodes': 200, 'eval/mean_score': np.float64(0.997), 'eval/std_score': np.float64(0.0171), 'eval/mean_episode_length': np.float64(1.0), 'eval/eval_time': np.float64(0.001)}
{'training/total_steps': 44032, 'training/updates': 43, 'training/walltime': np.float64(9.238), 'training/update_time': np.float64(0.175), 'training/pc_loss': 0.00021678031771443784, 'training/mean_reward': 0.9979492425918579, 'training/mean_advantage_abs': 0.0040174261666834354, 'diag/policy_grad_norm_max': 0.02400604449212551, 'diag/policy_grad_norm_mean': 0.014123229309916496}
{'eval/num_episodes': 200, 'eval/mean_score': np.float64(0.997), 'eval/std_score': np.float64(0.0171), 'eval/mean_episode_length': np.float64(1.0), 'eval/eval_time': np.float64(0.002)}
{'training/total_steps': 45056, 'training/updates': 44, 'training/walltime': np.float64(9.411), 'training/update_time': np.float64(0.171), 'training/pc_loss': 0.00018102994363289326, 'training/mean_reward': 0.9979491829872131, 'training/mean_advantage_abs': 0.004017483443021774, 'diag/policy_grad_norm_max': 0.0214151069521904, 'diag/policy_grad_norm_mean': 0.014133491553366184}
{'eval/num_episodes': 200, 'eval/mean_score': np.float64(0.998), 'eval/std_score': np.float64(0.014), 'eval/mean_episode_length': np.float64(1.0), 'eval/eval_time': np.float64(0.001)}
{'training/total_steps': 46080, 'training/updates': 45, 'training/walltime': np.float64(9.605), 'training/update_time': np.float64(0.193), 'training/pc_loss': 0.00011031884059775621, 'training/mean_reward': 0.9986327886581421, 'training/mean_advantage_abs': 0.002697014482691884, 'diag/policy_grad_norm_max': 0.01615959405899048, 'diag/policy_grad_norm_mean': 0.00949663482606411}
{'eval/num_episodes': 200, 'eval/mean_score': np.float64(0.998), 'eval/std_score': np.float64(0.014), 'eval/mean_episode_length': np.float64(1.0), 'eval/eval_time': np.float64(0.001)}
{'training/total_steps': 47104, 'training/updates': 46, 'training/walltime': np.float64(9.792), 'training/update_time': np.float64(0.184), 'training/pc_loss': 0.00025625526905059814, 'training/mean_reward': 0.9983398914337158, 'training/mean_advantage_abs': 0.0032651443034410477, 'diag/policy_grad_norm_max': 0.01883574016392231, 'diag/policy_grad_norm_mean': 0.011504110880196095}
{'eval/num_episodes': 200, 'eval/mean_score': np.float64(0.9985), 'eval/std_score': np.float64(0.0122), 'eval/mean_episode_length': np.float64(1.0), 'eval/eval_time': np.float64(0.002)}
{'training/total_steps': 48128, 'training/updates': 47, 'training/walltime': np.float64(9.964), 'training/update_time': np.float64(0.17), 'training/pc_loss': 0.00011084318975917995, 'training/mean_reward': 0.9987305402755737, 'training/mean_advantage_abs': 0.0025067590177059174, 'diag/policy_grad_norm_max': 0.018866827711462975, 'diag/policy_grad_norm_mean': 0.008836552500724792}
{'eval/num_episodes': 200, 'eval/mean_score': np.float64(0.9995), 'eval/std_score': np.float64(0.0071), 'eval/mean_episode_length': np.float64(1.0), 'eval/eval_time': np.float64(0.002)}
{'training/total_steps': 49152, 'training/updates': 48, 'training/walltime': np.float64(10.132), 'training/update_time': np.float64(0.166), 'training/pc_loss': 0.00014482690312433988, 'training/mean_reward': 0.9976562261581421, 'training/mean_advantage_abs': 0.004577660001814365, 'diag/policy_grad_norm_max': 0.03203454241156578, 'diag/policy_grad_norm_mean': 0.016146427020430565}
{'eval/num_episodes': 200, 'eval/mean_score': np.float64(0.9985), 'eval/std_score': np.float64(0.0122), 'eval/mean_episode_length': np.float64(1.0), 'eval/eval_time': np.float64(0.002)}
{'training/total_steps': 50176, 'training/updates': 49, 'training/walltime': np.float64(10.304), 'training/update_time': np.float64(0.169), 'training/pc_loss': 0.0001473824231652543, 'training/mean_reward': 0.9984375238418579, 'training/mean_advantage_abs': 0.0030761491507291794, 'diag/policy_grad_norm_max': 0.021564673632383347, 'diag/policy_grad_norm_mean': 0.010859559290111065}
{'eval/num_episodes': 200, 'eval/mean_score': np.float64(0.9985), 'eval/std_score': np.float64(0.0122), 'eval/mean_episode_length': np.float64(1.0), 'eval/eval_time': np.float64(0.001)}
{'training/total_steps': 51200, 'training/updates': 50, 'training/walltime': np.float64(10.46), 'training/update_time': np.float64(0.153), 'training/pc_loss': 0.00014786169049330056, 'training/mean_reward': 0.99853515625, 'training/mean_advantage_abs': 0.002886772621423006, 'diag/policy_grad_norm_max': 0.018923956900835037, 'diag/policy_grad_norm_mean': 0.010197448544204235}
{'eval/num_episodes': 200, 'eval/mean_score': np.float64(0.9995), 'eval/std_score': np.float64(0.0071), 'eval/mean_episode_length': np.float64(1.0), 'eval/eval_time': np.float64(0.002)}
{'training/total_steps': 52224, 'training/updates': 51, 'training/walltime': np.float64(10.617), 'training/update_time': np.float64(0.155), 'training/pc_loss': 0.00011232704855501652, 'training/mean_reward': 0.9991210699081421, 'training/mean_advantage_abs': 0.0017423866083845496, 'diag/policy_grad_norm_max': 0.010885720141232014, 'diag/policy_grad_norm_mean': 0.006159166805446148}
{'eval/num_episodes': 200, 'eval/mean_score': np.float64(0.997), 'eval/std_score': np.float64(0.0171), 'eval/mean_episode_length': np.float64(1.0), 'eval/eval_time': np.float64(0.001)}
{'training/total_steps': 53248, 'training/updates': 52, 'training/walltime': np.float64(10.769), 'training/update_time': np.float64(0.15), 'training/pc_loss': 0.0001823117636376992, 'training/mean_reward': 0.9977538585662842, 'training/mean_advantage_abs': 0.00439133495092392, 'diag/policy_grad_norm_max': 0.026871129870414734, 'diag/policy_grad_norm_mean': 0.015530293807387352}
{'eval/num_episodes': 200, 'eval/mean_score': np.float64(0.9995), 'eval/std_score': np.float64(0.0071), 'eval/mean_episode_length': np.float64(1.0), 'eval/eval_time': np.float64(0.001)}
{'training/total_steps': 54272, 'training/updates': 53, 'training/walltime': np.float64(10.927), 'training/update_time': np.float64(0.157), 'training/pc_loss': 0.00022387129138223827, 'training/mean_reward': 0.9988281726837158, 'training/mean_advantage_abs': 0.0023162378929555416, 'diag/policy_grad_norm_max': 0.01630985736846924, 'diag/policy_grad_norm_mean': 0.008199237287044525}
{'eval/num_episodes': 200, 'eval/mean_score': np.float64(1.0), 'eval/std_score': np.float64(0.0), 'eval/mean_episode_length': np.float64(1.0), 'eval/eval_time': np.float64(0.002)}
{'training/total_steps': 55296, 'training/updates': 54, 'training/walltime': np.float64(11.112), 'training/update_time': np.float64(0.183), 'training/pc_loss': 3.7564372178167105e-05, 'training/mean_reward': 0.9991210699081421, 'training/mean_advantage_abs': 0.0017423866083845496, 'diag/policy_grad_norm_max': 0.010916276834905148, 'diag/policy_grad_norm_mean': 0.006168903782963753}
{'eval/num_episodes': 200, 'eval/mean_score': np.float64(1.0), 'eval/std_score': np.float64(0.0), 'eval/mean_episode_length': np.float64(1.0), 'eval/eval_time': np.float64(0.001)}
{'training/total_steps': 56320, 'training/updates': 55, 'training/walltime': np.float64(11.28), 'training/update_time': np.float64(0.166), 'training/pc_loss': 7.517887570429593e-05, 'training/mean_reward': 0.9991210699081421, 'training/mean_advantage_abs': 0.0017423866083845496, 'diag/policy_grad_norm_max': 0.01635490544140339, 'diag/policy_grad_norm_mean': 0.0061721294187009335}
{'eval/num_episodes': 200, 'eval/mean_score': np.float64(1.0), 'eval/std_score': np.float64(0.0), 'eval/mean_episode_length': np.float64(1.0), 'eval/eval_time': np.float64(0.001)}
{'training/total_steps': 57344, 'training/updates': 56, 'training/walltime': np.float64(11.449), 'training/update_time': np.float64(0.168), 'training/pc_loss': 4.597966452024593e-11, 'training/mean_reward': 0.9993164539337158, 'training/mean_advantage_abs': 0.0013577946228906512, 'diag/policy_grad_norm_max': 0.010936188511550426, 'diag/policy_grad_norm_mean': 0.004811691585928202}
{'eval/num_episodes': 200, 'eval/mean_score': np.float64(0.998), 'eval/std_score': np.float64(0.014), 'eval/mean_episode_length': np.float64(1.0), 'eval/eval_time': np.float64(0.001)}
{'training/total_steps': 58368, 'training/updates': 57, 'training/walltime': np.float64(11.615), 'training/update_time': np.float64(0.164), 'training/pc_loss': 0.00011267623631283641, 'training/mean_reward': 0.9990234375, 'training/mean_advantage_abs': 0.0019340517465025187, 'diag/policy_grad_norm_max': 0.010933448560535908, 'diag/policy_grad_norm_mean': 0.006856788881123066}
{'eval/num_episodes': 200, 'eval/mean_score': np.float64(0.998), 'eval/std_score': np.float64(0.014), 'eval/mean_episode_length': np.float64(1.0), 'eval/eval_time': np.float64(0.002)}
{'training/total_steps': 59392, 'training/updates': 58, 'training/walltime': np.float64(11.809), 'training/update_time': np.float64(0.191), 'training/pc_loss': 8.344303026319722e-11, 'training/mean_reward': 0.9990234375, 'training/mean_advantage_abs': 0.0019340517465025187, 'diag/policy_grad_norm_max': 0.016372039914131165, 'diag/policy_grad_norm_mean': 0.006859851069748402}
{'eval/num_episodes': 200, 'eval/mean_score': np.float64(0.9995), 'eval/std_score': np.float64(0.0071), 'eval/mean_episode_length': np.float64(1.0), 'eval/eval_time': np.float64(0.002)}
{'training/total_steps': 60416, 'training/updates': 59, 'training/walltime': np.float64(11.985), 'training/update_time': np.float64(0.175), 'training/pc_loss': 0.00011326323146931827, 'training/mean_reward': 0.999218761920929, 'training/mean_advantage_abs': 0.0015502814203500748, 'diag/policy_grad_norm_max': 0.008227352984249592, 'diag/policy_grad_norm_mean': 0.005499287508428097}
{'eval/num_episodes': 200, 'eval/mean_score': np.float64(0.9995), 'eval/std_score': np.float64(0.0071), 'eval/mean_episode_length': np.float64(1.0), 'eval/eval_time': np.float64(0.001)}
TRAINING END: training duration: 11.98718786239624
