[run_train] algorithm=pc_reinforce env=bandit num_envs=8 total_steps=60000 seed=2 use_cnn=None
|param: value|
|experiment_name:  pc_reinforce|
|seed:  2|
|write_logs_to_file:  False|
|save_model:  False|
|env_name:  bandit|
|num_envs:  8|
|num_train_levels:  200|
|distribution_mode:  easy|
|arm_means:  [1.0, 0.9]|
|deterministic_rewards:  True|
|episode_length:  1000|
|eval_env:  True|
|num_eval_episodes:  200|
|eval_every:  1|
|total_timesteps:  60000|
|unroll_length:  128|
|gamma:  0.99|
|learning_rate:  0.00025|
|target_scale:  1.0|
|pc_steps_per_update:  1|
|update_epochs:  4|
|num_minibatches:  4|
|normalize_advantages:  False|
|max_t1:  20|
|inference_rate_correction:  True|
|normalize_rewards:  False|
|exp_std:  True|
|state_indep_std:  False|
|optimizer:  adam|
|max_grad_norm:  0.5|
|natural_target:  False|
|target_clip:  None|
|target_clip_rel:  False|
|log_std_min:  None|
|width:  32|
|depth:  2|
|act_fn:  relu|
|policy_init_logit_bias:  [0.0, 4.0]|
|checkpoint_dir:  /home/user/Policy_Gradient_Predictive_Coding/outputs/checkpoints|
INFO:2026-08-02 20:04:23,080:jax._src.xla_bridge:927: Unable to initialize backend 'rocm': module 'jaxlib.xla_extension' has no attribute 'GpuAllocatorConfig'
Unable to initialize backend 'rocm': module 'jaxlib.xla_extension' has no attribute 'GpuAllocatorConfig'
INFO:2026-08-02 20:04:23,080:jax._src.xla_bridge:927: Unable to initialize backend 'tpu': INTERNAL: Failed to open libtpu.so: libtpu.so: cannot open shared object file: No such file or directory
Unable to initialize backend 'tpu': INTERNAL: Failed to open libtpu.so: libtpu.so: cannot open shared object file: No such file or directory
{'training/total_steps': 1024, 'training/updates': 1, 'training/walltime': np.float64(1.877), 'training/update_time': np.float64(1.877), 'training/pc_loss': 0.0001476570760132745, 'training/mean_reward': 0.9021482467651367, 'training/mean_advantage_abs': 0.004204399883747101, 'diag/policy_grad_norm_max': 0.01993049681186676, 'diag/policy_grad_norm_mean': 0.011030253022909164}
{'eval/num_episodes': 200, 'eval/mean_score': np.float64(0.9005), 'eval/std_score': np.float64(0.0071), 'eval/mean_episode_length': np.float64(1.0), 'eval/eval_time': np.float64(0.16)}
{'training/total_steps': 2048, 'training/updates': 2, 'training/walltime': np.float64(2.245), 'training/update_time': np.float64(0.195), 'training/pc_loss': 0.0001092755192075856, 'training/mean_reward': 0.9022459387779236, 'training/mean_advantage_abs': 0.004391164053231478, 'diag/policy_grad_norm_max': 0.01781606115400791, 'diag/policy_grad_norm_mean': 0.011464918963611126}
{'eval/num_episodes': 200, 'eval/mean_score': np.float64(0.901), 'eval/std_score': np.float64(0.0099), 'eval/mean_episode_length': np.float64(1.0), 'eval/eval_time': np.float64(0.001)}
{'training/total_steps': 3072, 'training/updates': 3, 'training/walltime': np.float64(2.437), 'training/update_time': np.float64(0.19), 'training/pc_loss': 0.00017806536925490946, 'training/mean_reward': 0.9026365876197815, 'training/mean_advantage_abs': 0.005134291015565395, 'diag/policy_grad_norm_max': 0.021415650844573975, 'diag/policy_grad_norm_mean': 0.013316015712916851}
{'eval/num_episodes': 200, 'eval/mean_score': np.float64(0.904), 'eval/std_score': np.float64(0.0196), 'eval/mean_episode_length': np.float64(1.0), 'eval/eval_time': np.float64(0.002)}
{'training/total_steps': 4096, 'training/updates': 4, 'training/walltime': np.float64(2.637), 'training/update_time': np.float64(0.198), 'training/pc_loss': 0.0003501643077470362, 'training/mean_reward': 0.9029295444488525, 'training/mean_advantage_abs': 0.0056876023299992085, 'diag/policy_grad_norm_max': 0.025188801810145378, 'diag/policy_grad_norm_mean': 0.014665737748146057}
{'eval/num_episodes': 200, 'eval/mean_score': np.float64(0.905), 'eval/std_score': np.float64(0.0218), 'eval/mean_episode_length': np.float64(1.0), 'eval/eval_time': np.float64(0.001)}
{'training/total_steps': 5120, 'training/updates': 5, 'training/walltime': np.float64(2.819), 'training/update_time': np.float64(0.181), 'training/pc_loss': 0.00024895183742046356, 'training/mean_reward': 0.9021483063697815, 'training/mean_advantage_abs': 0.00420445716008544, 'diag/policy_grad_norm_max': 0.01560943853110075, 'diag/policy_grad_norm_mean': 0.010821722447872162}
{'eval/num_episodes': 200, 'eval/mean_score': np.float64(0.9055), 'eval/std_score': np.float64(0.0228), 'eval/mean_episode_length': np.float64(1.0), 'eval/eval_time': np.float64(0.001)}
{'training/total_steps': 6144, 'training/updates': 6, 'training/walltime': np.float64(3.017), 'training/update_time': np.float64(0.196), 'training/pc_loss': 0.0003690372104756534, 'training/mean_reward': 0.9036130905151367, 'training/mean_advantage_abs': 0.006965292617678642, 'diag/policy_grad_norm_max': 0.03028103895485401, 'diag/policy_grad_norm_mean': 0.01784084178507328}
{'eval/num_episodes': 200, 'eval/mean_score': np.float64(0.903), 'eval/std_score': np.float64(0.0171), 'eval/mean_episode_length': np.float64(1.0), 'eval/eval_time': np.float64(0.001)}
{'training/total_steps': 7168, 'training/updates': 7, 'training/walltime': np.float64(3.205), 'training/update_time': np.float64(0.187), 'training/pc_loss': 0.0003602993383537978, 'training/mean_reward': 0.9040037393569946, 'training/mean_advantage_abs': 0.007687056437134743, 'diag/policy_grad_norm_max': 0.02816919982433319, 'diag/policy_grad_norm_mean': 0.0195368230342865}
{'eval/num_episodes': 200, 'eval/mean_score': np.float64(0.902), 'eval/std_score': np.float64(0.014), 'eval/mean_episode_length': np.float64(1.0), 'eval/eval_time': np.float64(0.002)}
{'training/total_steps': 8192, 'training/updates': 8, 'training/walltime': np.float64(3.411), 'training/update_time': np.float64(0.203), 'training/pc_loss': 0.00029088271548971534, 'training/mean_reward': 0.9037108421325684, 'training/mean_advantage_abs': 0.007146388292312622, 'diag/policy_grad_norm_max': 0.022814951837062836, 'diag/policy_grad_norm_mean': 0.01819211058318615}
{'eval/num_episodes': 200, 'eval/mean_score': np.float64(0.903), 'eval/std_score': np.float64(0.0171), 'eval/mean_episode_length': np.float64(1.0), 'eval/eval_time': np.float64(0.002)}
{'training/total_steps': 9216, 'training/updates': 9, 'training/walltime': np.float64(3.626), 'training/update_time': np.float64(0.214), 'training/pc_loss': 0.00037524872459471226, 'training/mean_reward': 0.9041991233825684, 'training/mean_advantage_abs': 0.00804570410400629, 'diag/policy_grad_norm_max': 0.03004244901239872, 'diag/policy_grad_norm_mean': 0.02056158520281315}
{'eval/num_episodes': 200, 'eval/mean_score': np.float64(0.904), 'eval/std_score': np.float64(0.0196), 'eval/mean_episode_length': np.float64(1.0), 'eval/eval_time': np.float64(0.002)}
{'training/total_steps': 10240, 'training/updates': 10, 'training/walltime': np.float64(3.837), 'training/update_time': np.float64(0.208), 'training/pc_loss': 0.0004762033640872687, 'training/mean_reward': 0.9051756262779236, 'training/mean_advantage_abs': 0.009815672412514687, 'diag/policy_grad_norm_max': 0.04284690320491791, 'diag/policy_grad_norm_mean': 0.025247961282730103}
{'eval/num_episodes': 200, 'eval/mean_score': np.float64(0.9075), 'eval/std_score': np.float64(0.0263), 'eval/mean_episode_length': np.float64(1.0), 'eval/eval_time': np.float64(0.002)}
{'training/total_steps': 11264, 'training/updates': 11, 'training/walltime': np.float64(4.039), 'training/update_time': np.float64(0.2), 'training/pc_loss': 0.0004506971745286137, 'training/mean_reward': 0.9061521291732788, 'training/mean_advantage_abs': 0.011547494679689407, 'diag/policy_grad_norm_max': 0.040463294833898544, 'diag/policy_grad_norm_mean': 0.029738841578364372}
{'eval/num_episodes': 200, 'eval/mean_score': np.float64(0.9045), 'eval/std_score': np.float64(0.0207), 'eval/mean_episode_length': np.float64(1.0), 'eval/eval_time': np.float64(0.001)}
{'training/total_steps': 12288, 'training/updates': 12, 'training/walltime': np.float64(4.251), 'training/update_time': np.float64(0.21), 'training/pc_loss': 0.0004539815417956561, 'training/mean_reward': 0.9059568643569946, 'training/mean_advantage_abs': 0.011204213835299015, 'diag/policy_grad_norm_max': 0.04215213283896446, 'diag/policy_grad_norm_mean': 0.028685858473181725}
{'eval/num_episodes': 200, 'eval/mean_score': np.float64(0.9075), 'eval/std_score': np.float64(0.0263), 'eval/mean_episode_length': np.float64(1.0), 'eval/eval_time': np.float64(0.002)}
{'training/total_steps': 13312, 'training/updates': 13, 'training/walltime': np.float64(4.467), 'training/update_time': np.float64(0.214), 'training/pc_loss': 0.0005736778257414699, 'training/mean_reward': 0.9085935950279236, 'training/mean_advantage_abs': 0.015710342675447464, 'diag/policy_grad_norm_max': 0.05342346802353859, 'diag/policy_grad_norm_mean': 0.04016528278589249}
{'eval/num_episodes': 200, 'eval/mean_score': np.float64(0.9095), 'eval/std_score': np.float64(0.0293), 'eval/mean_episode_length': np.float64(1.0), 'eval/eval_time': np.float64(0.002)}
{'training/total_steps': 14336, 'training/updates': 14, 'training/walltime': np.float64(4.655), 'training/update_time': np.float64(0.186), 'training/pc_loss': 0.0005195296253077686, 'training/mean_reward': 0.9111326932907104, 'training/mean_advantage_abs': 0.019786763936281204, 'diag/policy_grad_norm_max': 0.061038799583911896, 'diag/policy_grad_norm_mean': 0.050539128482341766}
{'eval/num_episodes': 200, 'eval/mean_score': np.float64(0.9115), 'eval/std_score': np.float64(0.0319), 'eval/mean_episode_length': np.float64(1.0), 'eval/eval_time': np.float64(0.001)}
{'training/total_steps': 15360, 'training/updates': 15, 'training/walltime': np.float64(4.864), 'training/update_time': np.float64(0.207), 'training/pc_loss': 0.0006115175201557577, 'training/mean_reward': 0.9128904938697815, 'training/mean_advantage_abs': 0.02245781011879444, 'diag/policy_grad_norm_max': 0.07810506224632263, 'diag/policy_grad_norm_mean': 0.056224167346954346}
{'eval/num_episodes': 200, 'eval/mean_score': np.float64(0.9125), 'eval/std_score': np.float64(0.0331), 'eval/mean_episode_length': np.float64(1.0), 'eval/eval_time': np.float64(0.001)}
{'training/total_steps': 16384, 'training/updates': 16, 'training/walltime': np.float64(5.067), 'training/update_time': np.float64(0.202), 'training/pc_loss': 0.000611115014180541, 'training/mean_reward': 0.9163084626197815, 'training/mean_advantage_abs': 0.027297714725136757, 'diag/policy_grad_norm_max': 0.07686810940504074, 'diag/policy_grad_norm_mean': 0.06752154231071472}
{'eval/num_episodes': 200, 'eval/mean_score': np.float64(0.92), 'eval/std_score': np.float64(0.04), 'eval/mean_episode_length': np.float64(1.0), 'eval/eval_time': np.float64(0.001)}
{'training/total_steps': 17408, 'training/updates': 17, 'training/walltime': np.float64(5.28), 'training/update_time': np.float64(0.211), 'training/pc_loss': 0.00052920903544873, 'training/mean_reward': 0.9189451932907104, 'training/mean_advantage_abs': 0.030712071806192398, 'diag/policy_grad_norm_max': 0.0882364809513092, 'diag/policy_grad_norm_mean': 0.07459770143032074}
{'eval/num_episodes': 200, 'eval/mean_score': np.float64(0.9255), 'eval/std_score': np.float64(0.0436), 'eval/mean_episode_length': np.float64(1.0), 'eval/eval_time': np.float64(0.001)}
{'training/total_steps': 18432, 'training/updates': 18, 'training/walltime': np.float64(5.485), 'training/update_time': np.float64(0.204), 'training/pc_loss': 0.00047836045268923044, 'training/mean_reward': 0.9262694120407104, 'training/mean_advantage_abs': 0.038737259805202484, 'diag/policy_grad_norm_max': 0.10002586990594864, 'diag/policy_grad_norm_mean': 0.09291304647922516}
{'eval/num_episodes': 200, 'eval/mean_score': np.float64(0.9305), 'eval/std_score': np.float64(0.046), 'eval/mean_episode_length': np.float64(1.0), 'eval/eval_time': np.float64(0.001)}
{'training/total_steps': 19456, 'training/updates': 19, 'training/walltime': np.float64(5.683), 'training/update_time': np.float64(0.196), 'training/pc_loss': 0.0004497565096244216, 'training/mean_reward': 0.9313475489616394, 'training/mean_advantage_abs': 0.04304178059101105, 'diag/policy_grad_norm_max': 0.1098572164773941, 'diag/policy_grad_norm_mean': 0.1015901044011116}
{'eval/num_episodes': 200, 'eval/mean_score': np.float64(0.936), 'eval/std_score': np.float64(0.048), 'eval/mean_episode_length': np.float64(1.0), 'eval/eval_time': np.float64(0.001)}
{'training/total_steps': 20480, 'training/updates': 20, 'training/walltime': np.float64(5.886), 'training/update_time': np.float64(0.201), 'training/pc_loss': 0.0004132939502596855, 'training/mean_reward': 0.9388670921325684, 'training/mean_advantage_abs': 0.0475212037563324, 'diag/policy_grad_norm_max': 0.11756803095340729, 'diag/policy_grad_norm_mean': 0.11133600771427155}
{'eval/num_episodes': 200, 'eval/mean_score': np.float64(0.9425), 'eval/std_score': np.float64(0.0494), 'eval/mean_episode_length': np.float64(1.0), 'eval/eval_time': np.float64(0.001)}
{'training/total_steps': 21504, 'training/updates': 21, 'training/walltime': np.float64(6.087), 'training/update_time': np.float64(0.199), 'training/pc_loss': 0.000402764359023422, 'training/mean_reward': 0.9459960460662842, 'training/mean_advantage_abs': 0.049679383635520935, 'diag/policy_grad_norm_max': 0.11886564642190933, 'diag/policy_grad_norm_mean': 0.11450603604316711}
{'eval/num_episodes': 200, 'eval/mean_score': np.float64(0.954), 'eval/std_score': np.float64(0.0498), 'eval/mean_episode_length': np.float64(1.0), 'eval/eval_time': np.float64(0.001)}
{'training/total_steps': 22528, 'training/updates': 22, 'training/walltime': np.float64(6.3), 'training/update_time': np.float64(0.211), 'training/pc_loss': 0.00043516550795175135, 'training/mean_reward': 0.9525389671325684, 'training/mean_advantage_abs': 0.04987107962369919, 'diag/policy_grad_norm_max': 0.11554613709449768, 'diag/policy_grad_norm_mean': 0.11049585044384003}
{'eval/num_episodes': 200, 'eval/mean_score': np.float64(0.964), 'eval/std_score': np.float64(0.048), 'eval/mean_episode_length': np.float64(1.0), 'eval/eval_time': np.float64(0.001)}
{'training/total_steps': 23552, 'training/updates': 23, 'training/walltime': np.float64(6.517), 'training/update_time': np.float64(0.215), 'training/pc_loss': 0.0004405176732689142, 'training/mean_reward': 0.9616210460662842, 'training/mean_advantage_abs': 0.04729901999235153, 'diag/policy_grad_norm_max': 0.10955823212862015, 'diag/policy_grad_norm_mean': 0.10133147239685059}
{'eval/num_episodes': 200, 'eval/mean_score': np.float64(0.9755), 'eval/std_score': np.float64(0.043), 'eval/mean_episode_length': np.float64(1.0), 'eval/eval_time': np.float64(0.002)}
{'training/total_steps': 24576, 'training/updates': 24, 'training/walltime': np.float64(6.719), 'training/update_time': np.float64(0.199), 'training/pc_loss': 0.0005583278834819794, 'training/mean_reward': 0.9676756858825684, 'training/mean_advantage_abs': 0.04375137388706207, 'diag/policy_grad_norm_max': 0.09971827268600464, 'diag/policy_grad_norm_mean': 0.09415582567453384}
{'eval/num_episodes': 200, 'eval/mean_score': np.float64(0.9755), 'eval/std_score': np.float64(0.043), 'eval/mean_episode_length': np.float64(1.0), 'eval/eval_time': np.float64(0.001)}
{'training/total_steps': 25600, 'training/updates': 25, 'training/walltime': np.float64(6.922), 'training/update_time': np.float64(0.202), 'training/pc_loss': 0.0005568445776589215, 'training/mean_reward': 0.9761718511581421, 'training/mean_advantage_abs': 0.036300674080848694, 'diag/policy_grad_norm_max': 0.08295039087533951, 'diag/policy_grad_norm_mean': 0.07551775872707367}
{'eval/num_episodes': 200, 'eval/mean_score': np.float64(0.9795), 'eval/std_score': np.float64(0.0404), 'eval/mean_episode_length': np.float64(1.0), 'eval/eval_time': np.float64(0.001)}
{'training/total_steps': 26624, 'training/updates': 26, 'training/walltime': np.float64(7.132), 'training/update_time': np.float64(0.208), 'training/pc_loss': 0.0005037211813032627, 'training/mean_reward': 0.9788085222244263, 'training/mean_advantage_abs': 0.03340134397149086, 'diag/policy_grad_norm_max': 0.07507821172475815, 'diag/policy_grad_norm_mean': 0.06866651028394699}
{'eval/num_episodes': 200, 'eval/mean_score': np.float64(0.9845), 'eval/std_score': np.float64(0.0362), 'eval/mean_episode_length': np.float64(1.0), 'eval/eval_time': np.float64(0.001)}
{'training/total_steps': 27648, 'training/updates': 27, 'training/walltime': np.float64(7.346), 'training/update_time': np.float64(0.213), 'training/pc_loss': 0.00046355725498870015, 'training/mean_reward': 0.9817382097244263, 'training/mean_advantage_abs': 0.02985367923974991, 'diag/policy_grad_norm_max': 0.06970066577196121, 'diag/policy_grad_norm_mean': 0.060535188764333725}
{'eval/num_episodes': 200, 'eval/mean_score': np.float64(0.9815), 'eval/std_score': np.float64(0.0388), 'eval/mean_episode_length': np.float64(1.0), 'eval/eval_time': np.float64(0.002)}
{'training/total_steps': 28672, 'training/updates': 28, 'training/walltime': np.float64(7.564), 'training/update_time': np.float64(0.216), 'training/pc_loss': 0.0005007113795727491, 'training/mean_reward': 0.9865233898162842, 'training/mean_advantage_abs': 0.02332080900669098, 'diag/policy_grad_norm_max': 0.05804824084043503, 'diag/policy_grad_norm_mean': 0.04821928218007088}
{'eval/num_episodes': 200, 'eval/mean_score': np.float64(0.986), 'eval/std_score': np.float64(0.0347), 'eval/mean_episode_length': np.float64(1.0), 'eval/eval_time': np.float64(0.001)}
{'training/total_steps': 29696, 'training/updates': 29, 'training/walltime': np.float64(7.78), 'training/update_time': np.float64(0.215), 'training/pc_loss': 0.00039621570613235235, 'training/mean_reward': 0.9894530773162842, 'training/mean_advantage_abs': 0.018869057297706604, 'diag/policy_grad_norm_max': 0.046746525913476944, 'diag/policy_grad_norm_mean': 0.03954191133379936}
{'eval/num_episodes': 200, 'eval/mean_score': np.float64(0.9925), 'eval/std_score': np.float64(0.0263), 'eval/mean_episode_length': np.float64(1.0), 'eval/eval_time': np.float64(0.001)}
{'training/total_steps': 30720, 'training/updates': 30, 'training/walltime': np.float64(7.995), 'training/update_time': np.float64(0.212), 'training/pc_loss': 0.0004208350437693298, 'training/mean_reward': 0.9886718988418579, 'training/mean_advantage_abs': 0.020089706405997276, 'diag/policy_grad_norm_max': 0.04691483825445175, 'diag/policy_grad_norm_mean': 0.04043099656701088}
{'eval/num_episodes': 200, 'eval/mean_score': np.float64(0.9855), 'eval/std_score': np.float64(0.0352), 'eval/mean_episode_length': np.float64(1.0), 'eval/eval_time': np.float64(0.001)}
{'training/total_steps': 31744, 'training/updates': 31, 'training/walltime': np.float64(8.21), 'training/update_time': np.float64(0.214), 'training/pc_loss': 0.00036817078944295645, 'training/mean_reward': 0.9897460341453552, 'training/mean_advantage_abs': 0.018405010923743248, 'diag/policy_grad_norm_max': 0.044792141765356064, 'diag/policy_grad_norm_mean': 0.038115713745355606}
{'eval/num_episodes': 200, 'eval/mean_score': np.float64(0.992), 'eval/std_score': np.float64(0.0271), 'eval/mean_episode_length': np.float64(1.0), 'eval/eval_time': np.float64(0.001)}
{'training/total_steps': 32768, 'training/updates': 32, 'training/walltime': np.float64(8.427), 'training/update_time': np.float64(0.215), 'training/pc_loss': 0.0002799402573145926, 'training/mean_reward': 0.9916015267372131, 'training/mean_advantage_abs': 0.015386232174932957, 'diag/policy_grad_norm_max': 0.04587778076529503, 'diag/policy_grad_norm_mean': 0.03264220058917999}
{'eval/num_episodes': 200, 'eval/mean_score': np.float64(0.994), 'eval/std_score': np.float64(0.0237), 'eval/mean_episode_length': np.float64(1.0), 'eval/eval_time': np.float64(0.002)}
{'training/total_steps': 33792, 'training/updates': 33, 'training/walltime': np.float64(8.646), 'training/update_time': np.float64(0.217), 'training/pc_loss': 0.0002682394115254283, 'training/mean_reward': 0.990234375, 'training/mean_advantage_abs': 0.01762390322983265, 'diag/policy_grad_norm_max': 0.041428472846746445, 'diag/policy_grad_norm_mean': 0.034726403653621674}
{'eval/num_episodes': 200, 'eval/mean_score': np.float64(0.993), 'eval/std_score': np.float64(0.0255), 'eval/mean_episode_length': np.float64(1.0), 'eval/eval_time': np.float64(0.001)}
{'training/total_steps': 34816, 'training/updates': 34, 'training/walltime': np.float64(8.868), 'training/update_time': np.float64(0.221), 'training/pc_loss': 0.00027060165302827954, 'training/mean_reward': 0.9925781488418579, 'training/mean_advantage_abs': 0.013742047362029552, 'diag/policy_grad_norm_max': 0.037475358694791794, 'diag/policy_grad_norm_mean': 0.027408210560679436}
{'eval/num_episodes': 200, 'eval/mean_score': np.float64(0.993), 'eval/std_score': np.float64(0.0255), 'eval/mean_episode_length': np.float64(1.0), 'eval/eval_time': np.float64(0.001)}
{'training/total_steps': 35840, 'training/updates': 35, 'training/walltime': np.float64(9.079), 'training/update_time': np.float64(0.209), 'training/pc_loss': 0.00027695641620084643, 'training/mean_reward': 0.9948241710662842, 'training/mean_advantage_abs': 0.00981583259999752, 'diag/policy_grad_norm_max': 0.03481804579496384, 'diag/policy_grad_norm_mean': 0.020082198083400726}
{'eval/num_episodes': 200, 'eval/mean_score': np.float64(0.9945), 'eval/std_score': np.float64(0.0228), 'eval/mean_episode_length': np.float64(1.0), 'eval/eval_time': np.float64(0.001)}
{'training/total_steps': 36864, 'training/updates': 36, 'training/walltime': np.float64(9.33), 'training/update_time': np.float64(0.249), 'training/pc_loss': 0.0001734929101075977, 'training/mean_reward': 0.9948241710662842, 'training/mean_advantage_abs': 0.00981583259999752, 'diag/policy_grad_norm_max': 0.03178520128130913, 'diag/policy_grad_norm_mean': 0.020868929103016853}
{'eval/num_episodes': 200, 'eval/mean_score': np.float64(0.9915), 'eval/std_score': np.float64(0.0279), 'eval/mean_episode_length': np.float64(1.0), 'eval/eval_time': np.float64(0.001)}
{'training/total_steps': 37888, 'training/updates': 37, 'training/walltime': np.float64(9.603), 'training/update_time': np.float64(0.271), 'training/pc_loss': 0.00018690165597945452, 'training/mean_reward': 0.994140625, 'training/mean_advantage_abs': 0.01103210635483265, 'diag/policy_grad_norm_max': 0.030577488243579865, 'diag/policy_grad_norm_mean': 0.02371034026145935}
{'eval/num_episodes': 200, 'eval/mean_score': np.float64(0.997), 'eval/std_score': np.float64(0.0171), 'eval/mean_episode_length': np.float64(1.0), 'eval/eval_time': np.float64(0.001)}
{'training/total_steps': 38912, 'training/updates': 38, 'training/walltime': np.float64(9.819), 'training/update_time': np.float64(0.214), 'training/pc_loss': 0.00020045696874149144, 'training/mean_reward': 0.995312511920929, 'training/mean_advantage_abs': 0.008935537189245224, 'diag/policy_grad_norm_max': 0.023264480754733086, 'diag/policy_grad_norm_mean': 0.018839916214346886}
{'eval/num_episodes': 200, 'eval/mean_score': np.float64(0.992), 'eval/std_score': np.float64(0.0271), 'eval/mean_episode_length': np.float64(1.0), 'eval/eval_time': np.float64(0.001)}
{'training/total_steps': 39936, 'training/updates': 39, 'training/walltime': np.float64(10.043), 'training/update_time': np.float64(0.223), 'training/pc_loss': 0.00020884949481114745, 'training/mean_reward': 0.994433581829071, 'training/mean_advantage_abs': 0.010513126850128174, 'diag/policy_grad_norm_max': 0.028120243921875954, 'diag/policy_grad_norm_mean': 0.02068297006189823}
{'eval/num_episodes': 200, 'eval/mean_score': np.float64(0.993), 'eval/std_score': np.float64(0.0255), 'eval/mean_episode_length': np.float64(1.0), 'eval/eval_time': np.float64(0.001)}
{'training/total_steps': 40960, 'training/updates': 40, 'training/walltime': np.float64(10.281), 'training/update_time': np.float64(0.236), 'training/pc_loss': 0.00015440065180882812, 'training/mean_reward': 0.9953124523162842, 'training/mean_advantage_abs': 0.008935591205954552, 'diag/policy_grad_norm_max': 0.024460259824991226, 'diag/policy_grad_norm_mean': 0.017817296087741852}
{'eval/num_episodes': 200, 'eval/mean_score': np.float64(0.997), 'eval/std_score': np.float64(0.0171), 'eval/mean_episode_length': np.float64(1.0), 'eval/eval_time': np.float64(0.002)}
{'training/total_steps': 41984, 'training/updates': 41, 'training/walltime': np.float64(10.538), 'training/update_time': np.float64(0.255), 'training/pc_loss': 0.00015835295198485255, 'training/mean_reward': 0.9959961175918579, 'training/mean_advantage_abs': 0.007687166333198547, 'diag/policy_grad_norm_max': 0.023615650832653046, 'diag/policy_grad_norm_mean': 0.015873463824391365}
{'eval/num_episodes': 200, 'eval/mean_score': np.float64(0.9965), 'eval/std_score': np.float64(0.0184), 'eval/mean_episode_length': np.float64(1.0), 'eval/eval_time': np.float64(0.001)}
{'training/total_steps': 43008, 'training/updates': 42, 'training/walltime': np.float64(10.808), 'training/update_time': np.float64(0.268), 'training/pc_loss': 0.00015074868861120194, 'training/mean_reward': 0.9964843988418579, 'training/mean_advantage_abs': 0.006784036755561829, 'diag/policy_grad_norm_max': 0.022788917645812035, 'diag/policy_grad_norm_mean': 0.014584205113351345}
{'eval/num_episodes': 200, 'eval/mean_score': np.float64(0.9955), 'eval/std_score': np.float64(0.0207), 'eval/mean_episode_length': np.float64(1.0), 'eval/eval_time': np.float64(0.002)}
{'training/total_steps': 44032, 'training/updates': 43, 'training/walltime': np.float64(11.084), 'training/update_time': np.float64(0.274), 'training/pc_loss': 0.0001681983412709087, 'training/mean_reward': 0.9957031011581421, 'training/mean_advantage_abs': 0.00822450965642929, 'diag/policy_grad_norm_max': 0.022661680355668068, 'diag/policy_grad_norm_mean': 0.01773768663406372}
{'eval/num_episodes': 200, 'eval/mean_score': np.float64(0.9965), 'eval/std_score': np.float64(0.0184), 'eval/mean_episode_length': np.float64(1.0), 'eval/eval_time': np.float64(0.002)}
{'training/total_steps': 45056, 'training/updates': 44, 'training/walltime': np.float64(11.321), 'training/update_time': np.float64(0.235), 'training/pc_loss': 0.00016673069330863655, 'training/mean_reward': 0.9961913824081421, 'training/mean_advantage_abs': 0.007327103056013584, 'diag/policy_grad_norm_max': 0.020788593217730522, 'diag/policy_grad_norm_mean': 0.015142874792218208}
{'eval/num_episodes': 200, 'eval/mean_score': np.float64(0.997), 'eval/std_score': np.float64(0.0171), 'eval/mean_episode_length': np.float64(1.0), 'eval/eval_time': np.float64(0.001)}
{'training/total_steps': 46080, 'training/updates': 45, 'training/walltime': np.float64(11.549), 'training/update_time': np.float64(0.226), 'training/pc_loss': 0.00015341681137215346, 'training/mean_reward': 0.9967772960662842, 'training/mean_advantage_abs': 0.006237647496163845, 'diag/policy_grad_norm_max': 0.01680569164454937, 'diag/policy_grad_norm_mean': 0.012504154816269875}
{'eval/num_episodes': 200, 'eval/mean_score': np.float64(0.996), 'eval/std_score': np.float64(0.0196), 'eval/mean_episode_length': np.float64(1.0), 'eval/eval_time': np.float64(0.002)}
{'training/total_steps': 47104, 'training/updates': 46, 'training/walltime': np.float64(11.774), 'training/update_time': np.float64(0.224), 'training/pc_loss': 0.00010706789907999337, 'training/mean_reward': 0.996386706829071, 'training/mean_advantage_abs': 0.006965458393096924, 'diag/policy_grad_norm_max': 0.020508380606770515, 'diag/policy_grad_norm_mean': 0.013809332624077797}
{'eval/num_episodes': 200, 'eval/mean_score': np.float64(0.9975), 'eval/std_score': np.float64(0.0156), 'eval/mean_episode_length': np.float64(1.0), 'eval/eval_time': np.float64(0.002)}
{'training/total_steps': 48128, 'training/updates': 47, 'training/walltime': np.float64(12.028), 'training/update_time': np.float64(0.252), 'training/pc_loss': 0.00017225452756974846, 'training/mean_reward': 0.996386706829071, 'training/mean_advantage_abs': 0.006965458393096924, 'diag/policy_grad_norm_max': 0.021981626749038696, 'diag/policy_grad_norm_mean': 0.014041265472769737}
{'eval/num_episodes': 200, 'eval/mean_score': np.float64(0.997), 'eval/std_score': np.float64(0.0171), 'eval/mean_episode_length': np.float64(1.0), 'eval/eval_time': np.float64(0.001)}
{'training/total_steps': 49152, 'training/updates': 48, 'training/walltime': np.float64(12.252), 'training/update_time': np.float64(0.222), 'training/pc_loss': 8.257232548203319e-05, 'training/mean_reward': 0.9979492425918579, 'training/mean_advantage_abs': 0.0040174261666834354, 'diag/policy_grad_norm_max': 0.017385423183441162, 'diag/policy_grad_norm_mean': 0.008480008691549301}
{'eval/num_episodes': 200, 'eval/mean_score': np.float64(0.9975), 'eval/std_score': np.float64(0.0156), 'eval/mean_episode_length': np.float64(1.0), 'eval/eval_time': np.float64(0.002)}
{'training/total_steps': 50176, 'training/updates': 49, 'training/walltime': np.float64(12.504), 'training/update_time': np.float64(0.251), 'training/pc_loss': 0.00011987979814875871, 'training/mean_reward': 0.997753918170929, 'training/mean_advantage_abs': 0.004391278140246868, 'diag/policy_grad_norm_max': 0.013368315063416958, 'diag/policy_grad_norm_mean': 0.009462338872253895}
{'eval/num_episodes': 200, 'eval/mean_score': np.float64(0.999), 'eval/std_score': np.float64(0.0099), 'eval/mean_episode_length': np.float64(1.0), 'eval/eval_time': np.float64(0.001)}
{'training/total_steps': 51200, 'training/updates': 50, 'training/walltime': np.float64(12.751), 'training/update_time': np.float64(0.245), 'training/pc_loss': 0.00013997964560985565, 'training/mean_reward': 0.9978516101837158, 'training/mean_advantage_abs': 0.004204513970762491, 'diag/policy_grad_norm_max': 0.01554195862263441, 'diag/policy_grad_norm_mean': 0.009460902772843838}
{'eval/num_episodes': 200, 'eval/mean_score': np.float64(0.9955), 'eval/std_score': np.float64(0.0207), 'eval/mean_episode_length': np.float64(1.0), 'eval/eval_time': np.float64(0.002)}
{'training/total_steps': 52224, 'training/updates': 51, 'training/walltime': np.float64(13.001), 'training/update_time': np.float64(0.248), 'training/pc_loss': 0.0001343092881143093, 'training/mean_reward': 0.9972655773162842, 'training/mean_advantage_abs': 0.005319259595125914, 'diag/policy_grad_norm_max': 0.014654587022960186, 'diag/policy_grad_norm_mean': 0.012312209233641624}
{'eval/num_episodes': 200, 'eval/mean_score': np.float64(0.9985), 'eval/std_score': np.float64(0.0122), 'eval/mean_episode_length': np.float64(1.0), 'eval/eval_time': np.float64(0.002)}
{'training/total_steps': 53248, 'training/updates': 52, 'training/walltime': np.float64(13.238), 'training/update_time': np.float64(0.234), 'training/pc_loss': 9.940367453964427e-05, 'training/mean_reward': 0.99755859375, 'training/mean_advantage_abs': 0.004763603676110506, 'diag/policy_grad_norm_max': 0.013998043723404408, 'diag/policy_grad_norm_mean': 0.010863910429179668}
{'eval/num_episodes': 200, 'eval/mean_score': np.float64(0.998), 'eval/std_score': np.float64(0.014), 'eval/mean_episode_length': np.float64(1.0), 'eval/eval_time': np.float64(0.001)}
{'training/total_steps': 54272, 'training/updates': 53, 'training/walltime': np.float64(13.488), 'training/update_time': np.float64(0.249), 'training/pc_loss': 0.00016829391825012863, 'training/mean_reward': 0.9977538585662842, 'training/mean_advantage_abs': 0.00439133495092392, 'diag/policy_grad_norm_max': 0.015535647980868816, 'diag/policy_grad_norm_mean': 0.009687535464763641}
{'eval/num_episodes': 200, 'eval/mean_score': np.float64(0.9975), 'eval/std_score': np.float64(0.0156), 'eval/mean_episode_length': np.float64(1.0), 'eval/eval_time': np.float64(0.002)}
{'training/total_steps': 55296, 'training/updates': 54, 'training/walltime': np.float64(13.751), 'training/update_time': np.float64(0.26), 'training/pc_loss': 0.00011299450125079602, 'training/mean_reward': 0.9979491829872131, 'training/mean_advantage_abs': 0.004017483443021774, 'diag/policy_grad_norm_max': 0.014360526576638222, 'diag/policy_grad_norm_mean': 0.008746244013309479}
{'eval/num_episodes': 200, 'eval/mean_score': np.float64(0.999), 'eval/std_score': np.float64(0.0099), 'eval/mean_episode_length': np.float64(1.0), 'eval/eval_time': np.float64(0.002)}
{'training/total_steps': 56320, 'training/updates': 55, 'training/walltime': np.float64(13.976), 'training/update_time': np.float64(0.223), 'training/pc_loss': 5.768592018284835e-05, 'training/mean_reward': 0.9979492425918579, 'training/mean_advantage_abs': 0.004017425701022148, 'diag/policy_grad_norm_max': 0.013226366601884365, 'diag/policy_grad_norm_mean': 0.008480224758386612}
{'eval/num_episodes': 200, 'eval/mean_score': np.float64(1.0), 'eval/std_score': np.float64(0.0), 'eval/mean_episode_length': np.float64(1.0), 'eval/eval_time': np.float64(0.001)}
{'training/total_steps': 57344, 'training/updates': 56, 'training/walltime': np.float64(14.233), 'training/update_time': np.float64(0.256), 'training/pc_loss': 6.854391540400684e-05, 'training/mean_reward': 0.9986327886581421, 'training/mean_advantage_abs': 0.002697014482691884, 'diag/policy_grad_norm_max': 0.008031579665839672, 'diag/policy_grad_norm_mean': 0.006093092728406191}
{'eval/num_episodes': 200, 'eval/mean_score': np.float64(0.999), 'eval/std_score': np.float64(0.0099), 'eval/mean_episode_length': np.float64(1.0), 'eval/eval_time': np.float64(0.001)}
{'training/total_steps': 58368, 'training/updates': 57, 'training/walltime': np.float64(14.466), 'training/update_time': np.float64(0.231), 'training/pc_loss': 4.053695374750532e-05, 'training/mean_reward': 0.99853515625, 'training/mean_advantage_abs': 0.002886772621423006, 'diag/policy_grad_norm_max': 0.011392435058951378, 'diag/policy_grad_norm_mean': 0.0064648292027413845}
{'eval/num_episodes': 200, 'eval/mean_score': np.float64(0.998), 'eval/std_score': np.float64(0.014), 'eval/mean_episode_length': np.float64(1.0), 'eval/eval_time': np.float64(0.001)}
{'training/total_steps': 59392, 'training/updates': 58, 'training/walltime': np.float64(14.693), 'training/update_time': np.float64(0.224), 'training/pc_loss': 0.00010408873640699312, 'training/mean_reward': 0.9981445074081421, 'training/mean_advantage_abs': 0.003642105497419834, 'diag/policy_grad_norm_max': 0.01337077934294939, 'diag/policy_grad_norm_mean': 0.00808993261307478}
{'eval/num_episodes': 200, 'eval/mean_score': np.float64(0.998), 'eval/std_score': np.float64(0.014), 'eval/mean_episode_length': np.float64(1.0), 'eval/eval_time': np.float64(0.002)}
{'training/total_steps': 60416, 'training/updates': 59, 'training/walltime': np.float64(14.939), 'training/update_time': np.float64(0.244), 'training/pc_loss': 7.422133057843894e-05, 'training/mean_reward': 0.9983398914337158, 'training/mean_advantage_abs': 0.0032651443034410477, 'diag/policy_grad_norm_max': 0.01445451658219099, 'diag/policy_grad_norm_mean': 0.007629376836121082}
{'eval/num_episodes': 200, 'eval/mean_score': np.float64(0.9985), 'eval/std_score': np.float64(0.0122), 'eval/mean_episode_length': np.float64(1.0), 'eval/eval_time': np.float64(0.002)}
TRAINING END: training duration: 14.941459655761719
