[run_train] algorithm=pc_reinforce env=bandit num_envs=8 total_steps=60000 seed=2 use_cnn=None
|param: value|
|experiment_name:  pc_reinforce|
|seed:  2|
|write_logs_to_file:  False|
|save_model:  False|
|env_name:  bandit|
|num_envs:  8|
|num_train_levels:  200|
|distribution_mode:  easy|
|arm_means:  [1.0, 0.9]|
|deterministic_rewards:  True|
|episode_length:  1000|
|eval_env:  True|
|num_eval_episodes:  200|
|eval_every:  1|
|total_timesteps:  60000|
|unroll_length:  128|
|gamma:  0.99|
|learning_rate:  0.00025|
|target_scale:  1.0|
|pc_steps_per_update:  1|
|update_epochs:  4|
|num_minibatches:  4|
|normalize_advantages:  False|
|max_t1:  20|
|inference_rate_correction:  False|
|normalize_rewards:  False|
|exp_std:  True|
|state_indep_std:  False|
|optimizer:  adam|
|max_grad_norm:  0.5|
|natural_target:  False|
|target_clip:  None|
|target_clip_rel:  False|
|log_std_min:  None|
|width:  32|
|depth:  2|
|act_fn:  relu|
|policy_init_logit_bias:  [0.0, 4.0]|
|checkpoint_dir:  /home/user/Policy_Gradient_Predictive_Coding/outputs/checkpoints|
INFO:2026-08-02 20:04:08,923:jax._src.xla_bridge:927: Unable to initialize backend 'rocm': module 'jaxlib.xla_extension' has no attribute 'GpuAllocatorConfig'
Unable to initialize backend 'rocm': module 'jaxlib.xla_extension' has no attribute 'GpuAllocatorConfig'
INFO:2026-08-02 20:04:08,924:jax._src.xla_bridge:927: Unable to initialize backend 'tpu': INTERNAL: Failed to open libtpu.so: libtpu.so: cannot open shared object file: No such file or directory
Unable to initialize backend 'tpu': INTERNAL: Failed to open libtpu.so: libtpu.so: cannot open shared object file: No such file or directory
{'training/total_steps': 1024, 'training/updates': 1, 'training/walltime': np.float64(2.018), 'training/update_time': np.float64(2.018), 'training/pc_loss': 0.00014377725892700255, 'training/mean_reward': 0.9021482467651367, 'training/mean_advantage_abs': 0.004204399883747101, 'diag/policy_grad_norm_max': 0.01995442993938923, 'diag/policy_grad_norm_mean': 0.0110934404656291}
{'eval/num_episodes': 200, 'eval/mean_score': np.float64(0.9005), 'eval/std_score': np.float64(0.0071), 'eval/mean_episode_length': np.float64(1.0), 'eval/eval_time': np.float64(0.162)}
{'training/total_steps': 2048, 'training/updates': 2, 'training/walltime': np.float64(2.365), 'training/update_time': np.float64(0.17), 'training/pc_loss': 0.00010716637916630134, 'training/mean_reward': 0.9022459387779236, 'training/mean_advantage_abs': 0.004391164053231478, 'diag/policy_grad_norm_max': 0.018157005310058594, 'diag/policy_grad_norm_mean': 0.011667328886687756}
{'eval/num_episodes': 200, 'eval/mean_score': np.float64(0.901), 'eval/std_score': np.float64(0.0099), 'eval/mean_episode_length': np.float64(1.0), 'eval/eval_time': np.float64(0.001)}
{'training/total_steps': 3072, 'training/updates': 3, 'training/walltime': np.float64(2.533), 'training/update_time': np.float64(0.167), 'training/pc_loss': 0.00017628597561269999, 'training/mean_reward': 0.9026365876197815, 'training/mean_advantage_abs': 0.005134291015565395, 'diag/policy_grad_norm_max': 0.022282572463154793, 'diag/policy_grad_norm_mean': 0.013755475170910358}
{'eval/num_episodes': 200, 'eval/mean_score': np.float64(0.904), 'eval/std_score': np.float64(0.0196), 'eval/mean_episode_length': np.float64(1.0), 'eval/eval_time': np.float64(0.001)}
{'training/total_steps': 4096, 'training/updates': 4, 'training/walltime': np.float64(2.7), 'training/update_time': np.float64(0.165), 'training/pc_loss': 0.00034753477666527033, 'training/mean_reward': 0.9030271768569946, 'training/mean_advantage_abs': 0.005871257744729519, 'diag/policy_grad_norm_max': 0.026242801919579506, 'diag/policy_grad_norm_mean': 0.015876490622758865}
{'eval/num_episodes': 200, 'eval/mean_score': np.float64(0.905), 'eval/std_score': np.float64(0.0218), 'eval/mean_episode_length': np.float64(1.0), 'eval/eval_time': np.float64(0.001)}
{'training/total_steps': 5120, 'training/updates': 5, 'training/walltime': np.float64(2.882), 'training/update_time': np.float64(0.18), 'training/pc_loss': 0.0002460376708768308, 'training/mean_reward': 0.9021483063697815, 'training/mean_advantage_abs': 0.00420445716008544, 'diag/policy_grad_norm_max': 0.01654687337577343, 'diag/policy_grad_norm_mean': 0.011478638276457787}
{'eval/num_episodes': 200, 'eval/mean_score': np.float64(0.906), 'eval/std_score': np.float64(0.0237), 'eval/mean_episode_length': np.float64(1.0), 'eval/eval_time': np.float64(0.001)}
{'training/total_steps': 6144, 'training/updates': 6, 'training/walltime': np.float64(3.065), 'training/update_time': np.float64(0.181), 'training/pc_loss': 0.0003703247639350593, 'training/mean_reward': 0.9038084149360657, 'training/mean_advantage_abs': 0.007326937280595303, 'diag/policy_grad_norm_max': 0.03671375662088394, 'diag/policy_grad_norm_mean': 0.02019636705517769}
{'eval/num_episodes': 200, 'eval/mean_score': np.float64(0.903), 'eval/std_score': np.float64(0.0171), 'eval/mean_episode_length': np.float64(1.0), 'eval/eval_time': np.float64(0.001)}
{'training/total_steps': 7168, 'training/updates': 7, 'training/walltime': np.float64(3.22), 'training/update_time': np.float64(0.153), 'training/pc_loss': 0.000363694503903389, 'training/mean_reward': 0.9041013717651367, 'training/mean_advantage_abs': 0.007866516709327698, 'diag/policy_grad_norm_max': 0.031010357663035393, 'diag/policy_grad_norm_mean': 0.021922940388321877}
{'eval/num_episodes': 200, 'eval/mean_score': np.float64(0.902), 'eval/std_score': np.float64(0.014), 'eval/mean_episode_length': np.float64(1.0), 'eval/eval_time': np.float64(0.002)}
{'training/total_steps': 8192, 'training/updates': 8, 'training/walltime': np.float64(3.444), 'training/update_time': np.float64(0.222), 'training/pc_loss': 0.00032727333018556237, 'training/mean_reward': 0.9039061069488525, 'training/mean_advantage_abs': 0.00750721525400877, 'diag/policy_grad_norm_max': 0.02528616599738598, 'diag/policy_grad_norm_mean': 0.02115301601588726}
{'eval/num_episodes': 200, 'eval/mean_score': np.float64(0.9035), 'eval/std_score': np.float64(0.0184), 'eval/mean_episode_length': np.float64(1.0), 'eval/eval_time': np.float64(0.001)}
{'training/total_steps': 9216, 'training/updates': 9, 'training/walltime': np.float64(3.608), 'training/update_time': np.float64(0.162), 'training/pc_loss': 0.00041020920616574585, 'training/mean_reward': 0.9047850370407104, 'training/mean_advantage_abs': 0.009112272411584854, 'diag/policy_grad_norm_max': 0.03733162209391594, 'diag/policy_grad_norm_mean': 0.025957096368074417}
{'eval/num_episodes': 200, 'eval/mean_score': np.float64(0.905), 'eval/std_score': np.float64(0.0218), 'eval/mean_episode_length': np.float64(1.0), 'eval/eval_time': np.float64(0.001)}
{'training/total_steps': 10240, 'training/updates': 10, 'training/walltime': np.float64(3.802), 'training/update_time': np.float64(0.191), 'training/pc_loss': 0.0005383170209825039, 'training/mean_reward': 0.9061521887779236, 'training/mean_advantage_abs': 0.011547546833753586, 'diag/policy_grad_norm_max': 0.05346167832612991, 'diag/policy_grad_norm_mean': 0.033271342515945435}
{'eval/num_episodes': 200, 'eval/mean_score': np.float64(0.9085), 'eval/std_score': np.float64(0.0279), 'eval/mean_episode_length': np.float64(1.0), 'eval/eval_time': np.float64(0.001)}
{'training/total_steps': 11264, 'training/updates': 11, 'training/walltime': np.float64(3.961), 'training/update_time': np.float64(0.158), 'training/pc_loss': 0.0005838866345584393, 'training/mean_reward': 0.9079100489616394, 'training/mean_advantage_abs': 0.014568832702934742, 'diag/policy_grad_norm_max': 0.05734067037701607, 'diag/policy_grad_norm_mean': 0.04248914122581482}
{'eval/num_episodes': 200, 'eval/mean_score': np.float64(0.905), 'eval/std_score': np.float64(0.0218), 'eval/mean_episode_length': np.float64(1.0), 'eval/eval_time': np.float64(0.001)}
{'training/total_steps': 12288, 'training/updates': 12, 'training/walltime': np.float64(4.141), 'training/update_time': np.float64(0.179), 'training/pc_loss': 0.0005621784366667271, 'training/mean_reward': 0.9076170325279236, 'training/mean_advantage_abs': 0.014073834754526615, 'diag/policy_grad_norm_max': 0.050091348588466644, 'diag/policy_grad_norm_mean': 0.041543345898389816}
{'eval/num_episodes': 200, 'eval/mean_score': np.float64(0.9105), 'eval/std_score': np.float64(0.0307), 'eval/mean_episode_length': np.float64(1.0), 'eval/eval_time': np.float64(0.002)}
{'training/total_steps': 13312, 'training/updates': 13, 'training/walltime': np.float64(4.305), 'training/update_time': np.float64(0.162), 'training/pc_loss': 0.0006731615867465734, 'training/mean_reward': 0.9113280177116394, 'training/mean_advantage_abs': 0.020089659839868546, 'diag/policy_grad_norm_max': 0.0708586573600769, 'diag/policy_grad_norm_mean': 0.059992559254169464}
{'eval/num_episodes': 200, 'eval/mean_score': np.float64(0.914), 'eval/std_score': np.float64(0.0347), 'eval/mean_episode_length': np.float64(1.0), 'eval/eval_time': np.float64(0.001)}
{'training/total_steps': 14336, 'training/updates': 14, 'training/walltime': np.float64(4.484), 'training/update_time': np.float64(0.177), 'training/pc_loss': 0.0005676556029357016, 'training/mean_reward': 0.9135740995407104, 'training/mean_advantage_abs': 0.023463182151317596, 'diag/policy_grad_norm_max': 0.08658989518880844, 'diag/policy_grad_norm_mean': 0.0709402933716774}
{'eval/num_episodes': 200, 'eval/mean_score': np.float64(0.916), 'eval/std_score': np.float64(0.0367), 'eval/mean_episode_length': np.float64(1.0), 'eval/eval_time': np.float64(0.002)}
{'training/total_steps': 15360, 'training/updates': 15, 'training/walltime': np.float64(4.653), 'training/update_time': np.float64(0.167), 'training/pc_loss': 0.0007548631401732564, 'training/mean_reward': 0.9184569120407104, 'training/mean_advantage_abs': 0.030100766569375992, 'diag/policy_grad_norm_max': 0.11565478891134262, 'diag/policy_grad_norm_mean': 0.0921168178319931}
{'eval/num_episodes': 200, 'eval/mean_score': np.float64(0.918), 'eval/std_score': np.float64(0.0384), 'eval/mean_episode_length': np.float64(1.0), 'eval/eval_time': np.float64(0.001)}
{'training/total_steps': 16384, 'training/updates': 16, 'training/walltime': np.float64(4.833), 'training/update_time': np.float64(0.179), 'training/pc_loss': 0.0007221876876428723, 'training/mean_reward': 0.9234373569488525, 'training/mean_advantage_abs': 0.035888612270355225, 'diag/policy_grad_norm_max': 0.12227567285299301, 'diag/policy_grad_norm_mean': 0.11115285009145737}
{'eval/num_episodes': 200, 'eval/mean_score': np.float64(0.926), 'eval/std_score': np.float64(0.0439), 'eval/mean_episode_length': np.float64(1.0), 'eval/eval_time': np.float64(0.001)}
{'training/total_steps': 17408, 'training/updates': 17, 'training/walltime': np.float64(5.018), 'training/update_time': np.float64(0.183), 'training/pc_loss': 0.0006273811450228095, 'training/mean_reward': 0.9276366233825684, 'training/mean_advantage_abs': 0.039997648447752, 'diag/policy_grad_norm_max': 0.14047984778881073, 'diag/policy_grad_norm_mean': 0.12525808811187744}
{'eval/num_episodes': 200, 'eval/mean_score': np.float64(0.935), 'eval/std_score': np.float64(0.0477), 'eval/mean_episode_length': np.float64(1.0), 'eval/eval_time': np.float64(0.001)}
{'training/total_steps': 18432, 'training/updates': 18, 'training/walltime': np.float64(5.188), 'training/update_time': np.float64(0.168), 'training/pc_loss': 0.0005921495030634105, 'training/mean_reward': 0.9367186427116394, 'training/mean_advantage_abs': 0.046472154557704926, 'diag/policy_grad_norm_max': 0.15218886733055115, 'diag/policy_grad_norm_mean': 0.14713886380195618}
{'eval/num_episodes': 200, 'eval/mean_score': np.float64(0.941), 'eval/std_score': np.float64(0.0492), 'eval/mean_episode_length': np.float64(1.0), 'eval/eval_time': np.float64(0.001)}
{'training/total_steps': 19456, 'training/updates': 19, 'training/walltime': np.float64(5.352), 'training/update_time': np.float64(0.162), 'training/pc_loss': 0.0006195512833073735, 'training/mean_reward': 0.9464843273162842, 'training/mean_advantage_abs': 0.049752816557884216, 'diag/policy_grad_norm_max': 0.16057217121124268, 'diag/policy_grad_norm_mean': 0.15917663276195526}
{'eval/num_episodes': 200, 'eval/mean_score': np.float64(0.955), 'eval/std_score': np.float64(0.0497), 'eval/mean_episode_length': np.float64(1.0), 'eval/eval_time': np.float64(0.003)}
{'training/total_steps': 20480, 'training/updates': 20, 'training/walltime': np.float64(5.53), 'training/update_time': np.float64(0.176), 'training/pc_loss': 0.000734398839995265, 'training/mean_reward': 0.9556640386581421, 'training/mean_advantage_abs': 0.04935838282108307, 'diag/policy_grad_norm_max': 0.16422218084335327, 'diag/policy_grad_norm_mean': 0.1594141274690628}
{'eval/num_episodes': 200, 'eval/mean_score': np.float64(0.9615), 'eval/std_score': np.float64(0.0487), 'eval/mean_episode_length': np.float64(1.0), 'eval/eval_time': np.float64(0.001)}
{'training/total_steps': 21504, 'training/updates': 21, 'training/walltime': np.float64(5.72), 'training/update_time': np.float64(0.188), 'training/pc_loss': 0.0008179364958778024, 'training/mean_reward': 0.9629882574081421, 'training/mean_advantage_abs': 0.04662610590457916, 'diag/policy_grad_norm_max': 0.15757663547992706, 'diag/policy_grad_norm_mean': 0.1518418788909912}
{'eval/num_episodes': 200, 'eval/mean_score': np.float64(0.967), 'eval/std_score': np.float64(0.047), 'eval/mean_episode_length': np.float64(1.0), 'eval/eval_time': np.float64(0.001)}
{'training/total_steps': 22528, 'training/updates': 22, 'training/walltime': np.float64(5.895), 'training/update_time': np.float64(0.172), 'training/pc_loss': 0.0009233001037500799, 'training/mean_reward': 0.9695311784744263, 'training/mean_advantage_abs': 0.042370639741420746, 'diag/policy_grad_norm_max': 0.15474265813827515, 'diag/policy_grad_norm_mean': 0.13904234766960144}
{'eval/num_episodes': 200, 'eval/mean_score': np.float64(0.977), 'eval/std_score': np.float64(0.0421), 'eval/mean_episode_length': np.float64(1.0), 'eval/eval_time': np.float64(0.001)}
{'training/total_steps': 23552, 'training/updates': 23, 'training/walltime': np.float64(6.064), 'training/update_time': np.float64(0.168), 'training/pc_loss': 0.0008493639761582017, 'training/mean_reward': 0.9769530892372131, 'training/mean_advantage_abs': 0.03547060489654541, 'diag/policy_grad_norm_max': 0.13800793886184692, 'diag/policy_grad_norm_mean': 0.117133729159832}
{'eval/num_episodes': 200, 'eval/mean_score': np.float64(0.9855), 'eval/std_score': np.float64(0.0352), 'eval/mean_episode_length': np.float64(1.0), 'eval/eval_time': np.float64(0.001)}
{'training/total_steps': 24576, 'training/updates': 24, 'training/walltime': np.float64(6.267), 'training/update_time': np.float64(0.201), 'training/pc_loss': 0.0009997491724789143, 'training/mean_reward': 0.9822264909744263, 'training/mean_advantage_abs': 0.029229022562503815, 'diag/policy_grad_norm_max': 0.10967303067445755, 'diag/policy_grad_norm_mean': 0.0970344990491867}
{'eval/num_episodes': 200, 'eval/mean_score': np.float64(0.987), 'eval/std_score': np.float64(0.0336), 'eval/mean_episode_length': np.float64(1.0), 'eval/eval_time': np.float64(0.002)}
{'training/total_steps': 25600, 'training/updates': 25, 'training/walltime': np.float64(6.447), 'training/update_time': np.float64(0.177), 'training/pc_loss': 0.0010358239524066448, 'training/mean_reward': 0.9857422113418579, 'training/mean_advantage_abs': 0.0244499072432518, 'diag/policy_grad_norm_max': 0.10174072533845901, 'diag/policy_grad_norm_mean': 0.08152590692043304}
{'eval/num_episodes': 200, 'eval/mean_score': np.float64(0.988), 'eval/std_score': np.float64(0.0325), 'eval/mean_episode_length': np.float64(1.0), 'eval/eval_time': np.float64(0.002)}
{'training/total_steps': 26624, 'training/updates': 26, 'training/walltime': np.float64(6.658), 'training/update_time': np.float64(0.208), 'training/pc_loss': 0.0008441322715952992, 'training/mean_reward': 0.9878906011581421, 'training/mean_advantage_abs': 0.02128603309392929, 'diag/policy_grad_norm_max': 0.08127337694168091, 'diag/policy_grad_norm_mean': 0.07123393565416336}
{'eval/num_episodes': 200, 'eval/mean_score': np.float64(0.9905), 'eval/std_score': np.float64(0.0293), 'eval/mean_episode_length': np.float64(1.0), 'eval/eval_time': np.float64(0.002)}
{'training/total_steps': 27648, 'training/updates': 27, 'training/walltime': np.float64(6.851), 'training/update_time': np.float64(0.191), 'training/pc_loss': 0.000766508630476892, 'training/mean_reward': 0.9874999523162842, 'training/mean_advantage_abs': 0.021875038743019104, 'diag/policy_grad_norm_max': 0.08953055739402771, 'diag/policy_grad_norm_mean': 0.07344736158847809}
{'eval/num_episodes': 200, 'eval/mean_score': np.float64(0.9905), 'eval/std_score': np.float64(0.0293), 'eval/mean_episode_length': np.float64(1.0), 'eval/eval_time': np.float64(0.001)}
{'training/total_steps': 28672, 'training/updates': 28, 'training/walltime': np.float64(7.052), 'training/update_time': np.float64(0.2), 'training/pc_loss': 0.0008247253717854619, 'training/mean_reward': 0.9911132454872131, 'training/mean_advantage_abs': 0.016193993389606476, 'diag/policy_grad_norm_max': 0.0747329518198967, 'diag/policy_grad_norm_mean': 0.05454522743821144}
{'eval/num_episodes': 200, 'eval/mean_score': np.float64(0.9895), 'eval/std_score': np.float64(0.0307), 'eval/mean_episode_length': np.float64(1.0), 'eval/eval_time': np.float64(0.002)}
{'training/total_steps': 29696, 'training/updates': 29, 'training/walltime': np.float64(7.23), 'training/update_time': np.float64(0.176), 'training/pc_loss': 0.0005219153827056289, 'training/mean_reward': 0.99267578125, 'training/mean_advantage_abs': 0.013575555756688118, 'diag/policy_grad_norm_max': 0.0553661584854126, 'diag/policy_grad_norm_mean': 0.04583321511745453}
{'eval/num_episodes': 200, 'eval/mean_score': np.float64(0.995), 'eval/std_score': np.float64(0.0218), 'eval/mean_episode_length': np.float64(1.0), 'eval/eval_time': np.float64(0.001)}
{'training/total_steps': 30720, 'training/updates': 30, 'training/walltime': np.float64(7.398), 'training/update_time': np.float64(0.166), 'training/pc_loss': 0.0005618756404146552, 'training/mean_reward': 0.992871105670929, 'training/mean_advantage_abs': 0.013241378590464592, 'diag/policy_grad_norm_max': 0.06023810803890228, 'diag/policy_grad_norm_mean': 0.044801391661167145}
{'eval/num_episodes': 200, 'eval/mean_score': np.float64(0.989), 'eval/std_score': np.float64(0.0313), 'eval/mean_episode_length': np.float64(1.0), 'eval/eval_time': np.float64(0.001)}
{'training/total_steps': 31744, 'training/updates': 31, 'training/walltime': np.float64(7.573), 'training/update_time': np.float64(0.173), 'training/pc_loss': 0.0004181894473731518, 'training/mean_reward': 0.9926757216453552, 'training/mean_advantage_abs': 0.013575606048107147, 'diag/policy_grad_norm_max': 0.05816866457462311, 'diag/policy_grad_norm_mean': 0.046024128794670105}
{'eval/num_episodes': 200, 'eval/mean_score': np.float64(0.9965), 'eval/std_score': np.float64(0.0184), 'eval/mean_episode_length': np.float64(1.0), 'eval/eval_time': np.float64(0.001)}
{'training/total_steps': 32768, 'training/updates': 32, 'training/walltime': np.float64(7.758), 'training/update_time': np.float64(0.182), 'training/pc_loss': 0.00040944654028862715, 'training/mean_reward': 0.99462890625, 'training/mean_advantage_abs': 0.010165215469896793, 'diag/policy_grad_norm_max': 0.05177493765950203, 'diag/policy_grad_norm_mean': 0.03452976047992706}
{'eval/num_episodes': 200, 'eval/mean_score': np.float64(0.997), 'eval/std_score': np.float64(0.0171), 'eval/mean_episode_length': np.float64(1.0), 'eval/eval_time': np.float64(0.001)}
{'training/total_steps': 33792, 'training/updates': 33, 'training/walltime': np.float64(7.922), 'training/update_time': np.float64(0.163), 'training/pc_loss': 0.000401092111133039, 'training/mean_reward': 0.9931640028953552, 'training/mean_advantage_abs': 0.012737327255308628, 'diag/policy_grad_norm_max': 0.05396503582596779, 'diag/policy_grad_norm_mean': 0.04334408789873123}
{'eval/num_episodes': 200, 'eval/mean_score': np.float64(0.996), 'eval/std_score': np.float64(0.0196), 'eval/mean_episode_length': np.float64(1.0), 'eval/eval_time': np.float64(0.002)}
{'training/total_steps': 34816, 'training/updates': 34, 'training/walltime': np.float64(8.09), 'training/update_time': np.float64(0.165), 'training/pc_loss': 0.00045066149323247373, 'training/mean_reward': 0.9947265386581421, 'training/mean_advantage_abs': 0.009990714490413666, 'diag/policy_grad_norm_max': 0.04969920963048935, 'diag/policy_grad_norm_mean': 0.034059494733810425}
{'eval/num_episodes': 200, 'eval/mean_score': np.float64(0.995), 'eval/std_score': np.float64(0.0218), 'eval/mean_episode_length': np.float64(1.0), 'eval/eval_time': np.float64(0.001)}
{'training/total_steps': 35840, 'training/updates': 35, 'training/walltime': np.float64(8.257), 'training/update_time': np.float64(0.165), 'training/pc_loss': 0.00034014490665867925, 'training/mean_reward': 0.9970703125, 'training/mean_advantage_abs': 0.005687714088708162, 'diag/policy_grad_norm_max': 0.03552161902189255, 'diag/policy_grad_norm_mean': 0.01942003332078457}
{'eval/num_episodes': 200, 'eval/mean_score': np.float64(0.9985), 'eval/std_score': np.float64(0.0122), 'eval/mean_episode_length': np.float64(1.0), 'eval/eval_time': np.float64(0.001)}
{'training/total_steps': 36864, 'training/updates': 36, 'training/walltime': np.float64(8.414), 'training/update_time': np.float64(0.155), 'training/pc_loss': 0.00023919684463180602, 'training/mean_reward': 0.9970703125, 'training/mean_advantage_abs': 0.005687714088708162, 'diag/policy_grad_norm_max': 0.02817656844854355, 'diag/policy_grad_norm_mean': 0.019440926611423492}
{'eval/num_episodes': 200, 'eval/mean_score': np.float64(0.9935), 'eval/std_score': np.float64(0.0247), 'eval/mean_episode_length': np.float64(1.0), 'eval/eval_time': np.float64(0.002)}
{'training/total_steps': 37888, 'training/updates': 37, 'training/walltime': np.float64(8.581), 'training/update_time': np.float64(0.166), 'training/pc_loss': 0.0002050796028925106, 'training/mean_reward': 0.996874988079071, 'training/mean_advantage_abs': 0.006054699420928955, 'diag/policy_grad_norm_max': 0.030703403055667877, 'diag/policy_grad_norm_mean': 0.020716112107038498}
{'eval/num_episodes': 200, 'eval/mean_score': np.float64(0.9975), 'eval/std_score': np.float64(0.0156), 'eval/mean_episode_length': np.float64(1.0), 'eval/eval_time': np.float64(0.001)}
{'training/total_steps': 38912, 'training/updates': 38, 'training/walltime': np.float64(8.74), 'training/update_time': np.float64(0.157), 'training/pc_loss': 0.00034321803832426667, 'training/mean_reward': 0.996874988079071, 'training/mean_advantage_abs': 0.006054699420928955, 'diag/policy_grad_norm_max': 0.03072786144912243, 'diag/policy_grad_norm_mean': 0.02073519490659237}
{'eval/num_episodes': 200, 'eval/mean_score': np.float64(0.9955), 'eval/std_score': np.float64(0.0207), 'eval/mean_episode_length': np.float64(1.0), 'eval/eval_time': np.float64(0.001)}
{'training/total_steps': 39936, 'training/updates': 39, 'training/walltime': np.float64(8.911), 'training/update_time': np.float64(0.168), 'training/pc_loss': 0.00027354329358786345, 'training/mean_reward': 0.9964843988418579, 'training/mean_advantage_abs': 0.006784036755561829, 'diag/policy_grad_norm_max': 0.03577711433172226, 'diag/policy_grad_norm_mean': 0.023256804794073105}
{'eval/num_episodes': 200, 'eval/mean_score': np.float64(0.9965), 'eval/std_score': np.float64(0.0184), 'eval/mean_episode_length': np.float64(1.0), 'eval/eval_time': np.float64(0.001)}
{'training/total_steps': 40960, 'training/updates': 40, 'training/walltime': np.float64(9.098), 'training/update_time': np.float64(0.185), 'training/pc_loss': 0.0002795866457745433, 'training/mean_reward': 0.9973633289337158, 'training/mean_advantage_abs': 0.00513434736058116, 'diag/policy_grad_norm_max': 0.028388408944010735, 'diag/policy_grad_norm_mean': 0.01762065477669239}
{'eval/num_episodes': 200, 'eval/mean_score': np.float64(0.998), 'eval/std_score': np.float64(0.014), 'eval/mean_episode_length': np.float64(1.0), 'eval/eval_time': np.float64(0.001)}
{'training/total_steps': 41984, 'training/updates': 41, 'training/walltime': np.float64(9.267), 'training/update_time': np.float64(0.167), 'training/pc_loss': 0.0002116058603860438, 'training/mean_reward': 0.9976562261581421, 'training/mean_advantage_abs': 0.004577660001814365, 'diag/policy_grad_norm_max': 0.025921985507011414, 'diag/policy_grad_norm_mean': 0.01572422683238983}
{'eval/num_episodes': 200, 'eval/mean_score': np.float64(0.998), 'eval/std_score': np.float64(0.014), 'eval/mean_episode_length': np.float64(1.0), 'eval/eval_time': np.float64(0.002)}
{'training/total_steps': 43008, 'training/updates': 42, 'training/walltime': np.float64(9.452), 'training/update_time': np.float64(0.183), 'training/pc_loss': 0.0002117842814186588, 'training/mean_reward': 0.99755859375, 'training/mean_advantage_abs': 0.004763603676110506, 'diag/policy_grad_norm_max': 0.02593410573899746, 'diag/policy_grad_norm_mean': 0.01637674681842327}
{'eval/num_episodes': 200, 'eval/mean_score': np.float64(0.9975), 'eval/std_score': np.float64(0.0156), 'eval/mean_episode_length': np.float64(1.0), 'eval/eval_time': np.float64(0.002)}
{'training/total_steps': 44032, 'training/updates': 43, 'training/walltime': np.float64(9.633), 'training/update_time': np.float64(0.179), 'training/pc_loss': 0.0002820510126184672, 'training/mean_reward': 0.9973632097244263, 'training/mean_advantage_abs': 0.005134460516273975, 'diag/policy_grad_norm_max': 0.028510035946965218, 'diag/policy_grad_norm_mean': 0.017665769904851913}
{'eval/num_episodes': 200, 'eval/mean_score': np.float64(0.998), 'eval/std_score': np.float64(0.014), 'eval/mean_episode_length': np.float64(1.0), 'eval/eval_time': np.float64(0.002)}
{'training/total_steps': 45056, 'training/updates': 44, 'training/walltime': np.float64(9.81), 'training/update_time': np.float64(0.175), 'training/pc_loss': 0.0002817436179611832, 'training/mean_reward': 0.9971679449081421, 'training/mean_advantage_abs': 0.005503677763044834, 'diag/policy_grad_norm_max': 0.02598218061029911, 'diag/policy_grad_norm_mean': 0.01895405538380146}
{'eval/num_episodes': 200, 'eval/mean_score': np.float64(0.998), 'eval/std_score': np.float64(0.014), 'eval/mean_episode_length': np.float64(1.0), 'eval/eval_time': np.float64(0.002)}
{'training/total_steps': 46080, 'training/updates': 45, 'training/walltime': np.float64(10.009), 'training/update_time': np.float64(0.197), 'training/pc_loss': 0.0002491888590157032, 'training/mean_reward': 0.99755859375, 'training/mean_advantage_abs': 0.004763603676110506, 'diag/policy_grad_norm_max': 0.02348014898598194, 'diag/policy_grad_norm_mean': 0.01642119511961937}
{'eval/num_episodes': 200, 'eval/mean_score': np.float64(0.998), 'eval/std_score': np.float64(0.014), 'eval/mean_episode_length': np.float64(1.0), 'eval/eval_time': np.float64(0.001)}
{'training/total_steps': 47104, 'training/updates': 46, 'training/walltime': np.float64(10.201), 'training/update_time': np.float64(0.189), 'training/pc_loss': 0.00014218738942872733, 'training/mean_reward': 0.9973632097244263, 'training/mean_advantage_abs': 0.005134460516273975, 'diag/policy_grad_norm_max': 0.028646428138017654, 'diag/policy_grad_norm_mean': 0.0177158173173666}
{'eval/num_episodes': 200, 'eval/mean_score': np.float64(0.998), 'eval/std_score': np.float64(0.014), 'eval/mean_episode_length': np.float64(1.0), 'eval/eval_time': np.float64(0.002)}
{'training/total_steps': 48128, 'training/updates': 47, 'training/walltime': np.float64(10.374), 'training/update_time': np.float64(0.171), 'training/pc_loss': 0.00021424016449600458, 'training/mean_reward': 0.9974609613418579, 'training/mean_advantage_abs': 0.004949166439473629, 'diag/policy_grad_norm_max': 0.028696611523628235, 'diag/policy_grad_norm_mean': 0.017090877518057823}
{'eval/num_episodes': 200, 'eval/mean_score': np.float64(0.9975), 'eval/std_score': np.float64(0.0156), 'eval/mean_episode_length': np.float64(1.0), 'eval/eval_time': np.float64(0.001)}
{'training/total_steps': 49152, 'training/updates': 48, 'training/walltime': np.float64(10.549), 'training/update_time': np.float64(0.174), 'training/pc_loss': 0.00011012196773663163, 'training/mean_reward': 0.9987304210662842, 'training/mean_advantage_abs': 0.002506874967366457, 'diag/policy_grad_norm_max': 0.018474753946065903, 'diag/policy_grad_norm_mean': 0.00866407249122858}
{'eval/num_episodes': 200, 'eval/mean_score': np.float64(0.9975), 'eval/std_score': np.float64(0.0156), 'eval/mean_episode_length': np.float64(1.0), 'eval/eval_time': np.float64(0.001)}
{'training/total_steps': 50176, 'training/updates': 49, 'training/walltime': np.float64(10.721), 'training/update_time': np.float64(0.17), 'training/pc_loss': 0.0002188189246226102, 'training/mean_reward': 0.9983398914337158, 'training/mean_advantage_abs': 0.0032651443034410477, 'diag/policy_grad_norm_max': 0.015865903347730637, 'diag/policy_grad_norm_mean': 0.011293304152786732}
{'eval/num_episodes': 200, 'eval/mean_score': np.float64(0.9995), 'eval/std_score': np.float64(0.0071), 'eval/mean_episode_length': np.float64(1.0), 'eval/eval_time': np.float64(0.001)}
{'training/total_steps': 51200, 'training/updates': 50, 'training/walltime': np.float64(10.889), 'training/update_time': np.float64(0.166), 'training/pc_loss': 0.00014694678247906268, 'training/mean_reward': 0.9986327886581421, 'training/mean_advantage_abs': 0.002697014482691884, 'diag/policy_grad_norm_max': 0.01849946938455105, 'diag/policy_grad_norm_mean': 0.009332031011581421}
{'eval/num_episodes': 200, 'eval/mean_score': np.float64(0.9975), 'eval/std_score': np.float64(0.0156), 'eval/mean_episode_length': np.float64(1.0), 'eval/eval_time': np.float64(0.001)}
{'training/total_steps': 52224, 'training/updates': 51, 'training/walltime': np.float64(11.056), 'training/update_time': np.float64(0.166), 'training/pc_loss': 0.00021727857529185712, 'training/mean_reward': 0.9978516101837158, 'training/mean_advantage_abs': 0.0042045144364237785, 'diag/policy_grad_norm_max': 0.02367352694272995, 'diag/policy_grad_norm_mean': 0.01455956045538187}
{'eval/num_episodes': 200, 'eval/mean_score': np.float64(0.999), 'eval/std_score': np.float64(0.0099), 'eval/mean_episode_length': np.float64(1.0), 'eval/eval_time': np.float64(0.001)}
{'training/total_steps': 53248, 'training/updates': 52, 'training/walltime': np.float64(11.248), 'training/update_time': np.float64(0.19), 'training/pc_loss': 0.000147099926834926, 'training/mean_reward': 0.99853515625, 'training/mean_advantage_abs': 0.002886772621423006, 'diag/policy_grad_norm_max': 0.02116808108985424, 'diag/policy_grad_norm_mean': 0.010002807714045048}
{'eval/num_episodes': 200, 'eval/mean_score': np.float64(0.999), 'eval/std_score': np.float64(0.0099), 'eval/mean_episode_length': np.float64(1.0), 'eval/eval_time': np.float64(0.002)}
{'training/total_steps': 54272, 'training/updates': 53, 'training/walltime': np.float64(11.454), 'training/update_time': np.float64(0.204), 'training/pc_loss': 0.0002939886471722275, 'training/mean_reward': 0.9984375238418579, 'training/mean_advantage_abs': 0.0030761491507291794, 'diag/policy_grad_norm_max': 0.02117902599275112, 'diag/policy_grad_norm_mean': 0.010665498673915863}
{'eval/num_episodes': 200, 'eval/mean_score': np.float64(0.9985), 'eval/std_score': np.float64(0.0122), 'eval/mean_episode_length': np.float64(1.0), 'eval/eval_time': np.float64(0.002)}
{'training/total_steps': 55296, 'training/updates': 54, 'training/walltime': np.float64(11.632), 'training/update_time': np.float64(0.176), 'training/pc_loss': 0.00014718109741806984, 'training/mean_reward': 0.9984375238418579, 'training/mean_advantage_abs': 0.0030761491507291794, 'diag/policy_grad_norm_max': 0.018558921292424202, 'diag/policy_grad_norm_mean': 0.010672168806195259}
{'eval/num_episodes': 200, 'eval/mean_score': np.float64(0.9995), 'eval/std_score': np.float64(0.0071), 'eval/mean_episode_length': np.float64(1.0), 'eval/eval_time': np.float64(0.001)}
{'training/total_steps': 56320, 'training/updates': 55, 'training/walltime': np.float64(11.803), 'training/update_time': np.float64(0.169), 'training/pc_loss': 7.411222031805664e-05, 'training/mean_reward': 0.998730480670929, 'training/mean_advantage_abs': 0.002506816992536187, 'diag/policy_grad_norm_max': 0.01595725491642952, 'diag/policy_grad_norm_mean': 0.008702151477336884}
{'eval/num_episodes': 200, 'eval/mean_score': np.float64(1.0), 'eval/std_score': np.float64(0.0), 'eval/mean_episode_length': np.float64(1.0), 'eval/eval_time': np.float64(0.001)}
{'training/total_steps': 57344, 'training/updates': 56, 'training/walltime': np.float64(11.954), 'training/update_time': np.float64(0.15), 'training/pc_loss': 0.00014895029016770422, 'training/mean_reward': 0.9989258050918579, 'training/mean_advantage_abs': 0.002125335391610861, 'diag/policy_grad_norm_max': 0.013344227336347103, 'diag/policy_grad_norm_mean': 0.007382443640381098}
{'eval/num_episodes': 200, 'eval/mean_score': np.float64(0.999), 'eval/std_score': np.float64(0.0099), 'eval/mean_episode_length': np.float64(1.0), 'eval/eval_time': np.float64(0.002)}
{'training/total_steps': 58368, 'training/updates': 57, 'training/walltime': np.float64(12.11), 'training/update_time': np.float64(0.155), 'training/pc_loss': 7.497095793951303e-05, 'training/mean_reward': 0.999218761920929, 'training/mean_advantage_abs': 0.0015502814203500748, 'diag/policy_grad_norm_max': 0.010703547857701778, 'diag/policy_grad_norm_mean': 0.0053873490542173386}
{'eval/num_episodes': 200, 'eval/mean_score': np.float64(0.9985), 'eval/std_score': np.float64(0.0122), 'eval/mean_episode_length': np.float64(1.0), 'eval/eval_time': np.float64(0.001)}
{'training/total_steps': 59392, 'training/updates': 58, 'training/walltime': np.float64(12.276), 'training/update_time': np.float64(0.164), 'training/pc_loss': 7.472722791135311e-05, 'training/mean_reward': 0.9990234375, 'training/mean_advantage_abs': 0.0019340517465025187, 'diag/policy_grad_norm_max': 0.013363717123866081, 'diag/policy_grad_norm_mean': 0.006723648402839899}
{'eval/num_episodes': 200, 'eval/mean_score': np.float64(0.999), 'eval/std_score': np.float64(0.0099), 'eval/mean_episode_length': np.float64(1.0), 'eval/eval_time': np.float64(0.001)}
{'training/total_steps': 60416, 'training/updates': 59, 'training/walltime': np.float64(12.437), 'training/update_time': np.float64(0.159), 'training/pc_loss': 0.0001481140061514452, 'training/mean_reward': 0.99853515625, 'training/mean_advantage_abs': 0.002886772621423006, 'diag/policy_grad_norm_max': 0.018633084371685982, 'diag/policy_grad_norm_mean': 0.01003939937800169}
{'eval/num_episodes': 200, 'eval/mean_score': np.float64(0.9995), 'eval/std_score': np.float64(0.0071), 'eval/mean_episode_length': np.float64(1.0), 'eval/eval_time': np.float64(0.002)}
TRAINING END: training duration: 12.438760757446289
