[run_train] algorithm=pc_reinforce env=bandit num_envs=8 total_steps=60000 seed=4 use_cnn=None
|param: value|
|experiment_name:  pc_reinforce|
|seed:  4|
|write_logs_to_file:  False|
|save_model:  False|
|env_name:  bandit|
|num_envs:  8|
|num_train_levels:  200|
|distribution_mode:  easy|
|arm_means:  [1.0, 0.9]|
|deterministic_rewards:  True|
|episode_length:  1000|
|eval_env:  True|
|num_eval_episodes:  200|
|eval_every:  1|
|total_timesteps:  60000|
|unroll_length:  128|
|gamma:  0.99|
|learning_rate:  0.00025|
|target_scale:  1.0|
|pc_steps_per_update:  1|
|update_epochs:  4|
|num_minibatches:  4|
|normalize_advantages:  False|
|max_t1:  20|
|inference_rate_correction:  True|
|normalize_rewards:  False|
|exp_std:  True|
|state_indep_std:  False|
|optimizer:  adam|
|max_grad_norm:  0.5|
|natural_target:  False|
|target_clip:  None|
|target_clip_rel:  False|
|log_std_min:  None|
|width:  32|
|depth:  2|
|act_fn:  relu|
|policy_init_logit_bias:  [0.0, 4.0]|
|checkpoint_dir:  /home/user/Policy_Gradient_Predictive_Coding/outputs/checkpoints|
INFO:2026-08-02 20:05:23,732:jax._src.xla_bridge:927: Unable to initialize backend 'rocm': module 'jaxlib.xla_extension' has no attribute 'GpuAllocatorConfig'
Unable to initialize backend 'rocm': module 'jaxlib.xla_extension' has no attribute 'GpuAllocatorConfig'
INFO:2026-08-02 20:05:23,733:jax._src.xla_bridge:927: Unable to initialize backend 'tpu': INTERNAL: Failed to open libtpu.so: libtpu.so: cannot open shared object file: No such file or directory
Unable to initialize backend 'tpu': INTERNAL: Failed to open libtpu.so: libtpu.so: cannot open shared object file: No such file or directory
{'training/total_steps': 1024, 'training/updates': 1, 'training/walltime': np.float64(1.965), 'training/update_time': np.float64(1.965), 'training/pc_loss': 0.0003596528258640319, 'training/mean_reward': 0.9023435711860657, 'training/mean_advantage_abs': 0.004577489569783211, 'diag/policy_grad_norm_max': 0.01879183202981949, 'diag/policy_grad_norm_mean': 0.011345556005835533}
{'eval/num_episodes': 200, 'eval/mean_score': np.float64(0.901), 'eval/std_score': np.float64(0.0099), 'eval/mean_episode_length': np.float64(1.0), 'eval/eval_time': np.float64(0.172)}
{'training/total_steps': 2048, 'training/updates': 2, 'training/walltime': np.float64(2.334), 'training/update_time': np.float64(0.178), 'training/pc_loss': 0.00026297508156858385, 'training/mean_reward': 0.9011716842651367, 'training/mean_advantage_abs': 0.0023161214776337147, 'diag/policy_grad_norm_max': 0.01315792091190815, 'diag/policy_grad_norm_mean': 0.00589432567358017}
{'eval/num_episodes': 200, 'eval/mean_score': np.float64(0.9015), 'eval/std_score': np.float64(0.0122), 'eval/mean_episode_length': np.float64(1.0), 'eval/eval_time': np.float64(0.001)}
{'training/total_steps': 3072, 'training/updates': 3, 'training/walltime': np.float64(2.533), 'training/update_time': np.float64(0.198), 'training/pc_loss': 0.00018097269639838487, 'training/mean_reward': 0.9022459983825684, 'training/mean_advantage_abs': 0.004391221329569817, 'diag/policy_grad_norm_max': 0.01675153709948063, 'diag/policy_grad_norm_mean': 0.01076722051948309}
{'eval/num_episodes': 200, 'eval/mean_score': np.float64(0.9025), 'eval/std_score': np.float64(0.0156), 'eval/mean_episode_length': np.float64(1.0), 'eval/eval_time': np.float64(0.001)}
{'training/total_steps': 4096, 'training/updates': 4, 'training/walltime': np.float64(2.727), 'training/update_time': np.float64(0.192), 'training/pc_loss': 0.00021732403547503054, 'training/mean_reward': 0.9014647006988525, 'training/mean_advantage_abs': 0.0028866566717624664, 'diag/policy_grad_norm_max': 0.016643058508634567, 'diag/policy_grad_norm_mean': 0.0072040678933262825}
{'eval/num_episodes': 200, 'eval/mean_score': np.float64(0.9015), 'eval/std_score': np.float64(0.0122), 'eval/mean_episode_length': np.float64(1.0), 'eval/eval_time': np.float64(0.002)}
{'training/total_steps': 5120, 'training/updates': 5, 'training/walltime': np.float64(2.943), 'training/update_time': np.float64(0.213), 'training/pc_loss': 0.000452303618658334, 'training/mean_reward': 0.9032224416732788, 'training/mean_advantage_abs': 0.006237424444407225, 'diag/policy_grad_norm_max': 0.023563392460346222, 'diag/policy_grad_norm_mean': 0.015109803527593613}
{'eval/num_episodes': 200, 'eval/mean_score': np.float64(0.902), 'eval/std_score': np.float64(0.014), 'eval/mean_episode_length': np.float64(1.0), 'eval/eval_time': np.float64(0.001)}
{'training/total_steps': 6144, 'training/updates': 6, 'training/walltime': np.float64(3.158), 'training/update_time': np.float64(0.214), 'training/pc_loss': 0.0003480978775769472, 'training/mean_reward': 0.9033201336860657, 'training/mean_advantage_abs': 0.006419991608709097, 'diag/policy_grad_norm_max': 0.01997418887913227, 'diag/policy_grad_norm_mean': 0.015531198121607304}
{'eval/num_episodes': 200, 'eval/mean_score': np.float64(0.9035), 'eval/std_score': np.float64(0.0184), 'eval/mean_episode_length': np.float64(1.0), 'eval/eval_time': np.float64(0.001)}
{'training/total_steps': 7168, 'training/updates': 7, 'training/walltime': np.float64(3.401), 'training/update_time': np.float64(0.241), 'training/pc_loss': 0.00023546851298306137, 'training/mean_reward': 0.9035154581069946, 'training/mean_advantage_abs': 0.006783925462514162, 'diag/policy_grad_norm_max': 0.028414079919457436, 'diag/policy_grad_norm_mean': 0.016291312873363495}
{'eval/num_episodes': 200, 'eval/mean_score': np.float64(0.902), 'eval/std_score': np.float64(0.014), 'eval/mean_episode_length': np.float64(1.0), 'eval/eval_time': np.float64(0.003)}
{'training/total_steps': 8192, 'training/updates': 8, 'training/walltime': np.float64(3.662), 'training/update_time': np.float64(0.257), 'training/pc_loss': 0.0002965354360640049, 'training/mean_reward': 0.9034178256988525, 'training/mean_advantage_abs': 0.006602177396416664, 'diag/policy_grad_norm_max': 0.019735626876354218, 'diag/policy_grad_norm_mean': 0.01577533222734928}
{'eval/num_episodes': 200, 'eval/mean_score': np.float64(0.9065), 'eval/std_score': np.float64(0.0247), 'eval/mean_episode_length': np.float64(1.0), 'eval/eval_time': np.float64(0.002)}
{'training/total_steps': 9216, 'training/updates': 9, 'training/walltime': np.float64(3.895), 'training/update_time': np.float64(0.231), 'training/pc_loss': 0.00026060783420689404, 'training/mean_reward': 0.9030271768569946, 'training/mean_advantage_abs': 0.005871257744729519, 'diag/policy_grad_norm_max': 0.017948897555470467, 'diag/policy_grad_norm_mean': 0.014038234949111938}
{'eval/num_episodes': 200, 'eval/mean_score': np.float64(0.9075), 'eval/std_score': np.float64(0.0263), 'eval/mean_episode_length': np.float64(1.0), 'eval/eval_time': np.float64(0.002)}
{'training/total_steps': 10240, 'training/updates': 10, 'training/walltime': np.float64(4.089), 'training/update_time': np.float64(0.191), 'training/pc_loss': 0.00021449034102261066, 'training/mean_reward': 0.9047849774360657, 'training/mean_advantage_abs': 0.009112218394875526, 'diag/policy_grad_norm_max': 0.03318757191300392, 'diag/policy_grad_norm_mean': 0.02184365503489971}
{'eval/num_episodes': 200, 'eval/mean_score': np.float64(0.903), 'eval/std_score': np.float64(0.0171), 'eval/mean_episode_length': np.float64(1.0), 'eval/eval_time': np.float64(0.001)}
{'training/total_steps': 11264, 'training/updates': 11, 'training/walltime': np.float64(4.299), 'training/update_time': np.float64(0.208), 'training/pc_loss': 0.00024079497961793095, 'training/mean_reward': 0.9046873450279236, 'training/mean_advantage_abs': 0.008935429155826569, 'diag/policy_grad_norm_max': 0.03167778253555298, 'diag/policy_grad_norm_mean': 0.02160527929663658}
{'eval/num_episodes': 200, 'eval/mean_score': np.float64(0.9075), 'eval/std_score': np.float64(0.0263), 'eval/mean_episode_length': np.float64(1.0), 'eval/eval_time': np.float64(0.002)}
{'training/total_steps': 12288, 'training/updates': 12, 'training/walltime': np.float64(4.522), 'training/update_time': np.float64(0.221), 'training/pc_loss': 0.00042434586794115603, 'training/mean_reward': 0.9053709506988525, 'training/mean_advantage_abs': 0.010165109299123287, 'diag/policy_grad_norm_max': 0.037976447492837906, 'diag/policy_grad_norm_mean': 0.024545855820178986}
{'eval/num_episodes': 200, 'eval/mean_score': np.float64(0.9065), 'eval/std_score': np.float64(0.0247), 'eval/mean_episode_length': np.float64(1.0), 'eval/eval_time': np.float64(0.002)}
{'training/total_steps': 13312, 'training/updates': 13, 'training/walltime': np.float64(4.731), 'training/update_time': np.float64(0.207), 'training/pc_loss': 0.0003631057625170797, 'training/mean_reward': 0.9068357944488525, 'training/mean_advantage_abs': 0.012737172655761242, 'diag/policy_grad_norm_max': 0.039369892328977585, 'diag/policy_grad_norm_mean': 0.030520284548401833}
{'eval/num_episodes': 200, 'eval/mean_score': np.float64(0.906), 'eval/std_score': np.float64(0.0237), 'eval/mean_episode_length': np.float64(1.0), 'eval/eval_time': np.float64(0.001)}
{'training/total_steps': 14336, 'training/updates': 14, 'training/walltime': np.float64(4.946), 'training/update_time': np.float64(0.214), 'training/pc_loss': 0.0005505381850525737, 'training/mean_reward': 0.9097654819488525, 'training/mean_advantage_abs': 0.01762380823493004, 'diag/policy_grad_norm_max': 0.051423609256744385, 'diag/policy_grad_norm_mean': 0.04239628091454506}
{'eval/num_episodes': 200, 'eval/mean_score': np.float64(0.9075), 'eval/std_score': np.float64(0.0263), 'eval/mean_episode_length': np.float64(1.0), 'eval/eval_time': np.float64(0.002)}
{'training/total_steps': 15360, 'training/updates': 15, 'training/walltime': np.float64(5.165), 'training/update_time': np.float64(0.216), 'training/pc_loss': 0.0005042961565777659, 'training/mean_reward': 0.9111326336860657, 'training/mean_advantage_abs': 0.019786717370152473, 'diag/policy_grad_norm_max': 0.05255793780088425, 'diag/policy_grad_norm_mean': 0.04705004766583443}
{'eval/num_episodes': 200, 'eval/mean_score': np.float64(0.911), 'eval/std_score': np.float64(0.0313), 'eval/mean_episode_length': np.float64(1.0), 'eval/eval_time': np.float64(0.001)}
{'training/total_steps': 16384, 'training/updates': 16, 'training/walltime': np.float64(5.379), 'training/update_time': np.float64(0.212), 'training/pc_loss': 0.0006399119738489389, 'training/mean_reward': 0.9121092557907104, 'training/mean_advantage_abs': 0.02128594182431698, 'diag/policy_grad_norm_max': 0.0568537600338459, 'diag/policy_grad_norm_mean': 0.050119053572416306}
{'eval/num_episodes': 200, 'eval/mean_score': np.float64(0.9205), 'eval/std_score': np.float64(0.0404), 'eval/mean_episode_length': np.float64(1.0), 'eval/eval_time': np.float64(0.002)}
{'training/total_steps': 17408, 'training/updates': 17, 'training/walltime': np.float64(5.592), 'training/update_time': np.float64(0.211), 'training/pc_loss': 0.0006237718043848872, 'training/mean_reward': 0.9143553376197815, 'training/mean_advantage_abs': 0.02458927407860756, 'diag/policy_grad_norm_max': 0.06603921949863434, 'diag/policy_grad_norm_mean': 0.057191915810108185}
{'eval/num_episodes': 200, 'eval/mean_score': np.float64(0.912), 'eval/std_score': np.float64(0.0325), 'eval/mean_episode_length': np.float64(1.0), 'eval/eval_time': np.float64(0.002)}
{'training/total_steps': 18432, 'training/updates': 18, 'training/walltime': np.float64(5.813), 'training/update_time': np.float64(0.219), 'training/pc_loss': 0.00048075628001242876, 'training/mean_reward': 0.9186521768569946, 'training/mean_advantage_abs': 0.030346402898430824, 'diag/policy_grad_norm_max': 0.07874035835266113, 'diag/policy_grad_norm_mean': 0.06961660832166672}
{'eval/num_episodes': 200, 'eval/mean_score': np.float64(0.928), 'eval/std_score': np.float64(0.0449), 'eval/mean_episode_length': np.float64(1.0), 'eval/eval_time': np.float64(0.002)}
{'training/total_steps': 19456, 'training/updates': 19, 'training/walltime': np.float64(6.017), 'training/update_time': np.float64(0.202), 'training/pc_loss': 0.0004937896737828851, 'training/mean_reward': 0.9238280057907104, 'training/mean_advantage_abs': 0.03630061447620392, 'diag/policy_grad_norm_max': 0.08836619555950165, 'diag/policy_grad_norm_mean': 0.08152744919061661}
{'eval/num_episodes': 200, 'eval/mean_score': np.float64(0.932), 'eval/std_score': np.float64(0.0466), 'eval/mean_episode_length': np.float64(1.0), 'eval/eval_time': np.float64(0.001)}
{'training/total_steps': 20480, 'training/updates': 20, 'training/walltime': np.float64(6.229), 'training/update_time': np.float64(0.21), 'training/pc_loss': 0.0004892735742032528, 'training/mean_reward': 0.9308592677116394, 'training/mean_advantage_abs': 0.04267270490527153, 'diag/policy_grad_norm_max': 0.10156569629907608, 'diag/policy_grad_norm_mean': 0.09608665108680725}
{'eval/num_episodes': 200, 'eval/mean_score': np.float64(0.9365), 'eval/std_score': np.float64(0.0481), 'eval/mean_episode_length': np.float64(1.0), 'eval/eval_time': np.float64(0.001)}
{'training/total_steps': 21504, 'training/updates': 21, 'training/walltime': np.float64(6.432), 'training/update_time': np.float64(0.202), 'training/pc_loss': 0.00040367484325543046, 'training/mean_reward': 0.9389647245407104, 'training/mean_advantage_abs': 0.04756449535489082, 'diag/policy_grad_norm_max': 0.10890915244817734, 'diag/policy_grad_norm_mean': 0.10396206378936768}
{'eval/num_episodes': 200, 'eval/mean_score': np.float64(0.9465), 'eval/std_score': np.float64(0.0499), 'eval/mean_episode_length': np.float64(1.0), 'eval/eval_time': np.float64(0.001)}
{'training/total_steps': 22528, 'training/updates': 22, 'training/walltime': np.float64(6.638), 'training/update_time': np.float64(0.203), 'training/pc_loss': 0.0003919507726095617, 'training/mean_reward': 0.9448240995407104, 'training/mean_advantage_abs': 0.04946422576904297, 'diag/policy_grad_norm_max': 0.11336027830839157, 'diag/policy_grad_norm_mean': 0.10697048157453537}
{'eval/num_episodes': 200, 'eval/mean_score': np.float64(0.9525), 'eval/std_score': np.float64(0.0499), 'eval/mean_episode_length': np.float64(1.0), 'eval/eval_time': np.float64(0.002)}
{'training/total_steps': 23552, 'training/updates': 23, 'training/walltime': np.float64(6.852), 'training/update_time': np.float64(0.212), 'training/pc_loss': 0.00041560607496649027, 'training/mean_reward': 0.9553710222244263, 'training/mean_advantage_abs': 0.04942304641008377, 'diag/policy_grad_norm_max': 0.10869403928518295, 'diag/policy_grad_norm_mean': 0.10343063622713089}
{'eval/num_episodes': 200, 'eval/mean_score': np.float64(0.961), 'eval/std_score': np.float64(0.0488), 'eval/mean_episode_length': np.float64(1.0), 'eval/eval_time': np.float64(0.002)}
{'training/total_steps': 24576, 'training/updates': 24, 'training/walltime': np.float64(7.065), 'training/update_time': np.float64(0.21), 'training/pc_loss': 0.0004527657583821565, 'training/mean_reward': 0.9631835222244263, 'training/mean_advantage_abs': 0.04652388393878937, 'diag/policy_grad_norm_max': 0.10191012173891068, 'diag/policy_grad_norm_mean': 0.09501022845506668}
{'eval/num_episodes': 200, 'eval/mean_score': np.float64(0.965), 'eval/std_score': np.float64(0.0477), 'eval/mean_episode_length': np.float64(1.0), 'eval/eval_time': np.float64(0.002)}
{'training/total_steps': 25600, 'training/updates': 25, 'training/walltime': np.float64(7.289), 'training/update_time': np.float64(0.222), 'training/pc_loss': 0.00048773729940876365, 'training/mean_reward': 0.9697265028953552, 'training/mean_advantage_abs': 0.04221728444099426, 'diag/policy_grad_norm_max': 0.09780567139387131, 'diag/policy_grad_norm_mean': 0.0848899558186531}
{'eval/num_episodes': 200, 'eval/mean_score': np.float64(0.9725), 'eval/std_score': np.float64(0.0447), 'eval/mean_episode_length': np.float64(1.0), 'eval/eval_time': np.float64(0.002)}
{'training/total_steps': 26624, 'training/updates': 26, 'training/walltime': np.float64(7.518), 'training/update_time': np.float64(0.227), 'training/pc_loss': 0.0005728827673010528, 'training/mean_reward': 0.9756835699081421, 'training/mean_advantage_abs': 0.03680707514286041, 'diag/policy_grad_norm_max': 0.08124405145645142, 'diag/policy_grad_norm_mean': 0.07411069422960281}
{'eval/num_episodes': 200, 'eval/mean_score': np.float64(0.983), 'eval/std_score': np.float64(0.0376), 'eval/mean_episode_length': np.float64(1.0), 'eval/eval_time': np.float64(0.002)}
{'training/total_steps': 27648, 'training/updates': 27, 'training/walltime': np.float64(7.743), 'training/update_time': np.float64(0.223), 'training/pc_loss': 0.0005004703416489065, 'training/mean_reward': 0.9802733659744263, 'training/mean_advantage_abs': 0.031670428812503815, 'diag/policy_grad_norm_max': 0.0758204534649849, 'diag/policy_grad_norm_mean': 0.06152534857392311}
{'eval/num_episodes': 200, 'eval/mean_score': np.float64(0.987), 'eval/std_score': np.float64(0.0336), 'eval/mean_episode_length': np.float64(1.0), 'eval/eval_time': np.float64(0.002)}
{'training/total_steps': 28672, 'training/updates': 28, 'training/walltime': np.float64(7.985), 'training/update_time': np.float64(0.24), 'training/pc_loss': 0.00040118381730280817, 'training/mean_reward': 0.9840819835662842, 'training/mean_advantage_abs': 0.026768337935209274, 'diag/policy_grad_norm_max': 0.06078526750206947, 'diag/policy_grad_norm_mean': 0.05298209190368652}
{'eval/num_episodes': 200, 'eval/mean_score': np.float64(0.9825), 'eval/std_score': np.float64(0.038), 'eval/mean_episode_length': np.float64(1.0), 'eval/eval_time': np.float64(0.001)}
{'training/total_steps': 29696, 'training/updates': 29, 'training/walltime': np.float64(8.218), 'training/update_time': np.float64(0.231), 'training/pc_loss': 0.0003948611265514046, 'training/mean_reward': 0.984375, 'training/mean_advantage_abs': 0.0263671912252903, 'diag/policy_grad_norm_max': 0.06561531126499176, 'diag/policy_grad_norm_mean': 0.05216784030199051}
{'eval/num_episodes': 200, 'eval/mean_score': np.float64(0.9895), 'eval/std_score': np.float64(0.0307), 'eval/mean_episode_length': np.float64(1.0), 'eval/eval_time': np.float64(0.001)}
{'training/total_steps': 30720, 'training/updates': 30, 'training/walltime': np.float64(8.447), 'training/update_time': np.float64(0.227), 'training/pc_loss': 0.00046015926636755466, 'training/mean_reward': 0.9867187738418579, 'training/mean_advantage_abs': 0.023034654557704926, 'diag/policy_grad_norm_max': 0.05363902822136879, 'diag/policy_grad_norm_mean': 0.044011931866407394}
{'eval/num_episodes': 200, 'eval/mean_score': np.float64(0.9915), 'eval/std_score': np.float64(0.0279), 'eval/mean_episode_length': np.float64(1.0), 'eval/eval_time': np.float64(0.002)}
{'training/total_steps': 31744, 'training/updates': 31, 'training/walltime': np.float64(8.713), 'training/update_time': np.float64(0.262), 'training/pc_loss': 0.0003922373871318996, 'training/mean_reward': 0.9873046875, 'training/mean_advantage_abs': 0.022167209535837173, 'diag/policy_grad_norm_max': 0.05214430391788483, 'diag/policy_grad_norm_mean': 0.04400850459933281}
{'eval/num_episodes': 200, 'eval/mean_score': np.float64(0.99), 'eval/std_score': np.float64(0.03), 'eval/mean_episode_length': np.float64(1.0), 'eval/eval_time': np.float64(0.002)}
{'training/total_steps': 32768, 'training/updates': 32, 'training/walltime': np.float64(8.951), 'training/update_time': np.float64(0.236), 'training/pc_loss': 0.00030546548077836633, 'training/mean_reward': 0.990039050579071, 'training/mean_advantage_abs': 0.01793748140335083, 'diag/policy_grad_norm_max': 0.04480358958244324, 'diag/policy_grad_norm_mean': 0.03514133393764496}
{'eval/num_episodes': 200, 'eval/mean_score': np.float64(0.991), 'eval/std_score': np.float64(0.0286), 'eval/mean_episode_length': np.float64(1.0), 'eval/eval_time': np.float64(0.002)}
{'training/total_steps': 33792, 'training/updates': 33, 'training/walltime': np.float64(9.177), 'training/update_time': np.float64(0.224), 'training/pc_loss': 0.00024076111731119454, 'training/mean_reward': 0.9911132454872131, 'training/mean_advantage_abs': 0.016193993389606476, 'diag/policy_grad_norm_max': 0.03622645139694214, 'diag/policy_grad_norm_mean': 0.030496587976813316}
{'eval/num_episodes': 200, 'eval/mean_score': np.float64(0.9885), 'eval/std_score': np.float64(0.0319), 'eval/mean_episode_length': np.float64(1.0), 'eval/eval_time': np.float64(0.002)}
{'training/total_steps': 34816, 'training/updates': 34, 'training/walltime': np.float64(9.416), 'training/update_time': np.float64(0.235), 'training/pc_loss': 0.0003376343520358205, 'training/mean_reward': 0.9923827648162842, 'training/mean_advantage_abs': 0.014073986560106277, 'diag/policy_grad_norm_max': 0.034984055906534195, 'diag/policy_grad_norm_mean': 0.026897214353084564}
{'eval/num_episodes': 200, 'eval/mean_score': np.float64(0.9925), 'eval/std_score': np.float64(0.0263), 'eval/mean_episode_length': np.float64(1.0), 'eval/eval_time': np.float64(0.001)}
{'training/total_steps': 35840, 'training/updates': 35, 'training/walltime': np.float64(9.662), 'training/update_time': np.float64(0.244), 'training/pc_loss': 0.00031497463351115584, 'training/mean_reward': 0.992480456829071, 'training/mean_advantage_abs': 0.013908207416534424, 'diag/policy_grad_norm_max': 0.03538917750120163, 'diag/policy_grad_norm_mean': 0.02751975506544113}
{'eval/num_episodes': 200, 'eval/mean_score': np.float64(0.9935), 'eval/std_score': np.float64(0.0247), 'eval/mean_episode_length': np.float64(1.0), 'eval/eval_time': np.float64(0.001)}
{'training/total_steps': 36864, 'training/updates': 36, 'training/walltime': np.float64(9.896), 'training/update_time': np.float64(0.232), 'training/pc_loss': 0.00024099880829453468, 'training/mean_reward': 0.9936522841453552, 'training/mean_advantage_abs': 0.011889511719346046, 'diag/policy_grad_norm_max': 0.02963036112487316, 'diag/policy_grad_norm_mean': 0.023901622742414474}
{'eval/num_episodes': 200, 'eval/mean_score': np.float64(0.9945), 'eval/std_score': np.float64(0.0228), 'eval/mean_episode_length': np.float64(1.0), 'eval/eval_time': np.float64(0.002)}
{'training/total_steps': 37888, 'training/updates': 37, 'training/walltime': np.float64(10.143), 'training/update_time': np.float64(0.245), 'training/pc_loss': 0.00016177115321625024, 'training/mean_reward': 0.9938476085662842, 'training/mean_advantage_abs': 0.011547703295946121, 'diag/policy_grad_norm_max': 0.026859100908041, 'diag/policy_grad_norm_mean': 0.022128699347376823}
{'eval/num_episodes': 200, 'eval/mean_score': np.float64(0.9975), 'eval/std_score': np.float64(0.0156), 'eval/mean_episode_length': np.float64(1.0), 'eval/eval_time': np.float64(0.002)}
{'training/total_steps': 38912, 'training/updates': 38, 'training/walltime': np.float64(10.383), 'training/update_time': np.float64(0.238), 'training/pc_loss': 0.0001323339092778042, 'training/mean_reward': 0.994921863079071, 'training/mean_advantage_abs': 0.009640514850616455, 'diag/policy_grad_norm_max': 0.027048829942941666, 'diag/policy_grad_norm_mean': 0.01830695942044258}
{'eval/num_episodes': 200, 'eval/mean_score': np.float64(0.997), 'eval/std_score': np.float64(0.0171), 'eval/mean_episode_length': np.float64(1.0), 'eval/eval_time': np.float64(0.002)}
{'training/total_steps': 39936, 'training/updates': 39, 'training/walltime': np.float64(10.61), 'training/update_time': np.float64(0.225), 'training/pc_loss': 0.000251408142503351, 'training/mean_reward': 0.994140625, 'training/mean_advantage_abs': 0.01103210635483265, 'diag/policy_grad_norm_max': 0.02837241068482399, 'diag/policy_grad_norm_mean': 0.021019872277975082}
{'eval/num_episodes': 200, 'eval/mean_score': np.float64(0.9945), 'eval/std_score': np.float64(0.0228), 'eval/mean_episode_length': np.float64(1.0), 'eval/eval_time': np.float64(0.001)}
{'training/total_steps': 40960, 'training/updates': 40, 'training/walltime': np.float64(10.837), 'training/update_time': np.float64(0.225), 'training/pc_loss': 0.00023562341812066734, 'training/mean_reward': 0.9944336414337158, 'training/mean_advantage_abs': 0.01051307376474142, 'diag/policy_grad_norm_max': 0.028894025832414627, 'diag/policy_grad_norm_mean': 0.020972318947315216}
{'eval/num_episodes': 200, 'eval/mean_score': np.float64(0.996), 'eval/std_score': np.float64(0.0196), 'eval/mean_episode_length': np.float64(1.0), 'eval/eval_time': np.float64(0.001)}
{'training/total_steps': 41984, 'training/updates': 41, 'training/walltime': np.float64(11.069), 'training/update_time': np.float64(0.23), 'training/pc_loss': 0.00021776522044092417, 'training/mean_reward': 0.9948241710662842, 'training/mean_advantage_abs': 0.00981583259999752, 'diag/policy_grad_norm_max': 0.026926888152956963, 'diag/policy_grad_norm_mean': 0.01956138014793396}
{'eval/num_episodes': 200, 'eval/mean_score': np.float64(0.9965), 'eval/std_score': np.float64(0.0184), 'eval/mean_episode_length': np.float64(1.0), 'eval/eval_time': np.float64(0.002)}
{'training/total_steps': 43008, 'training/updates': 42, 'training/walltime': np.float64(11.298), 'training/update_time': np.float64(0.227), 'training/pc_loss': 0.0002095803210977465, 'training/mean_reward': 0.9952148199081421, 'training/mean_advantage_abs': 0.00911238044500351, 'diag/policy_grad_norm_max': 0.021090192720294, 'diag/policy_grad_norm_mean': 0.017550259828567505}
{'eval/num_episodes': 200, 'eval/mean_score': np.float64(0.9945), 'eval/std_score': np.float64(0.0228), 'eval/mean_episode_length': np.float64(1.0), 'eval/eval_time': np.float64(0.002)}
{'training/total_steps': 44032, 'training/updates': 43, 'training/walltime': np.float64(11.529), 'training/update_time': np.float64(0.228), 'training/pc_loss': 9.35487769311294e-05, 'training/mean_reward': 0.9966796636581421, 'training/mean_advantage_abs': 0.00642015878111124, 'diag/policy_grad_norm_max': 0.020184559747576714, 'diag/policy_grad_norm_mean': 0.012494049966335297}
{'eval/num_episodes': 200, 'eval/mean_score': np.float64(0.9965), 'eval/std_score': np.float64(0.0184), 'eval/mean_episode_length': np.float64(1.0), 'eval/eval_time': np.float64(0.001)}
{'training/total_steps': 45056, 'training/updates': 44, 'training/walltime': np.float64(11.765), 'training/update_time': np.float64(0.235), 'training/pc_loss': 9.027301712194458e-05, 'training/mean_reward': 0.9957031011581421, 'training/mean_advantage_abs': 0.00822450965642929, 'diag/policy_grad_norm_max': 0.022032395005226135, 'diag/policy_grad_norm_mean': 0.015252944082021713}
{'eval/num_episodes': 200, 'eval/mean_score': np.float64(0.9965), 'eval/std_score': np.float64(0.0184), 'eval/mean_episode_length': np.float64(1.0), 'eval/eval_time': np.float64(0.002)}
{'training/total_steps': 46080, 'training/updates': 45, 'training/walltime': np.float64(11.986), 'training/update_time': np.float64(0.219), 'training/pc_loss': 0.00014263472985476255, 'training/mean_reward': 0.9974609613418579, 'training/mean_advantage_abs': 0.004949166439473629, 'diag/policy_grad_norm_max': 0.016670264303684235, 'diag/policy_grad_norm_mean': 0.009606468491256237}
{'eval/num_episodes': 200, 'eval/mean_score': np.float64(0.996), 'eval/std_score': np.float64(0.0196), 'eval/mean_episode_length': np.float64(1.0), 'eval/eval_time': np.float64(0.001)}
{'training/total_steps': 47104, 'training/updates': 46, 'training/walltime': np.float64(12.205), 'training/update_time': np.float64(0.217), 'training/pc_loss': 0.00012451113434508443, 'training/mean_reward': 0.9955077767372131, 'training/mean_advantage_abs': 0.008580813184380531, 'diag/policy_grad_norm_max': 0.026628391817212105, 'diag/policy_grad_norm_mean': 0.01713285595178604}
{'eval/num_episodes': 200, 'eval/mean_score': np.float64(0.9975), 'eval/std_score': np.float64(0.0156), 'eval/mean_episode_length': np.float64(1.0), 'eval/eval_time': np.float64(0.001)}
{'training/total_steps': 48128, 'training/updates': 47, 'training/walltime': np.float64(12.433), 'training/update_time': np.float64(0.227), 'training/pc_loss': 0.00016661513654980808, 'training/mean_reward': 0.9959961175918579, 'training/mean_advantage_abs': 0.007687166333198547, 'diag/policy_grad_norm_max': 0.024069396778941154, 'diag/policy_grad_norm_mean': 0.01580178737640381}
{'eval/num_episodes': 200, 'eval/mean_score': np.float64(0.995), 'eval/std_score': np.float64(0.0218), 'eval/mean_episode_length': np.float64(1.0), 'eval/eval_time': np.float64(0.002)}
{'training/total_steps': 49152, 'training/updates': 48, 'training/walltime': np.float64(12.669), 'training/update_time': np.float64(0.233), 'training/pc_loss': 0.0001884325174614787, 'training/mean_reward': 0.995800793170929, 'training/mean_advantage_abs': 0.008045759052038193, 'diag/policy_grad_norm_max': 0.023304777219891548, 'diag/policy_grad_norm_mean': 0.01568305492401123}
{'eval/num_episodes': 200, 'eval/mean_score': np.float64(0.998), 'eval/std_score': np.float64(0.014), 'eval/mean_episode_length': np.float64(1.0), 'eval/eval_time': np.float64(0.001)}
{'training/total_steps': 50176, 'training/updates': 49, 'training/walltime': np.float64(12.902), 'training/update_time': np.float64(0.232), 'training/pc_loss': 0.00016359981964342296, 'training/mean_reward': 0.996874988079071, 'training/mean_advantage_abs': 0.006054699420928955, 'diag/policy_grad_norm_max': 0.014734645374119282, 'diag/policy_grad_norm_mean': 0.012051503174006939}
{'eval/num_episodes': 200, 'eval/mean_score': np.float64(0.9955), 'eval/std_score': np.float64(0.0207), 'eval/mean_episode_length': np.float64(1.0), 'eval/eval_time': np.float64(0.002)}
{'training/total_steps': 51200, 'training/updates': 50, 'training/walltime': np.float64(13.139), 'training/update_time': np.float64(0.235), 'training/pc_loss': 9.51888068811968e-05, 'training/mean_reward': 0.998046875, 'training/mean_advantage_abs': 0.0038299565203487873, 'diag/policy_grad_norm_max': 0.013512521050870419, 'diag/policy_grad_norm_mean': 0.008289656601846218}
{'eval/num_episodes': 200, 'eval/mean_score': np.float64(0.998), 'eval/std_score': np.float64(0.014), 'eval/mean_episode_length': np.float64(1.0), 'eval/eval_time': np.float64(0.002)}
{'training/total_steps': 52224, 'training/updates': 51, 'training/walltime': np.float64(13.384), 'training/update_time': np.float64(0.242), 'training/pc_loss': 9.335321374237537e-05, 'training/mean_reward': 0.9974609613418579, 'training/mean_advantage_abs': 0.004949165973812342, 'diag/policy_grad_norm_max': 0.013878683559596539, 'diag/policy_grad_norm_mean': 0.009669953025877476}
{'eval/num_episodes': 200, 'eval/mean_score': np.float64(0.998), 'eval/std_score': np.float64(0.014), 'eval/mean_episode_length': np.float64(1.0), 'eval/eval_time': np.float64(0.002)}
{'training/total_steps': 53248, 'training/updates': 52, 'training/walltime': np.float64(13.627), 'training/update_time': np.float64(0.241), 'training/pc_loss': 9.380054689245299e-05, 'training/mean_reward': 0.9972655773162842, 'training/mean_advantage_abs': 0.005319259595125914, 'diag/policy_grad_norm_max': 0.015532207675278187, 'diag/policy_grad_norm_mean': 0.010304540395736694}
{'eval/num_episodes': 200, 'eval/mean_score': np.float64(0.9975), 'eval/std_score': np.float64(0.0156), 'eval/mean_episode_length': np.float64(1.0), 'eval/eval_time': np.float64(0.001)}
{'training/total_steps': 54272, 'training/updates': 53, 'training/walltime': np.float64(13.871), 'training/update_time': np.float64(0.242), 'training/pc_loss': 0.00011497176456032321, 'training/mean_reward': 0.9981445074081421, 'training/mean_advantage_abs': 0.003642105497419834, 'diag/policy_grad_norm_max': 0.015370066277682781, 'diag/policy_grad_norm_mean': 0.007418503984808922}
{'eval/num_episodes': 200, 'eval/mean_score': np.float64(0.9965), 'eval/std_score': np.float64(0.0184), 'eval/mean_episode_length': np.float64(1.0), 'eval/eval_time': np.float64(0.001)}
{'training/total_steps': 55296, 'training/updates': 54, 'training/walltime': np.float64(14.101), 'training/update_time': np.float64(0.228), 'training/pc_loss': 5.169529322301969e-05, 'training/mean_reward': 0.9981445074081421, 'training/mean_advantage_abs': 0.003642105497419834, 'diag/policy_grad_norm_max': 0.01295009907335043, 'diag/policy_grad_norm_mean': 0.007665891200304031}
{'eval/num_episodes': 200, 'eval/mean_score': np.float64(0.9975), 'eval/std_score': np.float64(0.0156), 'eval/mean_episode_length': np.float64(1.0), 'eval/eval_time': np.float64(0.001)}
{'training/total_steps': 56320, 'training/updates': 55, 'training/walltime': np.float64(14.337), 'training/update_time': np.float64(0.234), 'training/pc_loss': 0.00014220576849766076, 'training/mean_reward': 0.9968750476837158, 'training/mean_advantage_abs': 0.006054643541574478, 'diag/policy_grad_norm_max': 0.01841396652162075, 'diag/policy_grad_norm_mean': 0.012828679755330086}
{'eval/num_episodes': 200, 'eval/mean_score': np.float64(0.998), 'eval/std_score': np.float64(0.014), 'eval/mean_episode_length': np.float64(1.0), 'eval/eval_time': np.float64(0.002)}
{'training/total_steps': 57344, 'training/updates': 56, 'training/walltime': np.float64(14.574), 'training/update_time': np.float64(0.235), 'training/pc_loss': 6.437620322685689e-05, 'training/mean_reward': 0.9990234375, 'training/mean_advantage_abs': 0.0019340517465025187, 'diag/policy_grad_norm_max': 0.016400234773755074, 'diag/policy_grad_norm_mean': 0.006723396480083466}
{'eval/num_episodes': 200, 'eval/mean_score': np.float64(0.9975), 'eval/std_score': np.float64(0.0156), 'eval/mean_episode_length': np.float64(1.0), 'eval/eval_time': np.float64(0.002)}
{'training/total_steps': 58368, 'training/updates': 57, 'training/walltime': np.float64(14.812), 'training/update_time': np.float64(0.236), 'training/pc_loss': 0.00012405362213030457, 'training/mean_reward': 0.9979492425918579, 'training/mean_advantage_abs': 0.0040174261666834354, 'diag/policy_grad_norm_max': 0.011857323348522186, 'diag/policy_grad_norm_mean': 0.008772186003625393}
{'eval/num_episodes': 200, 'eval/mean_score': np.float64(0.999), 'eval/std_score': np.float64(0.0099), 'eval/mean_episode_length': np.float64(1.0), 'eval/eval_time': np.float64(0.002)}
{'training/total_steps': 59392, 'training/updates': 58, 'training/walltime': np.float64(15.056), 'training/update_time': np.float64(0.242), 'training/pc_loss': 8.060486288741231e-05, 'training/mean_reward': 0.998242199420929, 'training/mean_advantage_abs': 0.003453815821558237, 'diag/policy_grad_norm_max': 0.009858394041657448, 'diag/policy_grad_norm_mean': 0.007418960798531771}
{'eval/num_episodes': 200, 'eval/mean_score': np.float64(0.999), 'eval/std_score': np.float64(0.0099), 'eval/mean_episode_length': np.float64(1.0), 'eval/eval_time': np.float64(0.002)}
{'training/total_steps': 60416, 'training/updates': 59, 'training/walltime': np.float64(15.294), 'training/update_time': np.float64(0.235), 'training/pc_loss': 0.0001226397871505469, 'training/mean_reward': 0.9978516101837158, 'training/mean_advantage_abs': 0.0042045144364237785, 'diag/policy_grad_norm_max': 0.012800579890608788, 'diag/policy_grad_norm_mean': 0.008124478161334991}
{'eval/num_episodes': 200, 'eval/mean_score': np.float64(0.999), 'eval/std_score': np.float64(0.0099), 'eval/mean_episode_length': np.float64(1.0), 'eval/eval_time': np.float64(0.001)}
TRAINING END: training duration: 15.295774459838867
