[run_train] algorithm=pc_reinforce env=bandit num_envs=8 total_steps=60000 seed=3 use_cnn=None
|param: value|
|experiment_name:  pc_reinforce|
|seed:  3|
|write_logs_to_file:  False|
|save_model:  False|
|env_name:  bandit|
|num_envs:  8|
|num_train_levels:  200|
|distribution_mode:  easy|
|arm_means:  [1.0, 0.9]|
|deterministic_rewards:  True|
|episode_length:  1000|
|eval_env:  True|
|num_eval_episodes:  200|
|eval_every:  1|
|total_timesteps:  60000|
|unroll_length:  128|
|gamma:  0.99|
|learning_rate:  0.00025|
|target_scale:  1.0|
|pc_steps_per_update:  1|
|update_epochs:  4|
|num_minibatches:  4|
|normalize_advantages:  False|
|max_t1:  20|
|inference_rate_correction:  True|
|normalize_rewards:  False|
|exp_std:  True|
|state_indep_std:  False|
|optimizer:  adam|
|max_grad_norm:  0.5|
|natural_target:  False|
|target_clip:  None|
|target_clip_rel:  False|
|log_std_min:  None|
|width:  32|
|depth:  2|
|act_fn:  relu|
|policy_init_logit_bias:  [0.0, 4.0]|
|checkpoint_dir:  /home/user/Policy_Gradient_Predictive_Coding/outputs/checkpoints|
INFO:2026-08-02 20:04:53,495:jax._src.xla_bridge:927: Unable to initialize backend 'rocm': module 'jaxlib.xla_extension' has no attribute 'GpuAllocatorConfig'
Unable to initialize backend 'rocm': module 'jaxlib.xla_extension' has no attribute 'GpuAllocatorConfig'
INFO:2026-08-02 20:04:53,496:jax._src.xla_bridge:927: Unable to initialize backend 'tpu': INTERNAL: Failed to open libtpu.so: libtpu.so: cannot open shared object file: No such file or directory
Unable to initialize backend 'tpu': INTERNAL: Failed to open libtpu.so: libtpu.so: cannot open shared object file: No such file or directory
{'training/total_steps': 1024, 'training/updates': 1, 'training/walltime': np.float64(1.767), 'training/update_time': np.float64(1.767), 'training/pc_loss': 3.884508623741567e-05, 'training/mean_reward': 0.9015623331069946, 'training/mean_advantage_abs': 0.003076033666729927, 'diag/policy_grad_norm_max': 0.0144417779520154, 'diag/policy_grad_norm_mean': 0.008342455141246319}
{'eval/num_episodes': 200, 'eval/mean_score': np.float64(0.903), 'eval/std_score': np.float64(0.0171), 'eval/mean_episode_length': np.float64(1.0), 'eval/eval_time': np.float64(0.152)}
{'training/total_steps': 2048, 'training/updates': 2, 'training/walltime': np.float64(2.143), 'training/update_time': np.float64(0.21), 'training/pc_loss': 0.00035466725239530206, 'training/mean_reward': 0.9027342796325684, 'training/mean_advantage_abs': 0.005319146905094385, 'diag/policy_grad_norm_max': 0.022388067096471786, 'diag/policy_grad_norm_mean': 0.014352929778397083}
{'eval/num_episodes': 200, 'eval/mean_score': np.float64(0.9025), 'eval/std_score': np.float64(0.0156), 'eval/mean_episode_length': np.float64(1.0), 'eval/eval_time': np.float64(0.002)}
{'training/total_steps': 3072, 'training/updates': 3, 'training/walltime': np.float64(2.333), 'training/update_time': np.float64(0.188), 'training/pc_loss': 0.00021291837038006634, 'training/mean_reward': 0.9024412631988525, 'training/mean_advantage_abs': 0.00476349052041769, 'diag/policy_grad_norm_max': 0.022141072899103165, 'diag/policy_grad_norm_mean': 0.012769307941198349}
{'eval/num_episodes': 200, 'eval/mean_score': np.float64(0.9045), 'eval/std_score': np.float64(0.0207), 'eval/mean_episode_length': np.float64(1.0), 'eval/eval_time': np.float64(0.001)}
{'training/total_steps': 4096, 'training/updates': 4, 'training/walltime': np.float64(2.512), 'training/update_time': np.float64(0.177), 'training/pc_loss': 0.00013952267181593925, 'training/mean_reward': 0.9030272364616394, 'training/mean_advantage_abs': 0.005871313624083996, 'diag/policy_grad_norm_max': 0.02206309139728546, 'diag/policy_grad_norm_mean': 0.0156503114849329}
{'eval/num_episodes': 200, 'eval/mean_score': np.float64(0.902), 'eval/std_score': np.float64(0.014), 'eval/mean_episode_length': np.float64(1.0), 'eval/eval_time': np.float64(0.001)}
{'training/total_steps': 5120, 'training/updates': 5, 'training/walltime': np.float64(2.684), 'training/update_time': np.float64(0.171), 'training/pc_loss': 0.0002804743417073041, 'training/mean_reward': 0.9028319120407104, 'training/mean_advantage_abs': 0.005503565073013306, 'diag/policy_grad_norm_max': 0.020047225058078766, 'diag/policy_grad_norm_mean': 0.014643697068095207}
{'eval/num_episodes': 200, 'eval/mean_score': np.float64(0.903), 'eval/std_score': np.float64(0.0171), 'eval/mean_episode_length': np.float64(1.0), 'eval/eval_time': np.float64(0.002)}
{'training/total_steps': 6144, 'training/updates': 6, 'training/walltime': np.float64(2.87), 'training/update_time': np.float64(0.183), 'training/pc_loss': 0.00039441115222871304, 'training/mean_reward': 0.9041990637779236, 'training/mean_advantage_abs': 0.008045649155974388, 'diag/policy_grad_norm_max': 0.02915913611650467, 'diag/policy_grad_norm_mean': 0.021192200481891632}
{'eval/num_episodes': 200, 'eval/mean_score': np.float64(0.9045), 'eval/std_score': np.float64(0.0207), 'eval/mean_episode_length': np.float64(1.0), 'eval/eval_time': np.float64(0.001)}
{'training/total_steps': 7168, 'training/updates': 7, 'training/walltime': np.float64(3.064), 'training/update_time': np.float64(0.192), 'training/pc_loss': 0.0002990376960951835, 'training/mean_reward': 0.9027341604232788, 'training/mean_advantage_abs': 0.005319034215062857, 'diag/policy_grad_norm_max': 0.021649431437253952, 'diag/policy_grad_norm_mean': 0.014025220647454262}
{'eval/num_episodes': 200, 'eval/mean_score': np.float64(0.904), 'eval/std_score': np.float64(0.0196), 'eval/mean_episode_length': np.float64(1.0), 'eval/eval_time': np.float64(0.001)}
{'training/total_steps': 8192, 'training/updates': 8, 'training/walltime': np.float64(3.257), 'training/update_time': np.float64(0.191), 'training/pc_loss': 0.00043914650450460613, 'training/mean_reward': 0.9041990637779236, 'training/mean_advantage_abs': 0.008045649155974388, 'diag/policy_grad_norm_max': 0.03470426797866821, 'diag/policy_grad_norm_mean': 0.02115350402891636}
{'eval/num_episodes': 200, 'eval/mean_score': np.float64(0.904), 'eval/std_score': np.float64(0.0196), 'eval/mean_episode_length': np.float64(1.0), 'eval/eval_time': np.float64(0.001)}
{'training/total_steps': 9216, 'training/updates': 9, 'training/walltime': np.float64(3.448), 'training/update_time': np.float64(0.189), 'training/pc_loss': 0.0004477790498640388, 'training/mean_reward': 0.9052733182907104, 'training/mean_advantage_abs': 0.00999060831964016, 'diag/policy_grad_norm_max': 0.032906804233789444, 'diag/policy_grad_norm_mean': 0.026426544412970543}
{'eval/num_episodes': 200, 'eval/mean_score': np.float64(0.906), 'eval/std_score': np.float64(0.0237), 'eval/mean_episode_length': np.float64(1.0), 'eval/eval_time': np.float64(0.001)}
{'training/total_steps': 10240, 'training/updates': 10, 'training/walltime': np.float64(3.633), 'training/update_time': np.float64(0.184), 'training/pc_loss': 0.0004955549375154078, 'training/mean_reward': 0.9069334864616394, 'training/mean_advantage_abs': 0.012905622832477093, 'diag/policy_grad_norm_max': 0.04167362302541733, 'diag/policy_grad_norm_mean': 0.03425677865743637}
{'eval/num_episodes': 200, 'eval/mean_score': np.float64(0.905), 'eval/std_score': np.float64(0.0218), 'eval/mean_episode_length': np.float64(1.0), 'eval/eval_time': np.float64(0.002)}
{'training/total_steps': 11264, 'training/updates': 11, 'training/walltime': np.float64(3.829), 'training/update_time': np.float64(0.194), 'training/pc_loss': 0.00031711123301647604, 'training/mean_reward': 0.9060544967651367, 'training/mean_advantage_abs': 0.01137604471296072, 'diag/policy_grad_norm_max': 0.043482568114995956, 'diag/policy_grad_norm_mean': 0.0300451647490263}
{'eval/num_episodes': 200, 'eval/mean_score': np.float64(0.909), 'eval/std_score': np.float64(0.0286), 'eval/mean_episode_length': np.float64(1.0), 'eval/eval_time': np.float64(0.001)}
{'training/total_steps': 12288, 'training/updates': 12, 'training/walltime': np.float64(4.026), 'training/update_time': np.float64(0.196), 'training/pc_loss': 0.0005848277360200882, 'training/mean_reward': 0.9087889194488525, 'training/mean_advantage_abs': 0.016033075749874115, 'diag/policy_grad_norm_max': 0.04970073699951172, 'diag/policy_grad_norm_mean': 0.04216070845723152}
{'eval/num_episodes': 200, 'eval/mean_score': np.float64(0.909), 'eval/std_score': np.float64(0.0286), 'eval/mean_episode_length': np.float64(1.0), 'eval/eval_time': np.float64(0.001)}
{'training/total_steps': 13312, 'training/updates': 13, 'training/walltime': np.float64(4.223), 'training/update_time': np.float64(0.195), 'training/pc_loss': 0.00047513865865767, 'training/mean_reward': 0.9103513956069946, 'training/mean_advantage_abs': 0.01855991780757904, 'diag/policy_grad_norm_max': 0.05836077034473419, 'diag/policy_grad_norm_mean': 0.04891998693346977}
{'eval/num_episodes': 200, 'eval/mean_score': np.float64(0.915), 'eval/std_score': np.float64(0.0357), 'eval/mean_episode_length': np.float64(1.0), 'eval/eval_time': np.float64(0.001)}
{'training/total_steps': 14336, 'training/updates': 14, 'training/walltime': np.float64(4.408), 'training/update_time': np.float64(0.184), 'training/pc_loss': 0.0005098364199511707, 'training/mean_reward': 0.9124022126197815, 'training/mean_advantage_abs': 0.02172824740409851, 'diag/policy_grad_norm_max': 0.06536341458559036, 'diag/policy_grad_norm_mean': 0.05594724789261818}
{'eval/num_episodes': 200, 'eval/mean_score': np.float64(0.915), 'eval/std_score': np.float64(0.0357), 'eval/mean_episode_length': np.float64(1.0), 'eval/eval_time': np.float64(0.001)}
{'training/total_steps': 15360, 'training/updates': 15, 'training/walltime': np.float64(4.619), 'training/update_time': np.float64(0.21), 'training/pc_loss': 0.0005940609844401479, 'training/mean_reward': 0.9163084626197815, 'training/mean_advantage_abs': 0.027297714725136757, 'diag/policy_grad_norm_max': 0.08311831951141357, 'diag/policy_grad_norm_mean': 0.06990084052085876}
{'eval/num_episodes': 200, 'eval/mean_score': np.float64(0.921), 'eval/std_score': np.float64(0.0407), 'eval/mean_episode_length': np.float64(1.0), 'eval/eval_time': np.float64(0.001)}
{'training/total_steps': 16384, 'training/updates': 16, 'training/walltime': np.float64(4.808), 'training/update_time': np.float64(0.187), 'training/pc_loss': 0.0005310731939971447, 'training/mean_reward': 0.9208983182907104, 'training/mean_advantage_abs': 0.0330619290471077, 'diag/policy_grad_norm_max': 0.09480892866849899, 'diag/policy_grad_norm_mean': 0.08246005326509476}
{'eval/num_episodes': 200, 'eval/mean_score': np.float64(0.9235), 'eval/std_score': np.float64(0.0424), 'eval/mean_episode_length': np.float64(1.0), 'eval/eval_time': np.float64(0.001)}
{'training/total_steps': 17408, 'training/updates': 17, 'training/walltime': np.float64(5.011), 'training/update_time': np.float64(0.201), 'training/pc_loss': 0.0005004186532460153, 'training/mean_reward': 0.9285155534744263, 'training/mean_advantage_abs': 0.04076841473579407, 'diag/policy_grad_norm_max': 0.10699981451034546, 'diag/policy_grad_norm_mean': 0.10019230842590332}
{'eval/num_episodes': 200, 'eval/mean_score': np.float64(0.9375), 'eval/std_score': np.float64(0.0484), 'eval/mean_episode_length': np.float64(1.0), 'eval/eval_time': np.float64(0.001)}
{'training/total_steps': 18432, 'training/updates': 18, 'training/walltime': np.float64(5.223), 'training/update_time': np.float64(0.21), 'training/pc_loss': 0.00045223586494103074, 'training/mean_reward': 0.9345701932907104, 'training/mean_advantage_abs': 0.045238472521305084, 'diag/policy_grad_norm_max': 0.12063777446746826, 'diag/policy_grad_norm_mean': 0.11026333272457123}
{'eval/num_episodes': 200, 'eval/mean_score': np.float64(0.947), 'eval/std_score': np.float64(0.0499), 'eval/mean_episode_length': np.float64(1.0), 'eval/eval_time': np.float64(0.001)}
{'training/total_steps': 19456, 'training/updates': 19, 'training/walltime': np.float64(5.427), 'training/update_time': np.float64(0.203), 'training/pc_loss': 0.0003988692769780755, 'training/mean_reward': 0.9415037631988525, 'training/mean_advantage_abs': 0.04855631664395332, 'diag/policy_grad_norm_max': 0.11962427943944931, 'diag/policy_grad_norm_mean': 0.11567091196775436}
{'eval/num_episodes': 200, 'eval/mean_score': np.float64(0.9525), 'eval/std_score': np.float64(0.0499), 'eval/mean_episode_length': np.float64(1.0), 'eval/eval_time': np.float64(0.001)}
{'training/total_steps': 20480, 'training/updates': 20, 'training/walltime': np.float64(5.625), 'training/update_time': np.float64(0.197), 'training/pc_loss': 0.0004215049557387829, 'training/mean_reward': 0.9529296159744263, 'training/mean_advantage_abs': 0.04982835426926613, 'diag/policy_grad_norm_max': 0.12245208770036697, 'diag/policy_grad_norm_mean': 0.11601009219884872}
{'eval/num_episodes': 200, 'eval/mean_score': np.float64(0.957), 'eval/std_score': np.float64(0.0495), 'eval/mean_episode_length': np.float64(1.0), 'eval/eval_time': np.float64(0.001)}
{'training/total_steps': 21504, 'training/updates': 21, 'training/walltime': np.float64(5.843), 'training/update_time': np.float64(0.216), 'training/pc_loss': 0.00044288067147135735, 'training/mean_reward': 0.9615234136581421, 'training/mean_advantage_abs': 0.04734422266483307, 'diag/policy_grad_norm_max': 0.11628805845975876, 'diag/policy_grad_norm_mean': 0.1077745333313942}
{'eval/num_episodes': 200, 'eval/mean_score': np.float64(0.9695), 'eval/std_score': np.float64(0.046), 'eval/mean_episode_length': np.float64(1.0), 'eval/eval_time': np.float64(0.001)}
{'training/total_steps': 22528, 'training/updates': 22, 'training/walltime': np.float64(6.083), 'training/update_time': np.float64(0.238), 'training/pc_loss': 0.00048258723109029233, 'training/mean_reward': 0.970996081829071, 'training/mean_advantage_abs': 0.041183292865753174, 'diag/policy_grad_norm_max': 0.10338320583105087, 'diag/policy_grad_norm_mean': 0.09129536896944046}
{'eval/num_episodes': 200, 'eval/mean_score': np.float64(0.974), 'eval/std_score': np.float64(0.0439), 'eval/mean_episode_length': np.float64(1.0), 'eval/eval_time': np.float64(0.001)}
{'training/total_steps': 23552, 'training/updates': 23, 'training/walltime': np.float64(6.281), 'training/update_time': np.float64(0.196), 'training/pc_loss': 0.0005254558054730296, 'training/mean_reward': 0.97509765625, 'training/mean_advantage_abs': 0.03740215674042702, 'diag/policy_grad_norm_max': 0.09008047729730606, 'diag/policy_grad_norm_mean': 0.08079223334789276}
{'eval/num_episodes': 200, 'eval/mean_score': np.float64(0.981), 'eval/std_score': np.float64(0.0392), 'eval/mean_episode_length': np.float64(1.0), 'eval/eval_time': np.float64(0.001)}
{'training/total_steps': 24576, 'training/updates': 24, 'training/walltime': np.float64(6.478), 'training/update_time': np.float64(0.196), 'training/pc_loss': 0.000505397969391197, 'training/mean_reward': 0.98095703125, 'training/mean_advantage_abs': 0.030833248049020767, 'diag/policy_grad_norm_max': 0.07384814321994781, 'diag/policy_grad_norm_mean': 0.06694556027650833}
{'eval/num_episodes': 200, 'eval/mean_score': np.float64(0.9855), 'eval/std_score': np.float64(0.0352), 'eval/mean_episode_length': np.float64(1.0), 'eval/eval_time': np.float64(0.001)}
{'training/total_steps': 25600, 'training/updates': 25, 'training/walltime': np.float64(6.678), 'training/update_time': np.float64(0.198), 'training/pc_loss': 0.00043318653479218483, 'training/mean_reward': 0.9828124642372131, 'training/mean_advantage_abs': 0.02846682444214821, 'diag/policy_grad_norm_max': 0.07378975301980972, 'diag/policy_grad_norm_mean': 0.06023770198225975}
{'eval/num_episodes': 200, 'eval/mean_score': np.float64(0.986), 'eval/std_score': np.float64(0.0347), 'eval/mean_episode_length': np.float64(1.0), 'eval/eval_time': np.float64(0.001)}
{'training/total_steps': 26624, 'training/updates': 26, 'training/walltime': np.float64(6.878), 'training/update_time': np.float64(0.198), 'training/pc_loss': 0.00045526400208473206, 'training/mean_reward': 0.9855468273162842, 'training/mean_advantage_abs': 0.024728430435061455, 'diag/policy_grad_norm_max': 0.06319086253643036, 'diag/policy_grad_norm_mean': 0.05171818658709526}
{'eval/num_episodes': 200, 'eval/mean_score': np.float64(0.9865), 'eval/std_score': np.float64(0.0342), 'eval/mean_episode_length': np.float64(1.0), 'eval/eval_time': np.float64(0.001)}
{'training/total_steps': 27648, 'training/updates': 27, 'training/walltime': np.float64(7.081), 'training/update_time': np.float64(0.202), 'training/pc_loss': 0.000259343592915684, 'training/mean_reward': 0.9891601204872131, 'training/mean_advantage_abs': 0.019329674541950226, 'diag/policy_grad_norm_max': 0.049322400242090225, 'diag/policy_grad_norm_mean': 0.042264245450496674}
{'eval/num_episodes': 200, 'eval/mean_score': np.float64(0.9925), 'eval/std_score': np.float64(0.0263), 'eval/mean_episode_length': np.float64(1.0), 'eval/eval_time': np.float64(0.001)}
{'training/total_steps': 28672, 'training/updates': 28, 'training/walltime': np.float64(7.306), 'training/update_time': np.float64(0.222), 'training/pc_loss': 0.00041290424996986985, 'training/mean_reward': 0.9894530773162842, 'training/mean_advantage_abs': 0.018869059160351753, 'diag/policy_grad_norm_max': 0.04529142752289772, 'diag/policy_grad_norm_mean': 0.04063540697097778}
{'eval/num_episodes': 200, 'eval/mean_score': np.float64(0.992), 'eval/std_score': np.float64(0.0271), 'eval/mean_episode_length': np.float64(1.0), 'eval/eval_time': np.float64(0.001)}
{'training/total_steps': 29696, 'training/updates': 29, 'training/walltime': np.float64(7.517), 'training/update_time': np.float64(0.209), 'training/pc_loss': 0.00020374800078570843, 'training/mean_reward': 0.9922851324081421, 'training/mean_advantage_abs': 0.014239332638680935, 'diag/policy_grad_norm_max': 0.03917018324136734, 'diag/policy_grad_norm_mean': 0.029752017930150032}
{'eval/num_episodes': 200, 'eval/mean_score': np.float64(0.993), 'eval/std_score': np.float64(0.0255), 'eval/mean_episode_length': np.float64(1.0), 'eval/eval_time': np.float64(0.001)}
{'training/total_steps': 30720, 'training/updates': 30, 'training/walltime': np.float64(7.726), 'training/update_time': np.float64(0.207), 'training/pc_loss': 0.0002637513098306954, 'training/mean_reward': 0.992382824420929, 'training/mean_advantage_abs': 0.014073936268687248, 'diag/policy_grad_norm_max': 0.03708769008517265, 'diag/policy_grad_norm_mean': 0.02956833690404892}
{'eval/num_episodes': 200, 'eval/mean_score': np.float64(0.9955), 'eval/std_score': np.float64(0.0207), 'eval/mean_episode_length': np.float64(1.0), 'eval/eval_time': np.float64(0.001)}
{'training/total_steps': 31744, 'training/updates': 31, 'training/walltime': np.float64(7.955), 'training/update_time': np.float64(0.227), 'training/pc_loss': 0.00026152250939048827, 'training/mean_reward': 0.9922851324081421, 'training/mean_advantage_abs': 0.01423933357000351, 'diag/policy_grad_norm_max': 0.038533467799425125, 'diag/policy_grad_norm_mean': 0.03108394332230091}
{'eval/num_episodes': 200, 'eval/mean_score': np.float64(0.9905), 'eval/std_score': np.float64(0.0293), 'eval/mean_episode_length': np.float64(1.0), 'eval/eval_time': np.float64(0.001)}
{'training/total_steps': 32768, 'training/updates': 32, 'training/walltime': np.float64(8.161), 'training/update_time': np.float64(0.204), 'training/pc_loss': 0.00023926909489091486, 'training/mean_reward': 0.9933593273162842, 'training/mean_advantage_abs': 0.012399334460496902, 'diag/policy_grad_norm_max': 0.03456638380885124, 'diag/policy_grad_norm_mean': 0.02698340453207493}
{'eval/num_episodes': 200, 'eval/mean_score': np.float64(0.995), 'eval/std_score': np.float64(0.0218), 'eval/mean_episode_length': np.float64(1.0), 'eval/eval_time': np.float64(0.001)}
{'training/total_steps': 33792, 'training/updates': 33, 'training/walltime': np.float64(8.411), 'training/update_time': np.float64(0.248), 'training/pc_loss': 0.00032095593633130193, 'training/mean_reward': 0.99267578125, 'training/mean_advantage_abs': 0.013575555756688118, 'diag/policy_grad_norm_max': 0.03397946432232857, 'diag/policy_grad_norm_mean': 0.02748960070312023}
{'eval/num_episodes': 200, 'eval/mean_score': np.float64(0.9925), 'eval/std_score': np.float64(0.0263), 'eval/mean_episode_length': np.float64(1.0), 'eval/eval_time': np.float64(0.001)}
{'training/total_steps': 34816, 'training/updates': 34, 'training/walltime': np.float64(8.62), 'training/update_time': np.float64(0.207), 'training/pc_loss': 0.0001839144533732906, 'training/mean_reward': 0.9940429925918579, 'training/mean_advantage_abs': 0.011204318143427372, 'diag/policy_grad_norm_max': 0.028889980167150497, 'diag/policy_grad_norm_mean': 0.02308989316225052}
{'eval/num_episodes': 200, 'eval/mean_score': np.float64(0.9955), 'eval/std_score': np.float64(0.0207), 'eval/mean_episode_length': np.float64(1.0), 'eval/eval_time': np.float64(0.001)}
{'training/total_steps': 35840, 'training/updates': 35, 'training/walltime': np.float64(8.854), 'training/update_time': np.float64(0.232), 'training/pc_loss': 0.00020838974160142243, 'training/mean_reward': 0.9950194358825684, 'training/mean_advantage_abs': 0.009464923292398453, 'diag/policy_grad_norm_max': 0.030847392976284027, 'diag/policy_grad_norm_mean': 0.02023499272763729}
{'eval/num_episodes': 200, 'eval/mean_score': np.float64(0.9935), 'eval/std_score': np.float64(0.0247), 'eval/mean_episode_length': np.float64(1.0), 'eval/eval_time': np.float64(0.001)}
{'training/total_steps': 36864, 'training/updates': 36, 'training/walltime': np.float64(9.087), 'training/update_time': np.float64(0.231), 'training/pc_loss': 0.00015223468653857708, 'training/mean_reward': 0.9957031011581421, 'training/mean_advantage_abs': 0.00822450965642929, 'diag/policy_grad_norm_max': 0.02826477400958538, 'diag/policy_grad_norm_mean': 0.018391381949186325}
{'eval/num_episodes': 200, 'eval/mean_score': np.float64(0.993), 'eval/std_score': np.float64(0.0255), 'eval/mean_episode_length': np.float64(1.0), 'eval/eval_time': np.float64(0.001)}
{'training/total_steps': 37888, 'training/updates': 37, 'training/walltime': np.float64(9.304), 'training/update_time': np.float64(0.215), 'training/pc_loss': 0.0001905587560031563, 'training/mean_reward': 0.9957031011581421, 'training/mean_advantage_abs': 0.00822450965642929, 'diag/policy_grad_norm_max': 0.026724310591816902, 'diag/policy_grad_norm_mean': 0.01822514459490776}
{'eval/num_episodes': 200, 'eval/mean_score': np.float64(0.9945), 'eval/std_score': np.float64(0.0228), 'eval/mean_episode_length': np.float64(1.0), 'eval/eval_time': np.float64(0.001)}
{'training/total_steps': 38912, 'training/updates': 38, 'training/walltime': np.float64(9.533), 'training/update_time': np.float64(0.228), 'training/pc_loss': 0.00015354962670244277, 'training/mean_reward': 0.9969726800918579, 'training/mean_advantage_abs': 0.005871369503438473, 'diag/policy_grad_norm_max': 0.016230575740337372, 'diag/policy_grad_norm_mean': 0.01334399078041315}
{'eval/num_episodes': 200, 'eval/mean_score': np.float64(0.9975), 'eval/std_score': np.float64(0.0156), 'eval/mean_episode_length': np.float64(1.0), 'eval/eval_time': np.float64(0.002)}
{'training/total_steps': 39936, 'training/updates': 39, 'training/walltime': np.float64(9.804), 'training/update_time': np.float64(0.269), 'training/pc_loss': 0.00015724205877631903, 'training/mean_reward': 0.99609375, 'training/mean_advantage_abs': 0.007507325150072575, 'diag/policy_grad_norm_max': 0.025187108665704727, 'diag/policy_grad_norm_mean': 0.015583094209432602}
{'eval/num_episodes': 200, 'eval/mean_score': np.float64(0.994), 'eval/std_score': np.float64(0.0237), 'eval/mean_episode_length': np.float64(1.0), 'eval/eval_time': np.float64(0.002)}
{'training/total_steps': 40960, 'training/updates': 40, 'training/walltime': np.float64(10.06), 'training/update_time': np.float64(0.254), 'training/pc_loss': 0.00011350724525982514, 'training/mean_reward': 0.9964843988418579, 'training/mean_advantage_abs': 0.006784035824239254, 'diag/policy_grad_norm_max': 0.019948912784457207, 'diag/policy_grad_norm_mean': 0.013916844502091408}
{'eval/num_episodes': 200, 'eval/mean_score': np.float64(0.997), 'eval/std_score': np.float64(0.0171), 'eval/mean_episode_length': np.float64(1.0), 'eval/eval_time': np.float64(0.001)}
{'training/total_steps': 41984, 'training/updates': 41, 'training/walltime': np.float64(10.298), 'training/update_time': np.float64(0.236), 'training/pc_loss': 0.00014553497021552175, 'training/mean_reward': 0.9961913824081421, 'training/mean_advantage_abs': 0.007327102590352297, 'diag/policy_grad_norm_max': 0.020343570038676262, 'diag/policy_grad_norm_mean': 0.015316864475607872}
{'eval/num_episodes': 200, 'eval/mean_score': np.float64(0.995), 'eval/std_score': np.float64(0.0218), 'eval/mean_episode_length': np.float64(1.0), 'eval/eval_time': np.float64(0.001)}
{'training/total_steps': 43008, 'training/updates': 42, 'training/walltime': np.float64(10.54), 'training/update_time': np.float64(0.24), 'training/pc_loss': 0.00017656506679486483, 'training/mean_reward': 0.9958984851837158, 'training/mean_advantage_abs': 0.007866626605391502, 'diag/policy_grad_norm_max': 0.024107931181788445, 'diag/policy_grad_norm_mean': 0.017185071483254433}
{'eval/num_episodes': 200, 'eval/mean_score': np.float64(0.997), 'eval/std_score': np.float64(0.0171), 'eval/mean_episode_length': np.float64(1.0), 'eval/eval_time': np.float64(0.001)}
{'training/total_steps': 44032, 'training/updates': 43, 'training/walltime': np.float64(10.771), 'training/update_time': np.float64(0.23), 'training/pc_loss': 0.00013011226837988943, 'training/mean_reward': 0.9968750476837158, 'training/mean_advantage_abs': 0.006054643541574478, 'diag/policy_grad_norm_max': 0.01824023388326168, 'diag/policy_grad_norm_mean': 0.013553866185247898}
{'eval/num_episodes': 200, 'eval/mean_score': np.float64(0.997), 'eval/std_score': np.float64(0.0171), 'eval/mean_episode_length': np.float64(1.0), 'eval/eval_time': np.float64(0.001)}
{'training/total_steps': 45056, 'training/updates': 44, 'training/walltime': np.float64(10.991), 'training/update_time': np.float64(0.218), 'training/pc_loss': 0.00014560847193934023, 'training/mean_reward': 0.9970703125, 'training/mean_advantage_abs': 0.00568771455436945, 'diag/policy_grad_norm_max': 0.01739608123898506, 'diag/policy_grad_norm_mean': 0.012270697392523289}
{'eval/num_episodes': 200, 'eval/mean_score': np.float64(0.997), 'eval/std_score': np.float64(0.0171), 'eval/mean_episode_length': np.float64(1.0), 'eval/eval_time': np.float64(0.001)}
{'training/total_steps': 46080, 'training/updates': 45, 'training/walltime': np.float64(11.236), 'training/update_time': np.float64(0.244), 'training/pc_loss': 0.000118282187031582, 'training/mean_reward': 0.9979492425918579, 'training/mean_advantage_abs': 0.004017425701022148, 'diag/policy_grad_norm_max': 0.014726512134075165, 'diag/policy_grad_norm_mean': 0.009091824293136597}
{'eval/num_episodes': 200, 'eval/mean_score': np.float64(0.9965), 'eval/std_score': np.float64(0.0184), 'eval/mean_episode_length': np.float64(1.0), 'eval/eval_time': np.float64(0.002)}
{'training/total_steps': 47104, 'training/updates': 46, 'training/walltime': np.float64(11.471), 'training/update_time': np.float64(0.232), 'training/pc_loss': 0.00014367836411111057, 'training/mean_reward': 0.9976562857627869, 'training/mean_advantage_abs': 0.004577603191137314, 'diag/policy_grad_norm_max': 0.013611900620162487, 'diag/policy_grad_norm_mean': 0.00973485503345728}
{'eval/num_episodes': 200, 'eval/mean_score': np.float64(0.9975), 'eval/std_score': np.float64(0.0156), 'eval/mean_episode_length': np.float64(1.0), 'eval/eval_time': np.float64(0.001)}
{'training/total_steps': 48128, 'training/updates': 47, 'training/walltime': np.float64(11.722), 'training/update_time': np.float64(0.25), 'training/pc_loss': 6.845002644695342e-05, 'training/mean_reward': 0.998046875, 'training/mean_advantage_abs': 0.0038299565203487873, 'diag/policy_grad_norm_max': 0.014822191558778286, 'diag/policy_grad_norm_mean': 0.00830043014138937}
{'eval/num_episodes': 200, 'eval/mean_score': np.float64(0.999), 'eval/std_score': np.float64(0.0099), 'eval/mean_episode_length': np.float64(1.0), 'eval/eval_time': np.float64(0.001)}
{'training/total_steps': 49152, 'training/updates': 48, 'training/walltime': np.float64(11.946), 'training/update_time': np.float64(0.222), 'training/pc_loss': 9.531191608402878e-05, 'training/mean_reward': 0.996874988079071, 'training/mean_advantage_abs': 0.006054699420928955, 'diag/policy_grad_norm_max': 0.02154240384697914, 'diag/policy_grad_norm_mean': 0.012396682053804398}
{'eval/num_episodes': 200, 'eval/mean_score': np.float64(0.9975), 'eval/std_score': np.float64(0.0156), 'eval/mean_episode_length': np.float64(1.0), 'eval/eval_time': np.float64(0.001)}
{'training/total_steps': 50176, 'training/updates': 49, 'training/walltime': np.float64(12.166), 'training/update_time': np.float64(0.218), 'training/pc_loss': 9.992314880946651e-05, 'training/mean_reward': 0.9977538585662842, 'training/mean_advantage_abs': 0.00439133495092392, 'diag/policy_grad_norm_max': 0.01792883314192295, 'diag/policy_grad_norm_mean': 0.009485374204814434}
{'eval/num_episodes': 200, 'eval/mean_score': np.float64(0.9965), 'eval/std_score': np.float64(0.0184), 'eval/mean_episode_length': np.float64(1.0), 'eval/eval_time': np.float64(0.001)}
{'training/total_steps': 51200, 'training/updates': 50, 'training/walltime': np.float64(12.404), 'training/update_time': np.float64(0.237), 'training/pc_loss': 0.00012459185381885618, 'training/mean_reward': 0.998046875, 'training/mean_advantage_abs': 0.0038299565203487873, 'diag/policy_grad_norm_max': 0.013591823168098927, 'diag/policy_grad_norm_mean': 0.008666658774018288}
{'eval/num_episodes': 200, 'eval/mean_score': np.float64(0.9985), 'eval/std_score': np.float64(0.0122), 'eval/mean_episode_length': np.float64(1.0), 'eval/eval_time': np.float64(0.001)}
{'training/total_steps': 52224, 'training/updates': 51, 'training/walltime': np.float64(12.637), 'training/update_time': np.float64(0.231), 'training/pc_loss': 0.00012955491547472775, 'training/mean_reward': 0.998046875, 'training/mean_advantage_abs': 0.0038299565203487873, 'diag/policy_grad_norm_max': 0.01290869526565075, 'diag/policy_grad_norm_mean': 0.008771253749728203}
{'eval/num_episodes': 200, 'eval/mean_score': np.float64(0.996), 'eval/std_score': np.float64(0.0196), 'eval/mean_episode_length': np.float64(1.0), 'eval/eval_time': np.float64(0.001)}
{'training/total_steps': 53248, 'training/updates': 52, 'training/walltime': np.float64(12.863), 'training/update_time': np.float64(0.224), 'training/pc_loss': 0.00010370735253673047, 'training/mean_reward': 0.9971680045127869, 'training/mean_advantage_abs': 0.00550362141802907, 'diag/policy_grad_norm_max': 0.016049765050411224, 'diag/policy_grad_norm_mean': 0.011749249882996082}
{'eval/num_episodes': 200, 'eval/mean_score': np.float64(0.9995), 'eval/std_score': np.float64(0.0071), 'eval/mean_episode_length': np.float64(1.0), 'eval/eval_time': np.float64(0.001)}
{'training/total_steps': 54272, 'training/updates': 53, 'training/walltime': np.float64(13.099), 'training/update_time': np.float64(0.234), 'training/pc_loss': 0.00012582589988596737, 'training/mean_reward': 0.9984375238418579, 'training/mean_advantage_abs': 0.0030761491507291794, 'diag/policy_grad_norm_max': 0.01322141382843256, 'diag/policy_grad_norm_mean': 0.007337360642850399}
{'eval/num_episodes': 200, 'eval/mean_score': np.float64(1.0), 'eval/std_score': np.float64(0.0), 'eval/mean_episode_length': np.float64(1.0), 'eval/eval_time': np.float64(0.001)}
{'training/total_steps': 55296, 'training/updates': 54, 'training/walltime': np.float64(13.314), 'training/update_time': np.float64(0.213), 'training/pc_loss': 7.24588826415129e-05, 'training/mean_reward': 0.9981445670127869, 'training/mean_advantage_abs': 0.0036420482210814953, 'diag/policy_grad_norm_max': 0.011929929256439209, 'diag/policy_grad_norm_mean': 0.008618601597845554}
{'eval/num_episodes': 200, 'eval/mean_score': np.float64(1.0), 'eval/std_score': np.float64(0.0), 'eval/mean_episode_length': np.float64(1.0), 'eval/eval_time': np.float64(0.001)}
{'training/total_steps': 56320, 'training/updates': 55, 'training/walltime': np.float64(13.537), 'training/update_time': np.float64(0.222), 'training/pc_loss': 7.26466896594502e-05, 'training/mean_reward': 0.9986328482627869, 'training/mean_advantage_abs': 0.0026969565078616142, 'diag/policy_grad_norm_max': 0.011191767640411854, 'diag/policy_grad_norm_mean': 0.006326657719910145}
{'eval/num_episodes': 200, 'eval/mean_score': np.float64(1.0), 'eval/std_score': np.float64(0.0), 'eval/mean_episode_length': np.float64(1.0), 'eval/eval_time': np.float64(0.002)}
{'training/total_steps': 57344, 'training/updates': 56, 'training/walltime': np.float64(13.768), 'training/update_time': np.float64(0.229), 'training/pc_loss': 3.96641407860443e-05, 'training/mean_reward': 0.9988281726837158, 'training/mean_advantage_abs': 0.0023162378929555416, 'diag/policy_grad_norm_max': 0.009154049679636955, 'diag/policy_grad_norm_mean': 0.005545684136450291}
{'eval/num_episodes': 200, 'eval/mean_score': np.float64(0.9975), 'eval/std_score': np.float64(0.0156), 'eval/mean_episode_length': np.float64(1.0), 'eval/eval_time': np.float64(0.001)}
{'training/total_steps': 58368, 'training/updates': 57, 'training/walltime': np.float64(14.002), 'training/update_time': np.float64(0.232), 'training/pc_loss': 6.878154090372846e-05, 'training/mean_reward': 0.99853515625, 'training/mean_advantage_abs': 0.002886772621423006, 'diag/policy_grad_norm_max': 0.009379468858242035, 'diag/policy_grad_norm_mean': 0.006461686454713345}
{'eval/num_episodes': 200, 'eval/mean_score': np.float64(0.9975), 'eval/std_score': np.float64(0.0156), 'eval/mean_episode_length': np.float64(1.0), 'eval/eval_time': np.float64(0.002)}
{'training/total_steps': 59392, 'training/updates': 58, 'training/walltime': np.float64(14.225), 'training/update_time': np.float64(0.221), 'training/pc_loss': 1.5679397620260715e-05, 'training/mean_reward': 0.9986327886581421, 'training/mean_advantage_abs': 0.002697014482691884, 'diag/policy_grad_norm_max': 0.024279357865452766, 'diag/policy_grad_norm_mean': 0.00894295796751976}
{'eval/num_episodes': 200, 'eval/mean_score': np.float64(0.999), 'eval/std_score': np.float64(0.0099), 'eval/mean_episode_length': np.float64(1.0), 'eval/eval_time': np.float64(0.001)}
{'training/total_steps': 60416, 'training/updates': 59, 'training/walltime': np.float64(14.508), 'training/update_time': np.float64(0.28), 'training/pc_loss': 5.5069816880859435e-05, 'training/mean_reward': 0.9986327886581421, 'training/mean_advantage_abs': 0.002697014482691884, 'diag/policy_grad_norm_max': 0.027539459988474846, 'diag/policy_grad_norm_mean': 0.007926542311906815}
{'eval/num_episodes': 200, 'eval/mean_score': np.float64(0.9995), 'eval/std_score': np.float64(0.0071), 'eval/mean_episode_length': np.float64(1.0), 'eval/eval_time': np.float64(0.001)}
TRAINING END: training duration: 14.509334087371826
