[run_train] algorithm=pc_reinforce env=bandit num_envs=8 total_steps=60000 seed=5 use_cnn=None
|param: value|
|experiment_name:  pc_reinforce|
|seed:  5|
|write_logs_to_file:  False|
|save_model:  False|
|env_name:  bandit|
|num_envs:  8|
|num_train_levels:  200|
|distribution_mode:  easy|
|arm_means:  [1.0, 0.9]|
|deterministic_rewards:  True|
|episode_length:  1000|
|eval_env:  True|
|num_eval_episodes:  200|
|eval_every:  1|
|total_timesteps:  60000|
|unroll_length:  128|
|gamma:  0.99|
|learning_rate:  0.00025|
|target_scale:  1.0|
|pc_steps_per_update:  1|
|update_epochs:  4|
|num_minibatches:  4|
|normalize_advantages:  False|
|max_t1:  20|
|inference_rate_correction:  False|
|normalize_rewards:  False|
|exp_std:  True|
|state_indep_std:  False|
|optimizer:  adam|
|max_grad_norm:  0.5|
|natural_target:  False|
|target_clip:  None|
|target_clip_rel:  False|
|log_std_min:  None|
|width:  32|
|depth:  2|
|act_fn:  relu|
|policy_init_logit_bias:  [0.0, 4.0]|
|checkpoint_dir:  /home/user/Policy_Gradient_Predictive_Coding/outputs/checkpoints|
INFO:2026-08-02 20:05:40,811:jax._src.xla_bridge:927: Unable to initialize backend 'rocm': module 'jaxlib.xla_extension' has no attribute 'GpuAllocatorConfig'
Unable to initialize backend 'rocm': module 'jaxlib.xla_extension' has no attribute 'GpuAllocatorConfig'
INFO:2026-08-02 20:05:40,811:jax._src.xla_bridge:927: Unable to initialize backend 'tpu': INTERNAL: Failed to open libtpu.so: libtpu.so: cannot open shared object file: No such file or directory
Unable to initialize backend 'tpu': INTERNAL: Failed to open libtpu.so: libtpu.so: cannot open shared object file: No such file or directory
{'training/total_steps': 1024, 'training/updates': 1, 'training/walltime': np.float64(2.074), 'training/update_time': np.float64(2.074), 'training/pc_loss': 3.675170228234492e-05, 'training/mean_reward': 0.9010740518569946, 'training/mean_advantage_abs': 0.002125218976289034, 'diag/policy_grad_norm_max': 0.009245566092431545, 'diag/policy_grad_norm_mean': 0.005117206368595362}
{'eval/num_episodes': 200, 'eval/mean_score': np.float64(0.9035), 'eval/std_score': np.float64(0.0184), 'eval/mean_episode_length': np.float64(1.0), 'eval/eval_time': np.float64(0.186)}
{'training/total_steps': 2048, 'training/updates': 2, 'training/walltime': np.float64(2.453), 'training/update_time': np.float64(0.173), 'training/pc_loss': 0.00021401364938355982, 'training/mean_reward': 0.9023435711860657, 'training/mean_advantage_abs': 0.004577489569783211, 'diag/policy_grad_norm_max': 0.018329912796616554, 'diag/policy_grad_norm_mean': 0.011098833754658699}
{'eval/num_episodes': 200, 'eval/mean_score': np.float64(0.901), 'eval/std_score': np.float64(0.0099), 'eval/mean_episode_length': np.float64(1.0), 'eval/eval_time': np.float64(0.002)}
{'training/total_steps': 3072, 'training/updates': 3, 'training/walltime': np.float64(2.672), 'training/update_time': np.float64(0.217), 'training/pc_loss': 0.00027991036768071353, 'training/mean_reward': 0.9030271768569946, 'training/mean_advantage_abs': 0.005871257744729519, 'diag/policy_grad_norm_max': 0.020214999094605446, 'diag/policy_grad_norm_mean': 0.014361890032887459}
{'eval/num_episodes': 200, 'eval/mean_score': np.float64(0.9015), 'eval/std_score': np.float64(0.0122), 'eval/mean_episode_length': np.float64(1.0), 'eval/eval_time': np.float64(0.001)}
{'training/total_steps': 4096, 'training/updates': 4, 'training/walltime': np.float64(2.852), 'training/update_time': np.float64(0.179), 'training/pc_loss': 0.000419103802414611, 'training/mean_reward': 0.9028319120407104, 'training/mean_advantage_abs': 0.005503565073013306, 'diag/policy_grad_norm_max': 0.024078918620944023, 'diag/policy_grad_norm_mean': 0.013598328456282616}
{'eval/num_episodes': 200, 'eval/mean_score': np.float64(0.902), 'eval/std_score': np.float64(0.014), 'eval/mean_episode_length': np.float64(1.0), 'eval/eval_time': np.float64(0.002)}
{'training/total_steps': 5120, 'training/updates': 5, 'training/walltime': np.float64(3.042), 'training/update_time': np.float64(0.187), 'training/pc_loss': 0.00027935957768931985, 'training/mean_reward': 0.9025388956069946, 'training/mean_advantage_abs': 0.004949052818119526, 'diag/policy_grad_norm_max': 0.020642412826418877, 'diag/policy_grad_norm_mean': 0.012349254451692104}
{'eval/num_episodes': 200, 'eval/mean_score': np.float64(0.9035), 'eval/std_score': np.float64(0.0184), 'eval/mean_episode_length': np.float64(1.0), 'eval/eval_time': np.float64(0.002)}
{'training/total_steps': 6144, 'training/updates': 6, 'training/walltime': np.float64(3.244), 'training/update_time': np.float64(0.199), 'training/pc_loss': 0.000369655987014994, 'training/mean_reward': 0.9040037393569946, 'training/mean_advantage_abs': 0.007687056437134743, 'diag/policy_grad_norm_max': 0.03166934475302696, 'diag/policy_grad_norm_mean': 0.01937825046479702}
{'eval/num_episodes': 200, 'eval/mean_score': np.float64(0.9015), 'eval/std_score': np.float64(0.0122), 'eval/mean_episode_length': np.float64(1.0), 'eval/eval_time': np.float64(0.001)}
{'training/total_steps': 7168, 'training/updates': 7, 'training/walltime': np.float64(3.419), 'training/update_time': np.float64(0.173), 'training/pc_loss': 0.000268973148195073, 'training/mean_reward': 0.9035154581069946, 'training/mean_advantage_abs': 0.006783924996852875, 'diag/policy_grad_norm_max': 0.022933369502425194, 'diag/policy_grad_norm_mean': 0.01729572005569935}
{'eval/num_episodes': 200, 'eval/mean_score': np.float64(0.905), 'eval/std_score': np.float64(0.0218), 'eval/mean_episode_length': np.float64(1.0), 'eval/eval_time': np.float64(0.002)}
{'training/total_steps': 8192, 'training/updates': 8, 'training/walltime': np.float64(3.681), 'training/update_time': np.float64(0.26), 'training/pc_loss': 0.0005253163399174809, 'training/mean_reward': 0.9041013717651367, 'training/mean_advantage_abs': 0.007866516709327698, 'diag/policy_grad_norm_max': 0.03057248145341873, 'diag/policy_grad_norm_mean': 0.020278068259358406}
{'eval/num_episodes': 200, 'eval/mean_score': np.float64(0.905), 'eval/std_score': np.float64(0.0218), 'eval/mean_episode_length': np.float64(1.0), 'eval/eval_time': np.float64(0.001)}
{'training/total_steps': 9216, 'training/updates': 9, 'training/walltime': np.float64(3.856), 'training/update_time': np.float64(0.174), 'training/pc_loss': 0.00044749461812898517, 'training/mean_reward': 0.9046873450279236, 'training/mean_advantage_abs': 0.008935429155826569, 'diag/policy_grad_norm_max': 0.03812650963664055, 'diag/policy_grad_norm_mean': 0.02329818531870842}
{'eval/num_episodes': 200, 'eval/mean_score': np.float64(0.9085), 'eval/std_score': np.float64(0.0279), 'eval/mean_episode_length': np.float64(1.0), 'eval/eval_time': np.float64(0.001)}
{'training/total_steps': 10240, 'training/updates': 10, 'training/walltime': np.float64(4.033), 'training/update_time': np.float64(0.174), 'training/pc_loss': 0.0005876646027900279, 'training/mean_reward': 0.9053709506988525, 'training/mean_advantage_abs': 0.010165109299123287, 'diag/policy_grad_norm_max': 0.03661561384797096, 'diag/policy_grad_norm_mean': 0.026819288730621338}
{'eval/num_episodes': 200, 'eval/mean_score': np.float64(0.9085), 'eval/std_score': np.float64(0.0279), 'eval/mean_episode_length': np.float64(1.0), 'eval/eval_time': np.float64(0.001)}
{'training/total_steps': 11264, 'training/updates': 11, 'training/walltime': np.float64(4.203), 'training/update_time': np.float64(0.168), 'training/pc_loss': 0.000502834445796907, 'training/mean_reward': 0.9063475131988525, 'training/mean_advantage_abs': 0.011889355257153511, 'diag/policy_grad_norm_max': 0.045748259872198105, 'diag/policy_grad_norm_mean': 0.03174808993935585}
{'eval/num_episodes': 200, 'eval/mean_score': np.float64(0.9075), 'eval/std_score': np.float64(0.0263), 'eval/mean_episode_length': np.float64(1.0), 'eval/eval_time': np.float64(0.001)}
{'training/total_steps': 12288, 'training/updates': 12, 'training/walltime': np.float64(4.366), 'training/update_time': np.float64(0.161), 'training/pc_loss': 0.000612171133980155, 'training/mean_reward': 0.9077147245407104, 'training/mean_advantage_abs': 0.014239232055842876, 'diag/policy_grad_norm_max': 0.05329553782939911, 'diag/policy_grad_norm_mean': 0.03849317505955696}
{'eval/num_episodes': 200, 'eval/mean_score': np.float64(0.91), 'eval/std_score': np.float64(0.03), 'eval/mean_episode_length': np.float64(1.0), 'eval/eval_time': np.float64(0.002)}
{'training/total_steps': 13312, 'training/updates': 13, 'training/walltime': np.float64(4.539), 'training/update_time': np.float64(0.171), 'training/pc_loss': 0.000691306428052485, 'training/mean_reward': 0.9095702171325684, 'training/mean_advantage_abs': 0.017308752983808517, 'diag/policy_grad_norm_max': 0.06548687070608139, 'diag/policy_grad_norm_mean': 0.04738765209913254}
{'eval/num_episodes': 200, 'eval/mean_score': np.float64(0.909), 'eval/std_score': np.float64(0.0286), 'eval/mean_episode_length': np.float64(1.0), 'eval/eval_time': np.float64(0.002)}
{'training/total_steps': 14336, 'training/updates': 14, 'training/walltime': np.float64(4.723), 'training/update_time': np.float64(0.182), 'training/pc_loss': 0.00041317479917779565, 'training/mean_reward': 0.9095701575279236, 'training/mean_advantage_abs': 0.017308704555034637, 'diag/policy_grad_norm_max': 0.06760505586862564, 'diag/policy_grad_norm_mean': 0.047987356781959534}
{'eval/num_episodes': 200, 'eval/mean_score': np.float64(0.913), 'eval/std_score': np.float64(0.0336), 'eval/mean_episode_length': np.float64(1.0), 'eval/eval_time': np.float64(0.002)}
{'training/total_steps': 15360, 'training/updates': 15, 'training/walltime': np.float64(4.911), 'training/update_time': np.float64(0.185), 'training/pc_loss': 0.0007566795102320611, 'training/mean_reward': 0.9128904342651367, 'training/mean_advantage_abs': 0.02245776541531086, 'diag/policy_grad_norm_max': 0.07264556735754013, 'diag/policy_grad_norm_mean': 0.06300888955593109}
{'eval/num_episodes': 200, 'eval/mean_score': np.float64(0.9165), 'eval/std_score': np.float64(0.0371), 'eval/mean_episode_length': np.float64(1.0), 'eval/eval_time': np.float64(0.001)}
{'training/total_steps': 16384, 'training/updates': 16, 'training/walltime': np.float64(5.108), 'training/update_time': np.float64(0.195), 'training/pc_loss': 0.0006967789959162474, 'training/mean_reward': 0.9148435592651367, 'training/mean_advantage_abs': 0.025280646979808807, 'diag/policy_grad_norm_max': 0.08518585562705994, 'diag/policy_grad_norm_mean': 0.07180523127317429}
{'eval/num_episodes': 200, 'eval/mean_score': np.float64(0.92), 'eval/std_score': np.float64(0.04), 'eval/mean_episode_length': np.float64(1.0), 'eval/eval_time': np.float64(0.008)}
{'training/total_steps': 17408, 'training/updates': 17, 'training/walltime': np.float64(5.285), 'training/update_time': np.float64(0.169), 'training/pc_loss': 0.0006759316893294454, 'training/mean_reward': 0.9202147126197815, 'training/mean_advantage_abs': 0.0322568342089653, 'diag/policy_grad_norm_max': 0.10470220446586609, 'diag/policy_grad_norm_mean': 0.09274553507566452}
{'eval/num_episodes': 200, 'eval/mean_score': np.float64(0.9315), 'eval/std_score': np.float64(0.0465), 'eval/mean_episode_length': np.float64(1.0), 'eval/eval_time': np.float64(0.002)}
{'training/total_steps': 18432, 'training/updates': 18, 'training/walltime': np.float64(5.458), 'training/update_time': np.float64(0.17), 'training/pc_loss': 0.0007865398074500263, 'training/mean_reward': 0.9249022006988525, 'training/mean_advantage_abs': 0.03740210086107254, 'diag/policy_grad_norm_max': 0.12820172309875488, 'diag/policy_grad_norm_mean': 0.10890190303325653}
{'eval/num_episodes': 200, 'eval/mean_score': np.float64(0.9275), 'eval/std_score': np.float64(0.0447), 'eval/mean_episode_length': np.float64(1.0), 'eval/eval_time': np.float64(0.002)}
{'training/total_steps': 19456, 'training/updates': 19, 'training/walltime': np.float64(5.629), 'training/update_time': np.float64(0.169), 'training/pc_loss': 0.000653458817396313, 'training/mean_reward': 0.9283201694488525, 'training/mean_advantage_abs': 0.04059977829456329, 'diag/policy_grad_norm_max': 0.1258607804775238, 'diag/policy_grad_norm_mean': 0.11956880986690521}
{'eval/num_episodes': 200, 'eval/mean_score': np.float64(0.9415), 'eval/std_score': np.float64(0.0493), 'eval/mean_episode_length': np.float64(1.0), 'eval/eval_time': np.float64(0.001)}
{'training/total_steps': 20480, 'training/updates': 20, 'training/walltime': np.float64(5.8), 'training/update_time': np.float64(0.169), 'training/pc_loss': 0.0005939961411058903, 'training/mean_reward': 0.9380858540534973, 'training/mean_advantage_abs': 0.04716109484434128, 'diag/policy_grad_norm_max': 0.1456241011619568, 'diag/policy_grad_norm_mean': 0.1404203623533249}
{'eval/num_episodes': 200, 'eval/mean_score': np.float64(0.9465), 'eval/std_score': np.float64(0.0499), 'eval/mean_episode_length': np.float64(1.0), 'eval/eval_time': np.float64(0.001)}
{'training/total_steps': 21504, 'training/updates': 21, 'training/walltime': np.float64(5.974), 'training/update_time': np.float64(0.173), 'training/pc_loss': 0.0006219324423000216, 'training/mean_reward': 0.9462890028953552, 'training/mean_advantage_abs': 0.04972458630800247, 'diag/policy_grad_norm_max': 0.15069691836833954, 'diag/policy_grad_norm_mean': 0.14965642988681793}
{'eval/num_episodes': 200, 'eval/mean_score': np.float64(0.96), 'eval/std_score': np.float64(0.049), 'eval/mean_episode_length': np.float64(1.0), 'eval/eval_time': np.float64(0.001)}
{'training/total_steps': 22528, 'training/updates': 22, 'training/walltime': np.float64(6.147), 'training/update_time': np.float64(0.171), 'training/pc_loss': 0.0006906192284077406, 'training/mean_reward': 0.9598632454872131, 'training/mean_advantage_abs': 0.04805433005094528, 'diag/policy_grad_norm_max': 0.15260042250156403, 'diag/policy_grad_norm_mean': 0.14607305824756622}
{'eval/num_episodes': 200, 'eval/mean_score': np.float64(0.964), 'eval/std_score': np.float64(0.048), 'eval/mean_episode_length': np.float64(1.0), 'eval/eval_time': np.float64(0.002)}
{'training/total_steps': 23552, 'training/updates': 23, 'training/walltime': np.float64(6.325), 'training/update_time': np.float64(0.176), 'training/pc_loss': 0.0008493115310557187, 'training/mean_reward': 0.9630858898162842, 'training/mean_advantage_abs': 0.04657518491148949, 'diag/policy_grad_norm_max': 0.15029330551624298, 'diag/policy_grad_norm_mean': 0.14281250536441803}
{'eval/num_episodes': 200, 'eval/mean_score': np.float64(0.9705), 'eval/std_score': np.float64(0.0456), 'eval/mean_episode_length': np.float64(1.0), 'eval/eval_time': np.float64(0.001)}
{'training/total_steps': 24576, 'training/updates': 24, 'training/walltime': np.float64(6.511), 'training/update_time': np.float64(0.184), 'training/pc_loss': 0.0009272106108255684, 'training/mean_reward': 0.972460925579071, 'training/mean_advantage_abs': 0.03991013765335083, 'diag/policy_grad_norm_max': 0.1423826813697815, 'diag/policy_grad_norm_mean': 0.12332272529602051}
{'eval/num_episodes': 200, 'eval/mean_score': np.float64(0.9725), 'eval/std_score': np.float64(0.0447), 'eval/mean_episode_length': np.float64(1.0), 'eval/eval_time': np.float64(0.002)}
{'training/total_steps': 25600, 'training/updates': 25, 'training/walltime': np.float64(6.711), 'training/update_time': np.float64(0.197), 'training/pc_loss': 0.0008362148655578494, 'training/mean_reward': 0.9749022722244263, 'training/mean_advantage_abs': 0.03759750723838806, 'diag/policy_grad_norm_max': 0.13639269769191742, 'diag/policy_grad_norm_mean': 0.11693838238716125}
{'eval/num_episodes': 200, 'eval/mean_score': np.float64(0.982), 'eval/std_score': np.float64(0.0384), 'eval/mean_episode_length': np.float64(1.0), 'eval/eval_time': np.float64(0.002)}
{'training/total_steps': 26624, 'training/updates': 26, 'training/walltime': np.float64(6.897), 'training/update_time': np.float64(0.183), 'training/pc_loss': 0.0008078115060925484, 'training/mean_reward': 0.9779296517372131, 'training/mean_advantage_abs': 0.034398678690195084, 'diag/policy_grad_norm_max': 0.11763832718133926, 'diag/policy_grad_norm_mean': 0.10760895162820816}
{'eval/num_episodes': 200, 'eval/mean_score': np.float64(0.9855), 'eval/std_score': np.float64(0.0352), 'eval/mean_episode_length': np.float64(1.0), 'eval/eval_time': np.float64(0.002)}
{'training/total_steps': 27648, 'training/updates': 27, 'training/walltime': np.float64(7.096), 'training/update_time': np.float64(0.197), 'training/pc_loss': 0.0010477480245754123, 'training/mean_reward': 0.9838866591453552, 'training/mean_advantage_abs': 0.02703385055065155, 'diag/policy_grad_norm_max': 0.10204637795686722, 'diag/policy_grad_norm_mean': 0.08502678573131561}
{'eval/num_episodes': 200, 'eval/mean_score': np.float64(0.99), 'eval/std_score': np.float64(0.03), 'eval/mean_episode_length': np.float64(1.0), 'eval/eval_time': np.float64(0.002)}
{'training/total_steps': 28672, 'training/updates': 28, 'training/walltime': np.float64(7.3), 'training/update_time': np.float64(0.201), 'training/pc_loss': 0.000871434691362083, 'training/mean_reward': 0.9855468273162842, 'training/mean_advantage_abs': 0.024728430435061455, 'diag/policy_grad_norm_max': 0.09243544191122055, 'diag/policy_grad_norm_mean': 0.07811000943183899}
{'eval/num_episodes': 200, 'eval/mean_score': np.float64(0.9885), 'eval/std_score': np.float64(0.0319), 'eval/mean_episode_length': np.float64(1.0), 'eval/eval_time': np.float64(0.002)}
{'training/total_steps': 29696, 'training/updates': 29, 'training/walltime': np.float64(7.477), 'training/update_time': np.float64(0.176), 'training/pc_loss': 0.0006455769762396812, 'training/mean_reward': 0.9886718988418579, 'training/mean_advantage_abs': 0.020089704543352127, 'diag/policy_grad_norm_max': 0.08311174809932709, 'diag/policy_grad_norm_mean': 0.06369292736053467}
{'eval/num_episodes': 200, 'eval/mean_score': np.float64(0.989), 'eval/std_score': np.float64(0.0313), 'eval/mean_episode_length': np.float64(1.0), 'eval/eval_time': np.float64(0.002)}
{'training/total_steps': 30720, 'training/updates': 30, 'training/walltime': np.float64(7.666), 'training/update_time': np.float64(0.186), 'training/pc_loss': 0.000720928655937314, 'training/mean_reward': 0.9908202886581421, 'training/mean_advantage_abs': 0.016674064099788666, 'diag/policy_grad_norm_max': 0.06205443665385246, 'diag/policy_grad_norm_mean': 0.05303198844194412}
{'eval/num_episodes': 200, 'eval/mean_score': np.float64(0.992), 'eval/std_score': np.float64(0.0271), 'eval/mean_episode_length': np.float64(1.0), 'eval/eval_time': np.float64(0.001)}
{'training/total_steps': 31744, 'training/updates': 31, 'training/walltime': np.float64(7.846), 'training/update_time': np.float64(0.178), 'training/pc_loss': 0.0005456077633425593, 'training/mean_reward': 0.9908202886581421, 'training/mean_advantage_abs': 0.016674064099788666, 'diag/policy_grad_norm_max': 0.06843581050634384, 'diag/policy_grad_norm_mean': 0.05316988378763199}
{'eval/num_episodes': 200, 'eval/mean_score': np.float64(0.9925), 'eval/std_score': np.float64(0.0263), 'eval/mean_episode_length': np.float64(1.0), 'eval/eval_time': np.float64(0.002)}
{'training/total_steps': 32768, 'training/updates': 32, 'training/walltime': np.float64(8.023), 'training/update_time': np.float64(0.175), 'training/pc_loss': 0.0005096762324683368, 'training/mean_reward': 0.99169921875, 'training/mean_advantage_abs': 0.015223504975438118, 'diag/policy_grad_norm_max': 0.06083202734589577, 'diag/policy_grad_norm_mean': 0.04867216572165489}
{'eval/num_episodes': 200, 'eval/mean_score': np.float64(0.9925), 'eval/std_score': np.float64(0.0263), 'eval/mean_episode_length': np.float64(1.0), 'eval/eval_time': np.float64(0.002)}
{'training/total_steps': 33792, 'training/updates': 33, 'training/walltime': np.float64(8.203), 'training/update_time': np.float64(0.177), 'training/pc_loss': 0.00047265010653063655, 'training/mean_reward': 0.992968738079071, 'training/mean_advantage_abs': 0.013073742389678955, 'diag/policy_grad_norm_max': 0.059134017676115036, 'diag/policy_grad_norm_mean': 0.04189450293779373}
{'eval/num_episodes': 200, 'eval/mean_score': np.float64(0.993), 'eval/std_score': np.float64(0.0255), 'eval/mean_episode_length': np.float64(1.0), 'eval/eval_time': np.float64(0.001)}
{'training/total_steps': 34816, 'training/updates': 34, 'training/walltime': np.float64(8.377), 'training/update_time': np.float64(0.172), 'training/pc_loss': 0.0003961013280786574, 'training/mean_reward': 0.993847668170929, 'training/mean_advantage_abs': 0.011547652073204517, 'diag/policy_grad_norm_max': 0.053107861429452896, 'diag/policy_grad_norm_mean': 0.0370849072933197}
{'eval/num_episodes': 200, 'eval/mean_score': np.float64(0.996), 'eval/std_score': np.float64(0.0196), 'eval/mean_episode_length': np.float64(1.0), 'eval/eval_time': np.float64(0.002)}
{'training/total_steps': 35840, 'training/updates': 35, 'training/walltime': np.float64(8.58), 'training/update_time': np.float64(0.2), 'training/pc_loss': 0.0006121418555267155, 'training/mean_reward': 0.9935546517372131, 'training/mean_advantage_abs': 0.012059817090630531, 'diag/policy_grad_norm_max': 0.05528615042567253, 'diag/policy_grad_norm_mean': 0.03880394250154495}
{'eval/num_episodes': 200, 'eval/mean_score': np.float64(0.9945), 'eval/std_score': np.float64(0.0228), 'eval/mean_episode_length': np.float64(1.0), 'eval/eval_time': np.float64(0.002)}
{'training/total_steps': 36864, 'training/updates': 36, 'training/walltime': np.float64(8.755), 'training/update_time': np.float64(0.173), 'training/pc_loss': 0.0005394946783781052, 'training/mean_reward': 0.994824230670929, 'training/mean_advantage_abs': 0.009815778583288193, 'diag/policy_grad_norm_max': 0.04692160338163376, 'diag/policy_grad_norm_mean': 0.031644321978092194}
{'eval/num_episodes': 200, 'eval/mean_score': np.float64(0.995), 'eval/std_score': np.float64(0.0218), 'eval/mean_episode_length': np.float64(1.0), 'eval/eval_time': np.float64(0.001)}
{'training/total_steps': 37888, 'training/updates': 37, 'training/walltime': np.float64(8.913), 'training/update_time': np.float64(0.157), 'training/pc_loss': 0.00044701906153932214, 'training/mean_reward': 0.9947265386581421, 'training/mean_advantage_abs': 0.009990714490413666, 'diag/policy_grad_norm_max': 0.047048453241586685, 'diag/policy_grad_norm_mean': 0.03226112946867943}
{'eval/num_episodes': 200, 'eval/mean_score': np.float64(0.9965), 'eval/std_score': np.float64(0.0184), 'eval/mean_episode_length': np.float64(1.0), 'eval/eval_time': np.float64(0.002)}
{'training/total_steps': 38912, 'training/updates': 38, 'training/walltime': np.float64(9.095), 'training/update_time': np.float64(0.18), 'training/pc_loss': 0.00023155931557994336, 'training/mean_reward': 0.99609375, 'training/mean_advantage_abs': 0.007507325150072575, 'diag/policy_grad_norm_max': 0.038212601095438004, 'diag/policy_grad_norm_mean': 0.024281160905957222}
{'eval/num_episodes': 200, 'eval/mean_score': np.float64(0.995), 'eval/std_score': np.float64(0.0218), 'eval/mean_episode_length': np.float64(1.0), 'eval/eval_time': np.float64(0.001)}
{'training/total_steps': 39936, 'training/updates': 39, 'training/walltime': np.float64(9.274), 'training/update_time': np.float64(0.177), 'training/pc_loss': 0.00046480094897560775, 'training/mean_reward': 0.9959960579872131, 'training/mean_advantage_abs': 0.00768722128123045, 'diag/policy_grad_norm_max': 0.03593076393008232, 'diag/policy_grad_norm_mean': 0.02489539608359337}
{'eval/num_episodes': 200, 'eval/mean_score': np.float64(0.9985), 'eval/std_score': np.float64(0.0122), 'eval/mean_episode_length': np.float64(1.0), 'eval/eval_time': np.float64(0.002)}
{'training/total_steps': 40960, 'training/updates': 40, 'training/walltime': np.float64(9.543), 'training/update_time': np.float64(0.267), 'training/pc_loss': 0.0004599361272994429, 'training/mean_reward': 0.9952148199081421, 'training/mean_advantage_abs': 0.00911238044500351, 'diag/policy_grad_norm_max': 0.03820145130157471, 'diag/policy_grad_norm_mean': 0.02955131232738495}
{'eval/num_episodes': 200, 'eval/mean_score': np.float64(0.997), 'eval/std_score': np.float64(0.0171), 'eval/mean_episode_length': np.float64(1.0), 'eval/eval_time': np.float64(0.002)}
{'training/total_steps': 41984, 'training/updates': 41, 'training/walltime': np.float64(9.737), 'training/update_time': np.float64(0.192), 'training/pc_loss': 0.0004117039206903428, 'training/mean_reward': 0.9970703125, 'training/mean_advantage_abs': 0.00568771455436945, 'diag/policy_grad_norm_max': 0.02917535789310932, 'diag/policy_grad_norm_mean': 0.018471812829375267}
{'eval/num_episodes': 200, 'eval/mean_score': np.float64(0.996), 'eval/std_score': np.float64(0.0196), 'eval/mean_episode_length': np.float64(1.0), 'eval/eval_time': np.float64(0.001)}
{'training/total_steps': 43008, 'training/updates': 42, 'training/walltime': np.float64(9.921), 'training/update_time': np.float64(0.181), 'training/pc_loss': 0.00017254783597309142, 'training/mean_reward': 0.9971679449081421, 'training/mean_advantage_abs': 0.005503677763044834, 'diag/policy_grad_norm_max': 0.026845695450901985, 'diag/policy_grad_norm_mean': 0.017891526222229004}
{'eval/num_episodes': 200, 'eval/mean_score': np.float64(0.999), 'eval/std_score': np.float64(0.0099), 'eval/mean_episode_length': np.float64(1.0), 'eval/eval_time': np.float64(0.002)}
{'training/total_steps': 44032, 'training/updates': 43, 'training/walltime': np.float64(10.115), 'training/update_time': np.float64(0.192), 'training/pc_loss': 0.00024190946714952588, 'training/mean_reward': 0.9970703125, 'training/mean_advantage_abs': 0.00568771455436945, 'diag/policy_grad_norm_max': 0.03162228316068649, 'diag/policy_grad_norm_mean': 0.018509918823838234}
{'eval/num_episodes': 200, 'eval/mean_score': np.float64(0.998), 'eval/std_score': np.float64(0.014), 'eval/mean_episode_length': np.float64(1.0), 'eval/eval_time': np.float64(0.002)}
{'training/total_steps': 45056, 'training/updates': 44, 'training/walltime': np.float64(10.314), 'training/update_time': np.float64(0.197), 'training/pc_loss': 0.0001747426576912403, 'training/mean_reward': 0.9974609613418579, 'training/mean_advantage_abs': 0.004949166439473629, 'diag/policy_grad_norm_max': 0.024527978152036667, 'diag/policy_grad_norm_mean': 0.01612141542136669}
{'eval/num_episodes': 200, 'eval/mean_score': np.float64(0.994), 'eval/std_score': np.float64(0.0237), 'eval/mean_episode_length': np.float64(1.0), 'eval/eval_time': np.float64(0.002)}
{'training/total_steps': 46080, 'training/updates': 45, 'training/walltime': np.float64(10.483), 'training/update_time': np.float64(0.168), 'training/pc_loss': 0.000415674177929759, 'training/mean_reward': 0.996874988079071, 'training/mean_advantage_abs': 0.006054699420928955, 'diag/policy_grad_norm_max': 0.02934352308511734, 'diag/policy_grad_norm_mean': 0.019742660224437714}
{'eval/num_episodes': 200, 'eval/mean_score': np.float64(0.996), 'eval/std_score': np.float64(0.0196), 'eval/mean_episode_length': np.float64(1.0), 'eval/eval_time': np.float64(0.001)}
{'training/total_steps': 47104, 'training/updates': 46, 'training/walltime': np.float64(10.678), 'training/update_time': np.float64(0.192), 'training/pc_loss': 0.000105503604572732, 'training/mean_reward': 0.9974609613418579, 'training/mean_advantage_abs': 0.004949166439473629, 'diag/policy_grad_norm_max': 0.027038468047976494, 'diag/policy_grad_norm_mean': 0.01615297980606556}
{'eval/num_episodes': 200, 'eval/mean_score': np.float64(0.9995), 'eval/std_score': np.float64(0.0071), 'eval/mean_episode_length': np.float64(1.0), 'eval/eval_time': np.float64(0.002)}
{'training/total_steps': 48128, 'training/updates': 47, 'training/walltime': np.float64(10.883), 'training/update_time': np.float64(0.203), 'training/pc_loss': 0.0003111816185992211, 'training/mean_reward': 0.9964843392372131, 'training/mean_advantage_abs': 0.006784091703593731, 'diag/policy_grad_norm_max': 0.02697078511118889, 'diag/policy_grad_norm_mean': 0.022164760157465935}
{'eval/num_episodes': 200, 'eval/mean_score': np.float64(0.9965), 'eval/std_score': np.float64(0.0184), 'eval/mean_episode_length': np.float64(1.0), 'eval/eval_time': np.float64(0.001)}
{'training/total_steps': 49152, 'training/updates': 48, 'training/walltime': np.float64(11.06), 'training/update_time': np.float64(0.175), 'training/pc_loss': 0.00021354618365876377, 'training/mean_reward': 0.997753918170929, 'training/mean_advantage_abs': 0.004391278140246868, 'diag/policy_grad_norm_max': 0.022281836718320847, 'diag/policy_grad_norm_mean': 0.014362271875143051}
{'eval/num_episodes': 200, 'eval/mean_score': np.float64(0.998), 'eval/std_score': np.float64(0.014), 'eval/mean_episode_length': np.float64(1.0), 'eval/eval_time': np.float64(0.001)}
{'training/total_steps': 50176, 'training/updates': 49, 'training/walltime': np.float64(11.27), 'training/update_time': np.float64(0.209), 'training/pc_loss': 0.00025068403920158744, 'training/mean_reward': 0.9979492425918579, 'training/mean_advantage_abs': 0.0040174261666834354, 'diag/policy_grad_norm_max': 0.02722115069627762, 'diag/policy_grad_norm_mean': 0.013152089901268482}
{'eval/num_episodes': 200, 'eval/mean_score': np.float64(0.9985), 'eval/std_score': np.float64(0.0122), 'eval/mean_episode_length': np.float64(1.0), 'eval/eval_time': np.float64(0.002)}
{'training/total_steps': 51200, 'training/updates': 50, 'training/walltime': np.float64(11.473), 'training/update_time': np.float64(0.2), 'training/pc_loss': 0.00010639709944371134, 'training/mean_reward': 0.997363269329071, 'training/mean_advantage_abs': 0.005134403705596924, 'diag/policy_grad_norm_max': 0.029626481235027313, 'diag/policy_grad_norm_mean': 0.016822706907987595}
{'eval/num_episodes': 200, 'eval/mean_score': np.float64(0.9965), 'eval/std_score': np.float64(0.0184), 'eval/mean_episode_length': np.float64(1.0), 'eval/eval_time': np.float64(0.001)}
{'training/total_steps': 52224, 'training/updates': 51, 'training/walltime': np.float64(11.679), 'training/update_time': np.float64(0.204), 'training/pc_loss': 0.00018089583318214864, 'training/mean_reward': 0.998242199420929, 'training/mean_advantage_abs': 0.003453815821558237, 'diag/policy_grad_norm_max': 0.01748443953692913, 'diag/policy_grad_norm_mean': 0.01132610160857439}
{'eval/num_episodes': 200, 'eval/mean_score': np.float64(0.999), 'eval/std_score': np.float64(0.0099), 'eval/mean_episode_length': np.float64(1.0), 'eval/eval_time': np.float64(0.002)}
{'training/total_steps': 53248, 'training/updates': 52, 'training/walltime': np.float64(11.869), 'training/update_time': np.float64(0.189), 'training/pc_loss': 0.00035257425042800605, 'training/mean_reward': 0.9968750476837158, 'training/mean_advantage_abs': 0.006054643541574478, 'diag/policy_grad_norm_max': 0.03448547050356865, 'diag/policy_grad_norm_mean': 0.019871268421411514}
{'eval/num_episodes': 200, 'eval/mean_score': np.float64(0.998), 'eval/std_score': np.float64(0.014), 'eval/mean_episode_length': np.float64(1.0), 'eval/eval_time': np.float64(0.002)}
{'training/total_steps': 54272, 'training/updates': 53, 'training/walltime': np.float64(12.065), 'training/update_time': np.float64(0.193), 'training/pc_loss': 7.25225982023403e-05, 'training/mean_reward': 0.9981445074081421, 'training/mean_advantage_abs': 0.003642105497419834, 'diag/policy_grad_norm_max': 0.019994013011455536, 'diag/policy_grad_norm_mean': 0.011965825222432613}
{'eval/num_episodes': 200, 'eval/mean_score': np.float64(0.9985), 'eval/std_score': np.float64(0.0122), 'eval/mean_episode_length': np.float64(1.0), 'eval/eval_time': np.float64(0.002)}
{'training/total_steps': 55296, 'training/updates': 54, 'training/walltime': np.float64(12.294), 'training/update_time': np.float64(0.226), 'training/pc_loss': 0.0001464157539885491, 'training/mean_reward': 0.99853515625, 'training/mean_advantage_abs': 0.002886772621423006, 'diag/policy_grad_norm_max': 0.020058685913681984, 'diag/policy_grad_norm_mean': 0.009492317214608192}
{'eval/num_episodes': 200, 'eval/mean_score': np.float64(0.999), 'eval/std_score': np.float64(0.0099), 'eval/mean_episode_length': np.float64(1.0), 'eval/eval_time': np.float64(0.001)}
{'training/total_steps': 56320, 'training/updates': 55, 'training/walltime': np.float64(12.483), 'training/update_time': np.float64(0.187), 'training/pc_loss': 0.00022032319975551218, 'training/mean_reward': 0.9986327886581421, 'training/mean_advantage_abs': 0.002697014482691884, 'diag/policy_grad_norm_max': 0.015107590705156326, 'diag/policy_grad_norm_mean': 0.008873454295098782}
{'eval/num_episodes': 200, 'eval/mean_score': np.float64(0.9985), 'eval/std_score': np.float64(0.0122), 'eval/mean_episode_length': np.float64(1.0), 'eval/eval_time': np.float64(0.002)}
{'training/total_steps': 57344, 'training/updates': 56, 'training/walltime': np.float64(12.676), 'training/update_time': np.float64(0.192), 'training/pc_loss': 7.352450484177098e-05, 'training/mean_reward': 0.9986328482627869, 'training/mean_advantage_abs': 0.0026969565078616142, 'diag/policy_grad_norm_max': 0.01511312834918499, 'diag/policy_grad_norm_mean': 0.008879303000867367}
{'eval/num_episodes': 200, 'eval/mean_score': np.float64(0.998), 'eval/std_score': np.float64(0.014), 'eval/mean_episode_length': np.float64(1.0), 'eval/eval_time': np.float64(0.001)}
{'training/total_steps': 58368, 'training/updates': 57, 'training/walltime': np.float64(12.874), 'training/update_time': np.float64(0.196), 'training/pc_loss': 0.00010976535122608766, 'training/mean_reward': 0.9983398914337158, 'training/mean_advantage_abs': 0.0032651443034410477, 'diag/policy_grad_norm_max': 0.01760002411901951, 'diag/policy_grad_norm_mean': 0.010754517279565334}
{'eval/num_episodes': 200, 'eval/mean_score': np.float64(0.999), 'eval/std_score': np.float64(0.0099), 'eval/mean_episode_length': np.float64(1.0), 'eval/eval_time': np.float64(0.002)}
{'training/total_steps': 59392, 'training/updates': 58, 'training/walltime': np.float64(13.087), 'training/update_time': np.float64(0.21), 'training/pc_loss': 0.0001465383538743481, 'training/mean_reward': 0.998339831829071, 'training/mean_advantage_abs': 0.003265202045440674, 'diag/policy_grad_norm_max': 0.01512471679598093, 'diag/policy_grad_norm_mean': 0.01076335459947586}
{'eval/num_episodes': 200, 'eval/mean_score': np.float64(0.999), 'eval/std_score': np.float64(0.0099), 'eval/mean_episode_length': np.float64(1.0), 'eval/eval_time': np.float64(0.002)}
{'training/total_steps': 60416, 'training/updates': 59, 'training/walltime': np.float64(13.282), 'training/update_time': np.float64(0.193), 'training/pc_loss': 0.0001452947617508471, 'training/mean_reward': 0.997851550579071, 'training/mean_advantage_abs': 0.00420457124710083, 'diag/policy_grad_norm_max': 0.022562500089406967, 'diag/policy_grad_norm_mean': 0.01386954728513956}
{'eval/num_episodes': 200, 'eval/mean_score': np.float64(0.9985), 'eval/std_score': np.float64(0.0122), 'eval/mean_episode_length': np.float64(1.0), 'eval/eval_time': np.float64(0.002)}
TRAINING END: training duration: 13.284071207046509
