[run_train] algorithm=pc_reinforce env=bandit num_envs=8 total_steps=60000 seed=1 use_cnn=None
|param: value|
|experiment_name:  pc_reinforce|
|seed:  1|
|write_logs_to_file:  False|
|save_model:  False|
|env_name:  bandit|
|num_envs:  8|
|num_train_levels:  200|
|distribution_mode:  easy|
|arm_means:  [1.0, 0.9]|
|deterministic_rewards:  True|
|episode_length:  1000|
|eval_env:  True|
|num_eval_episodes:  200|
|eval_every:  1|
|total_timesteps:  60000|
|unroll_length:  128|
|gamma:  0.99|
|learning_rate:  0.00025|
|target_scale:  1.0|
|pc_steps_per_update:  1|
|update_epochs:  4|
|num_minibatches:  4|
|normalize_advantages:  False|
|max_t1:  20|
|inference_rate_correction:  False|
|normalize_rewards:  False|
|exp_std:  True|
|state_indep_std:  False|
|optimizer:  adam|
|max_grad_norm:  0.5|
|natural_target:  False|
|target_clip:  None|
|target_clip_rel:  False|
|log_std_min:  None|
|width:  32|
|depth:  2|
|act_fn:  relu|
|policy_init_logit_bias:  [0.0, 4.0]|
|checkpoint_dir:  /home/user/Policy_Gradient_Predictive_Coding/outputs/checkpoints|
INFO:2026-08-02 20:03:38,674:jax._src.xla_bridge:927: Unable to initialize backend 'rocm': module 'jaxlib.xla_extension' has no attribute 'GpuAllocatorConfig'
Unable to initialize backend 'rocm': module 'jaxlib.xla_extension' has no attribute 'GpuAllocatorConfig'
INFO:2026-08-02 20:03:38,676:jax._src.xla_bridge:927: Unable to initialize backend 'tpu': INTERNAL: Failed to open libtpu.so: libtpu.so: cannot open shared object file: No such file or directory
Unable to initialize backend 'tpu': INTERNAL: Failed to open libtpu.so: libtpu.so: cannot open shared object file: No such file or directory
{'training/total_steps': 1024, 'training/updates': 1, 'training/walltime': np.float64(2.014), 'training/update_time': np.float64(2.014), 'training/pc_loss': 3.6029327020514756e-05, 'training/mean_reward': 0.9020506143569946, 'training/mean_advantage_abs': 0.004017311614006758, 'diag/policy_grad_norm_max': 0.014801377430558205, 'diag/policy_grad_norm_mean': 0.009762044996023178}
{'eval/num_episodes': 200, 'eval/mean_score': np.float64(0.905), 'eval/std_score': np.float64(0.0218), 'eval/mean_episode_length': np.float64(1.0), 'eval/eval_time': np.float64(0.169)}
{'training/total_steps': 2048, 'training/updates': 2, 'training/walltime': np.float64(2.394), 'training/update_time': np.float64(0.197), 'training/pc_loss': 0.00010880449553951621, 'training/mean_reward': 0.9015623331069946, 'training/mean_advantage_abs': 0.003076033666729927, 'diag/policy_grad_norm_max': 0.013072793371975422, 'diag/policy_grad_norm_mean': 0.007526625879108906}
{'eval/num_episodes': 200, 'eval/mean_score': np.float64(0.9015), 'eval/std_score': np.float64(0.0122), 'eval/mean_episode_length': np.float64(1.0), 'eval/eval_time': np.float64(0.001)}
{'training/total_steps': 3072, 'training/updates': 3, 'training/walltime': np.float64(2.556), 'training/update_time': np.float64(0.16), 'training/pc_loss': 0.0001075181135092862, 'training/mean_reward': 0.9019529819488525, 'training/mean_advantage_abs': 0.0038298419676721096, 'diag/policy_grad_norm_max': 0.016879376024007797, 'diag/policy_grad_norm_mean': 0.009446985088288784}
{'eval/num_episodes': 200, 'eval/mean_score': np.float64(0.904), 'eval/std_score': np.float64(0.0196), 'eval/mean_episode_length': np.float64(1.0), 'eval/eval_time': np.float64(0.001)}
{'training/total_steps': 4096, 'training/updates': 4, 'training/walltime': np.float64(2.715), 'training/update_time': np.float64(0.158), 'training/pc_loss': 0.00035303126787766814, 'training/mean_reward': 0.9024412631988525, 'training/mean_advantage_abs': 0.00476349052041769, 'diag/policy_grad_norm_max': 0.018875442445278168, 'diag/policy_grad_norm_mean': 0.011858867481350899}
{'eval/num_episodes': 200, 'eval/mean_score': np.float64(0.9035), 'eval/std_score': np.float64(0.0184), 'eval/mean_episode_length': np.float64(1.0), 'eval/eval_time': np.float64(0.001)}
{'training/total_steps': 5120, 'training/updates': 5, 'training/walltime': np.float64(2.884), 'training/update_time': np.float64(0.167), 'training/pc_loss': 0.00020790993585251272, 'training/mean_reward': 0.9030271768569946, 'training/mean_advantage_abs': 0.005871257744729519, 'diag/policy_grad_norm_max': 0.0226846095174551, 'diag/policy_grad_norm_mean': 0.014767458662390709}
{'eval/num_episodes': 200, 'eval/mean_score': np.float64(0.904), 'eval/std_score': np.float64(0.0196), 'eval/mean_episode_length': np.float64(1.0), 'eval/eval_time': np.float64(0.001)}
{'training/total_steps': 6144, 'training/updates': 6, 'training/walltime': np.float64(3.052), 'training/update_time': np.float64(0.166), 'training/pc_loss': 0.00017371370631735772, 'training/mean_reward': 0.9025388956069946, 'training/mean_advantage_abs': 0.004949052818119526, 'diag/policy_grad_norm_max': 0.015450251288712025, 'diag/policy_grad_norm_mean': 0.01258048415184021}
{'eval/num_episodes': 200, 'eval/mean_score': np.float64(0.903), 'eval/std_score': np.float64(0.0171), 'eval/mean_episode_length': np.float64(1.0), 'eval/eval_time': np.float64(0.001)}
{'training/total_steps': 7168, 'training/updates': 7, 'training/walltime': np.float64(3.214), 'training/update_time': np.float64(0.161), 'training/pc_loss': 0.0001719297288218513, 'training/mean_reward': 0.9026365280151367, 'training/mean_advantage_abs': 0.005134234204888344, 'diag/policy_grad_norm_max': 0.01929069682955742, 'diag/policy_grad_norm_mean': 0.013182790018618107}
{'eval/num_episodes': 200, 'eval/mean_score': np.float64(0.906), 'eval/std_score': np.float64(0.0237), 'eval/mean_episode_length': np.float64(1.0), 'eval/eval_time': np.float64(0.001)}
{'training/total_steps': 8192, 'training/updates': 8, 'training/walltime': np.float64(3.435), 'training/update_time': np.float64(0.219), 'training/pc_loss': 0.0005310631240718067, 'training/mean_reward': 0.9038084149360657, 'training/mean_advantage_abs': 0.007326937280595303, 'diag/policy_grad_norm_max': 0.030837424099445343, 'diag/policy_grad_norm_mean': 0.0190126933157444}
{'eval/num_episodes': 200, 'eval/mean_score': np.float64(0.9045), 'eval/std_score': np.float64(0.0207), 'eval/mean_episode_length': np.float64(1.0), 'eval/eval_time': np.float64(0.002)}
{'training/total_steps': 9216, 'training/updates': 9, 'training/walltime': np.float64(3.594), 'training/update_time': np.float64(0.157), 'training/pc_loss': 0.0003576612798497081, 'training/mean_reward': 0.9041013717651367, 'training/mean_advantage_abs': 0.007866516709327698, 'diag/policy_grad_norm_max': 0.031014716252684593, 'diag/policy_grad_norm_mean': 0.02064898982644081}
{'eval/num_episodes': 200, 'eval/mean_score': np.float64(0.9055), 'eval/std_score': np.float64(0.0228), 'eval/mean_episode_length': np.float64(1.0), 'eval/eval_time': np.float64(0.001)}
{'training/total_steps': 10240, 'training/updates': 10, 'training/walltime': np.float64(3.746), 'training/update_time': np.float64(0.15), 'training/pc_loss': 0.0003044881741516292, 'training/mean_reward': 0.9062498807907104, 'training/mean_advantage_abs': 0.011718668043613434, 'diag/policy_grad_norm_max': 0.04780824854969978, 'diag/policy_grad_norm_mean': 0.03113008290529251}
{'eval/num_episodes': 200, 'eval/mean_score': np.float64(0.9095), 'eval/std_score': np.float64(0.0293), 'eval/mean_episode_length': np.float64(1.0), 'eval/eval_time': np.float64(0.001)}
{'training/total_steps': 11264, 'training/updates': 11, 'training/walltime': np.float64(3.924), 'training/update_time': np.float64(0.177), 'training/pc_loss': 0.0005930277984589338, 'training/mean_reward': 0.9062498807907104, 'training/mean_advantage_abs': 0.011718668043613434, 'diag/policy_grad_norm_max': 0.04266871139407158, 'diag/policy_grad_norm_mean': 0.031521473079919815}
{'eval/num_episodes': 200, 'eval/mean_score': np.float64(0.908), 'eval/std_score': np.float64(0.0271), 'eval/mean_episode_length': np.float64(1.0), 'eval/eval_time': np.float64(0.001)}
{'training/total_steps': 12288, 'training/updates': 12, 'training/walltime': np.float64(4.088), 'training/update_time': np.float64(0.162), 'training/pc_loss': 0.0004514909815043211, 'training/mean_reward': 0.9070311188697815, 'training/mean_advantage_abs': 0.013073639944195747, 'diag/policy_grad_norm_max': 0.04835290089249611, 'diag/policy_grad_norm_mean': 0.035589199513196945}
{'eval/num_episodes': 200, 'eval/mean_score': np.float64(0.912), 'eval/std_score': np.float64(0.0325), 'eval/mean_episode_length': np.float64(1.0), 'eval/eval_time': np.float64(0.001)}
{'training/total_steps': 13312, 'training/updates': 13, 'training/walltime': np.float64(4.244), 'training/update_time': np.float64(0.155), 'training/pc_loss': 0.0006623009103350341, 'training/mean_reward': 0.9096678495407104, 'training/mean_advantage_abs': 0.0174664705991745, 'diag/policy_grad_norm_max': 0.0605604462325573, 'diag/policy_grad_norm_mean': 0.048115845769643784}
{'eval/num_episodes': 200, 'eval/mean_score': np.float64(0.9105), 'eval/std_score': np.float64(0.0307), 'eval/mean_episode_length': np.float64(1.0), 'eval/eval_time': np.float64(0.001)}
{'training/total_steps': 14336, 'training/updates': 14, 'training/walltime': np.float64(4.407), 'training/update_time': np.float64(0.161), 'training/pc_loss': 0.000680777127854526, 'training/mean_reward': 0.9106444120407104, 'training/mean_advantage_abs': 0.01902286894619465, 'diag/policy_grad_norm_max': 0.06602947413921356, 'diag/policy_grad_norm_mean': 0.05305057018995285}
{'eval/num_episodes': 200, 'eval/mean_score': np.float64(0.915), 'eval/std_score': np.float64(0.0357), 'eval/mean_episode_length': np.float64(1.0), 'eval/eval_time': np.float64(0.001)}
{'training/total_steps': 15360, 'training/updates': 15, 'training/walltime': np.float64(4.57), 'training/update_time': np.float64(0.162), 'training/pc_loss': 0.00072581967106089, 'training/mean_reward': 0.9126951694488525, 'training/mean_advantage_abs': 0.02216712012887001, 'diag/policy_grad_norm_max': 0.08082956820726395, 'diag/policy_grad_norm_mean': 0.06255361437797546}
{'eval/num_episodes': 200, 'eval/mean_score': np.float64(0.912), 'eval/std_score': np.float64(0.0325), 'eval/mean_episode_length': np.float64(1.0), 'eval/eval_time': np.float64(0.002)}
{'training/total_steps': 16384, 'training/updates': 16, 'training/walltime': np.float64(4.752), 'training/update_time': np.float64(0.179), 'training/pc_loss': 0.0007639404502697289, 'training/mean_reward': 0.9159178733825684, 'training/mean_advantage_abs': 0.026768257841467857, 'diag/policy_grad_norm_max': 0.09562554955482483, 'diag/policy_grad_norm_mean': 0.07643599808216095}
{'eval/num_episodes': 200, 'eval/mean_score': np.float64(0.92), 'eval/std_score': np.float64(0.04), 'eval/mean_episode_length': np.float64(1.0), 'eval/eval_time': np.float64(0.001)}
{'training/total_steps': 17408, 'training/updates': 17, 'training/walltime': np.float64(4.914), 'training/update_time': np.float64(0.16), 'training/pc_loss': 0.000754539854824543, 'training/mean_reward': 0.9202146530151367, 'training/mean_advantage_abs': 0.03225679695606232, 'diag/policy_grad_norm_max': 0.10352212190628052, 'diag/policy_grad_norm_mean': 0.09315839409828186}
{'eval/num_episodes': 200, 'eval/mean_score': np.float64(0.929), 'eval/std_score': np.float64(0.0454), 'eval/mean_episode_length': np.float64(1.0), 'eval/eval_time': np.float64(0.002)}
{'training/total_steps': 18432, 'training/updates': 18, 'training/walltime': np.float64(5.084), 'training/update_time': np.float64(0.168), 'training/pc_loss': 0.000677587348036468, 'training/mean_reward': 0.9290037751197815, 'training/mean_advantage_abs': 0.041183240711688995, 'diag/policy_grad_norm_max': 0.13024163246154785, 'diag/policy_grad_norm_mean': 0.12030745297670364}
{'eval/num_episodes': 200, 'eval/mean_score': np.float64(0.93), 'eval/std_score': np.float64(0.0458), 'eval/mean_episode_length': np.float64(1.0), 'eval/eval_time': np.float64(0.001)}
{'training/total_steps': 19456, 'training/updates': 19, 'training/walltime': np.float64(5.241), 'training/update_time': np.float64(0.155), 'training/pc_loss': 0.0006279199151322246, 'training/mean_reward': 0.9377928972244263, 'training/mean_advantage_abs': 0.04701976478099823, 'diag/policy_grad_norm_max': 0.1450703740119934, 'diag/policy_grad_norm_mean': 0.13888481259346008}
{'eval/num_episodes': 200, 'eval/mean_score': np.float64(0.941), 'eval/std_score': np.float64(0.0492), 'eval/mean_episode_length': np.float64(1.0), 'eval/eval_time': np.float64(0.002)}
{'training/total_steps': 20480, 'training/updates': 20, 'training/walltime': np.float64(5.404), 'training/update_time': np.float64(0.161), 'training/pc_loss': 0.0006118648452684283, 'training/mean_reward': 0.9437499046325684, 'training/mean_advantage_abs': 0.04921875149011612, 'diag/policy_grad_norm_max': 0.14821702241897583, 'diag/policy_grad_norm_mean': 0.14690865576267242}
{'eval/num_episodes': 200, 'eval/mean_score': np.float64(0.9505), 'eval/std_score': np.float64(0.05), 'eval/mean_episode_length': np.float64(1.0), 'eval/eval_time': np.float64(0.001)}
{'training/total_steps': 21504, 'training/updates': 21, 'training/walltime': np.float64(5.568), 'training/update_time': np.float64(0.162), 'training/pc_loss': 0.0006335152429528534, 'training/mean_reward': 0.9502929449081421, 'training/mean_advantage_abs': 0.04999829828739166, 'diag/policy_grad_norm_max': 0.15400078892707825, 'diag/policy_grad_norm_mean': 0.15068282186985016}
{'eval/num_episodes': 200, 'eval/mean_score': np.float64(0.964), 'eval/std_score': np.float64(0.048), 'eval/mean_episode_length': np.float64(1.0), 'eval/eval_time': np.float64(0.002)}
{'training/total_steps': 22528, 'training/updates': 22, 'training/walltime': np.float64(5.736), 'training/update_time': np.float64(0.166), 'training/pc_loss': 0.0007168132578954101, 'training/mean_reward': 0.9594725966453552, 'training/mean_advantage_abs': 0.04820539802312851, 'diag/policy_grad_norm_max': 0.1554916352033615, 'diag/policy_grad_norm_mean': 0.1465393602848053}
{'eval/num_episodes': 200, 'eval/mean_score': np.float64(0.9655), 'eval/std_score': np.float64(0.0475), 'eval/mean_episode_length': np.float64(1.0), 'eval/eval_time': np.float64(0.002)}
{'training/total_steps': 23552, 'training/updates': 23, 'training/walltime': np.float64(5.899), 'training/update_time': np.float64(0.161), 'training/pc_loss': 0.0007394235581159592, 'training/mean_reward': 0.9670897722244263, 'training/mean_advantage_abs': 0.044158779084682465, 'diag/policy_grad_norm_max': 0.1432468146085739, 'diag/policy_grad_norm_mean': 0.13524971902370453}
{'eval/num_episodes': 200, 'eval/mean_score': np.float64(0.971), 'eval/std_score': np.float64(0.0454), 'eval/mean_episode_length': np.float64(1.0), 'eval/eval_time': np.float64(0.001)}
{'training/total_steps': 24576, 'training/updates': 24, 'training/walltime': np.float64(6.059), 'training/update_time': np.float64(0.158), 'training/pc_loss': 0.0009534838609397411, 'training/mean_reward': 0.9737304449081421, 'training/mean_advantage_abs': 0.03873731195926666, 'diag/policy_grad_norm_max': 0.13449959456920624, 'diag/policy_grad_norm_mean': 0.11942547559738159}
{'eval/num_episodes': 200, 'eval/mean_score': np.float64(0.9825), 'eval/std_score': np.float64(0.038), 'eval/mean_episode_length': np.float64(1.0), 'eval/eval_time': np.float64(0.001)}
{'training/total_steps': 25600, 'training/updates': 25, 'training/walltime': np.float64(6.222), 'training/update_time': np.float64(0.161), 'training/pc_loss': 0.0009025899926200509, 'training/mean_reward': 0.9808593392372131, 'training/mean_advantage_abs': 0.03095400705933571, 'diag/policy_grad_norm_max': 0.10955904424190521, 'diag/policy_grad_norm_mean': 0.0959710106253624}
{'eval/num_episodes': 200, 'eval/mean_score': np.float64(0.9815), 'eval/std_score': np.float64(0.0388), 'eval/mean_episode_length': np.float64(1.0), 'eval/eval_time': np.float64(0.001)}
{'training/total_steps': 26624, 'training/updates': 26, 'training/walltime': np.float64(6.377), 'training/update_time': np.float64(0.153), 'training/pc_loss': 0.0009043470490723848, 'training/mean_reward': 0.9816405773162842, 'training/mean_advantage_abs': 0.029977452009916306, 'diag/policy_grad_norm_max': 0.10304636508226395, 'diag/policy_grad_norm_mean': 0.09336147457361221}
{'eval/num_episodes': 200, 'eval/mean_score': np.float64(0.982), 'eval/std_score': np.float64(0.0384), 'eval/mean_episode_length': np.float64(1.0), 'eval/eval_time': np.float64(0.001)}
{'training/total_steps': 27648, 'training/updates': 27, 'training/walltime': np.float64(6.533), 'training/update_time': np.float64(0.154), 'training/pc_loss': 0.0007443662034347653, 'training/mean_reward': 0.9863280653953552, 'training/mean_advantage_abs': 0.02360539324581623, 'diag/policy_grad_norm_max': 0.09515856206417084, 'diag/policy_grad_norm_mean': 0.07382045686244965}
{'eval/num_episodes': 200, 'eval/mean_score': np.float64(0.986), 'eval/std_score': np.float64(0.0347), 'eval/mean_episode_length': np.float64(1.0), 'eval/eval_time': np.float64(0.001)}
{'training/total_steps': 28672, 'training/updates': 28, 'training/walltime': np.float64(6.705), 'training/update_time': np.float64(0.17), 'training/pc_loss': 0.0007951126317493618, 'training/mean_reward': 0.9862304329872131, 'training/mean_advantage_abs': 0.023747093975543976, 'diag/policy_grad_norm_max': 0.0871787741780281, 'diag/policy_grad_norm_mean': 0.07452230155467987}
{'eval/num_episodes': 200, 'eval/mean_score': np.float64(0.9915), 'eval/std_score': np.float64(0.0279), 'eval/mean_episode_length': np.float64(1.0), 'eval/eval_time': np.float64(0.001)}
{'training/total_steps': 29696, 'training/updates': 29, 'training/walltime': np.float64(6.863), 'training/update_time': np.float64(0.156), 'training/pc_loss': 0.0005781359504908323, 'training/mean_reward': 0.9879882335662842, 'training/mean_advantage_abs': 0.021137848496437073, 'diag/policy_grad_norm_max': 0.08645940572023392, 'diag/policy_grad_norm_mean': 0.06655014306306839}
{'eval/num_episodes': 200, 'eval/mean_score': np.float64(0.992), 'eval/std_score': np.float64(0.0271), 'eval/mean_episode_length': np.float64(1.0), 'eval/eval_time': np.float64(0.002)}
{'training/total_steps': 30720, 'training/updates': 30, 'training/walltime': np.float64(7.019), 'training/update_time': np.float64(0.154), 'training/pc_loss': 0.0007580238161608577, 'training/mean_reward': 0.9902343153953552, 'training/mean_advantage_abs': 0.01762395165860653, 'diag/policy_grad_norm_max': 0.06374503672122955, 'diag/policy_grad_norm_mean': 0.05564837157726288}
{'eval/num_episodes': 200, 'eval/mean_score': np.float64(0.99), 'eval/std_score': np.float64(0.03), 'eval/mean_episode_length': np.float64(1.0), 'eval/eval_time': np.float64(0.002)}
{'training/total_steps': 31744, 'training/updates': 31, 'training/walltime': np.float64(7.179), 'training/update_time': np.float64(0.158), 'training/pc_loss': 0.0004993479233235121, 'training/mean_reward': 0.9931640625, 'training/mean_advantage_abs': 0.012737276032567024, 'diag/policy_grad_norm_max': 0.05421191453933716, 'diag/policy_grad_norm_mean': 0.04031676426529884}
{'eval/num_episodes': 200, 'eval/mean_score': np.float64(0.9935), 'eval/std_score': np.float64(0.0247), 'eval/mean_episode_length': np.float64(1.0), 'eval/eval_time': np.float64(0.001)}
{'training/total_steps': 32768, 'training/updates': 32, 'training/walltime': np.float64(7.334), 'training/update_time': np.float64(0.153), 'training/pc_loss': 0.0006434617680497468, 'training/mean_reward': 0.9922851324081421, 'training/mean_advantage_abs': 0.01423933357000351, 'diag/policy_grad_norm_max': 0.06472482532262802, 'diag/policy_grad_norm_mean': 0.04516265541315079}
{'eval/num_episodes': 200, 'eval/mean_score': np.float64(0.9935), 'eval/std_score': np.float64(0.0247), 'eval/mean_episode_length': np.float64(1.0), 'eval/eval_time': np.float64(0.001)}
{'training/total_steps': 33792, 'training/updates': 33, 'training/walltime': np.float64(7.49), 'training/update_time': np.float64(0.155), 'training/pc_loss': 0.0004443591460585594, 'training/mean_reward': 0.99560546875, 'training/mean_advantage_abs': 0.008402826264500618, 'diag/policy_grad_norm_max': 0.037283677607774734, 'diag/policy_grad_norm_mean': 0.026698226109147072}
{'eval/num_episodes': 200, 'eval/mean_score': np.float64(0.9965), 'eval/std_score': np.float64(0.0184), 'eval/mean_episode_length': np.float64(1.0), 'eval/eval_time': np.float64(0.001)}
{'training/total_steps': 34816, 'training/updates': 34, 'training/walltime': np.float64(7.643), 'training/update_time': np.float64(0.151), 'training/pc_loss': 0.00034455559216439724, 'training/mean_reward': 0.9945312738418579, 'training/mean_advantage_abs': 0.010339336469769478, 'diag/policy_grad_norm_max': 0.05289231985807419, 'diag/policy_grad_norm_mean': 0.0328967347741127}
{'eval/num_episodes': 200, 'eval/mean_score': np.float64(0.995), 'eval/std_score': np.float64(0.0218), 'eval/mean_episode_length': np.float64(1.0), 'eval/eval_time': np.float64(0.001)}
{'training/total_steps': 35840, 'training/updates': 35, 'training/walltime': np.float64(7.796), 'training/update_time': np.float64(0.152), 'training/pc_loss': 0.000383039063308388, 'training/mean_reward': 0.9950194954872131, 'training/mean_advantage_abs': 0.009464869275689125, 'diag/policy_grad_norm_max': 0.05313057824969292, 'diag/policy_grad_norm_mean': 0.03015810251235962}
{'eval/num_episodes': 200, 'eval/mean_score': np.float64(0.996), 'eval/std_score': np.float64(0.0196), 'eval/mean_episode_length': np.float64(1.0), 'eval/eval_time': np.float64(0.001)}
{'training/total_steps': 36864, 'training/updates': 36, 'training/walltime': np.float64(7.955), 'training/update_time': np.float64(0.157), 'training/pc_loss': 0.00041908634011633694, 'training/mean_reward': 0.9951171875, 'training/mean_advantage_abs': 0.00928878877311945, 'diag/policy_grad_norm_max': 0.04207540303468704, 'diag/policy_grad_norm_mean': 0.02963794395327568}
{'eval/num_episodes': 200, 'eval/mean_score': np.float64(0.9955), 'eval/std_score': np.float64(0.0207), 'eval/mean_episode_length': np.float64(1.0), 'eval/eval_time': np.float64(0.006)}
{'training/total_steps': 37888, 'training/updates': 37, 'training/walltime': np.float64(8.134), 'training/update_time': np.float64(0.173), 'training/pc_loss': 0.0002644596970640123, 'training/mean_reward': 0.9959961175918579, 'training/mean_advantage_abs': 0.007687166333198547, 'diag/policy_grad_norm_max': 0.03084821067750454, 'diag/policy_grad_norm_mean': 0.024560781195759773}
{'eval/num_episodes': 200, 'eval/mean_score': np.float64(0.9965), 'eval/std_score': np.float64(0.0184), 'eval/mean_episode_length': np.float64(1.0), 'eval/eval_time': np.float64(0.001)}
{'training/total_steps': 38912, 'training/updates': 38, 'training/walltime': np.float64(8.294), 'training/update_time': np.float64(0.159), 'training/pc_loss': 0.00033382902620360255, 'training/mean_reward': 0.9961913824081421, 'training/mean_advantage_abs': 0.007327102590352297, 'diag/policy_grad_norm_max': 0.03320040926337242, 'diag/policy_grad_norm_mean': 0.02343771420419216}
{'eval/num_episodes': 200, 'eval/mean_score': np.float64(0.994), 'eval/std_score': np.float64(0.0237), 'eval/mean_episode_length': np.float64(1.0), 'eval/eval_time': np.float64(0.002)}
{'training/total_steps': 39936, 'training/updates': 39, 'training/walltime': np.float64(8.452), 'training/update_time': np.float64(0.156), 'training/pc_loss': 0.00020177234546281397, 'training/mean_reward': 0.9962890148162842, 'training/mean_advantage_abs': 0.007146499119699001, 'diag/policy_grad_norm_max': 0.03101142682135105, 'diag/policy_grad_norm_mean': 0.022884715348482132}
{'eval/num_episodes': 200, 'eval/mean_score': np.float64(0.9935), 'eval/std_score': np.float64(0.0247), 'eval/mean_episode_length': np.float64(1.0), 'eval/eval_time': np.float64(0.003)}
{'training/total_steps': 40960, 'training/updates': 40, 'training/walltime': np.float64(8.611), 'training/update_time': np.float64(0.156), 'training/pc_loss': 0.00020596377726178616, 'training/mean_reward': 0.9970703125, 'training/mean_advantage_abs': 0.005687714088708162, 'diag/policy_grad_norm_max': 0.033486995846033096, 'diag/policy_grad_norm_mean': 0.01823318935930729}
{'eval/num_episodes': 200, 'eval/mean_score': np.float64(0.998), 'eval/std_score': np.float64(0.014), 'eval/mean_episode_length': np.float64(1.0), 'eval/eval_time': np.float64(0.001)}
{'training/total_steps': 41984, 'training/updates': 41, 'training/walltime': np.float64(8.766), 'training/update_time': np.float64(0.153), 'training/pc_loss': 0.000440989708295092, 'training/mean_reward': 0.9962890148162842, 'training/mean_advantage_abs': 0.007146499119699001, 'diag/policy_grad_norm_max': 0.03111214004456997, 'diag/policy_grad_norm_mean': 0.022931920364499092}
{'eval/num_episodes': 200, 'eval/mean_score': np.float64(0.9985), 'eval/std_score': np.float64(0.0122), 'eval/mean_episode_length': np.float64(1.0), 'eval/eval_time': np.float64(0.001)}
{'training/total_steps': 43008, 'training/updates': 42, 'training/walltime': np.float64(8.934), 'training/update_time': np.float64(0.166), 'training/pc_loss': 0.00020809852867387235, 'training/mean_reward': 0.9971679449081421, 'training/mean_advantage_abs': 0.005503677763044834, 'diag/policy_grad_norm_max': 0.028881266713142395, 'diag/policy_grad_norm_mean': 0.017677977681159973}
{'eval/num_episodes': 200, 'eval/mean_score': np.float64(0.9975), 'eval/std_score': np.float64(0.0156), 'eval/mean_episode_length': np.float64(1.0), 'eval/eval_time': np.float64(0.001)}
{'training/total_steps': 44032, 'training/updates': 43, 'training/walltime': np.float64(9.099), 'training/update_time': np.float64(0.164), 'training/pc_loss': 0.00024409523757640272, 'training/mean_reward': 0.997265636920929, 'training/mean_advantage_abs': 0.005319203250110149, 'diag/policy_grad_norm_max': 0.028941534459590912, 'diag/policy_grad_norm_mean': 0.017100976780056953}
{'eval/num_episodes': 200, 'eval/mean_score': np.float64(0.998), 'eval/std_score': np.float64(0.014), 'eval/mean_episode_length': np.float64(1.0), 'eval/eval_time': np.float64(0.001)}
{'training/total_steps': 45056, 'training/updates': 44, 'training/walltime': np.float64(9.258), 'training/update_time': np.float64(0.157), 'training/pc_loss': 0.0002098873519571498, 'training/mean_reward': 0.997265636920929, 'training/mean_advantage_abs': 0.005319203250110149, 'diag/policy_grad_norm_max': 0.024231314659118652, 'diag/policy_grad_norm_mean': 0.01711595430970192}
{'eval/num_episodes': 200, 'eval/mean_score': np.float64(0.996), 'eval/std_score': np.float64(0.0196), 'eval/mean_episode_length': np.float64(1.0), 'eval/eval_time': np.float64(0.001)}
{'training/total_steps': 46080, 'training/updates': 45, 'training/walltime': np.float64(9.447), 'training/update_time': np.float64(0.187), 'training/pc_loss': 0.0004835558356717229, 'training/mean_reward': 0.9964843392372131, 'training/mean_advantage_abs': 0.006784091703593731, 'diag/policy_grad_norm_max': 0.03368263691663742, 'diag/policy_grad_norm_mean': 0.021848632022738457}
{'eval/num_episodes': 200, 'eval/mean_score': np.float64(0.996), 'eval/std_score': np.float64(0.0196), 'eval/mean_episode_length': np.float64(1.0), 'eval/eval_time': np.float64(0.002)}
{'training/total_steps': 47104, 'training/updates': 46, 'training/walltime': np.float64(9.611), 'training/update_time': np.float64(0.162), 'training/pc_loss': 0.00014279795868787915, 'training/mean_reward': 0.9979492425918579, 'training/mean_advantage_abs': 0.0040174261666834354, 'diag/policy_grad_norm_max': 0.026760488748550415, 'diag/policy_grad_norm_mean': 0.01295123528689146}
{'eval/num_episodes': 200, 'eval/mean_score': np.float64(0.9975), 'eval/std_score': np.float64(0.0156), 'eval/mean_episode_length': np.float64(1.0), 'eval/eval_time': np.float64(0.002)}
{'training/total_steps': 48128, 'training/updates': 47, 'training/walltime': np.float64(9.783), 'training/update_time': np.float64(0.17), 'training/pc_loss': 0.0003851937653962523, 'training/mean_reward': 0.996874988079071, 'training/mean_advantage_abs': 0.006054699420928955, 'diag/policy_grad_norm_max': 0.029068496078252792, 'diag/policy_grad_norm_mean': 0.019534286111593246}
{'eval/num_episodes': 200, 'eval/mean_score': np.float64(0.9955), 'eval/std_score': np.float64(0.0207), 'eval/mean_episode_length': np.float64(1.0), 'eval/eval_time': np.float64(0.002)}
{'training/total_steps': 49152, 'training/updates': 48, 'training/walltime': np.float64(9.944), 'training/update_time': np.float64(0.159), 'training/pc_loss': 0.00017700131866149604, 'training/mean_reward': 0.9972655773162842, 'training/mean_advantage_abs': 0.005319259595125914, 'diag/policy_grad_norm_max': 0.029186544939875603, 'diag/policy_grad_norm_mean': 0.017176885157823563}
{'eval/num_episodes': 200, 'eval/mean_score': np.float64(0.998), 'eval/std_score': np.float64(0.014), 'eval/mean_episode_length': np.float64(1.0), 'eval/eval_time': np.float64(0.001)}
{'training/total_steps': 50176, 'training/updates': 49, 'training/walltime': np.float64(10.115), 'training/update_time': np.float64(0.169), 'training/pc_loss': 0.0001461785868741572, 'training/mean_reward': 0.9987305402755737, 'training/mean_advantage_abs': 0.0025067590177059174, 'diag/policy_grad_norm_max': 0.012374510057270527, 'diag/policy_grad_norm_mean': 0.008101165294647217}
{'eval/num_episodes': 200, 'eval/mean_score': np.float64(0.999), 'eval/std_score': np.float64(0.0099), 'eval/mean_episode_length': np.float64(1.0), 'eval/eval_time': np.float64(0.001)}
{'training/total_steps': 51200, 'training/updates': 50, 'training/walltime': np.float64(10.286), 'training/update_time': np.float64(0.169), 'training/pc_loss': 0.00014467905566561967, 'training/mean_reward': 0.9981445074081421, 'training/mean_advantage_abs': 0.003642105497419834, 'diag/policy_grad_norm_max': 0.0221110787242651, 'diag/policy_grad_norm_mean': 0.011777549982070923}
{'eval/num_episodes': 200, 'eval/mean_score': np.float64(0.9965), 'eval/std_score': np.float64(0.0184), 'eval/mean_episode_length': np.float64(1.0), 'eval/eval_time': np.float64(0.001)}
{'training/total_steps': 52224, 'training/updates': 51, 'training/walltime': np.float64(10.469), 'training/update_time': np.float64(0.181), 'training/pc_loss': 0.00036087940679863095, 'training/mean_reward': 0.9979492425918579, 'training/mean_advantage_abs': 0.0040174261666834354, 'diag/policy_grad_norm_max': 0.024541083723306656, 'diag/policy_grad_norm_mean': 0.012999250553548336}
{'eval/num_episodes': 200, 'eval/mean_score': np.float64(0.998), 'eval/std_score': np.float64(0.014), 'eval/mean_episode_length': np.float64(1.0), 'eval/eval_time': np.float64(0.001)}
{'training/total_steps': 53248, 'training/updates': 52, 'training/walltime': np.float64(10.621), 'training/update_time': np.float64(0.15), 'training/pc_loss': 0.00014546324382536113, 'training/mean_reward': 0.998242199420929, 'training/mean_advantage_abs': 0.003453815821558237, 'diag/policy_grad_norm_max': 0.024601228535175323, 'diag/policy_grad_norm_mean': 0.011183274909853935}
{'eval/num_episodes': 200, 'eval/mean_score': np.float64(0.9985), 'eval/std_score': np.float64(0.0122), 'eval/mean_episode_length': np.float64(1.0), 'eval/eval_time': np.float64(0.001)}
{'training/total_steps': 54272, 'training/updates': 53, 'training/walltime': np.float64(10.772), 'training/update_time': np.float64(0.15), 'training/pc_loss': 0.00021683098748326302, 'training/mean_reward': 0.9978516101837158, 'training/mean_advantage_abs': 0.004204513970762491, 'diag/policy_grad_norm_max': 0.022142397239804268, 'diag/policy_grad_norm_mean': 0.013622011058032513}
{'eval/num_episodes': 200, 'eval/mean_score': np.float64(0.9985), 'eval/std_score': np.float64(0.0122), 'eval/mean_episode_length': np.float64(1.0), 'eval/eval_time': np.float64(0.001)}
{'training/total_steps': 55296, 'training/updates': 54, 'training/walltime': np.float64(10.94), 'training/update_time': np.float64(0.166), 'training/pc_loss': 0.00018207624088972807, 'training/mean_reward': 0.9981445074081421, 'training/mean_advantage_abs': 0.003642105497419834, 'diag/policy_grad_norm_max': 0.019751330837607384, 'diag/policy_grad_norm_mean': 0.011807599104940891}
{'eval/num_episodes': 200, 'eval/mean_score': np.float64(0.9965), 'eval/std_score': np.float64(0.0184), 'eval/mean_episode_length': np.float64(1.0), 'eval/eval_time': np.float64(0.002)}
{'training/total_steps': 56320, 'training/updates': 55, 'training/walltime': np.float64(11.1), 'training/update_time': np.float64(0.158), 'training/pc_loss': 0.0002889220486395061, 'training/mean_reward': 0.9976562261581421, 'training/mean_advantage_abs': 0.004577660001814365, 'diag/policy_grad_norm_max': 0.02216504141688347, 'diag/policy_grad_norm_mean': 0.014850872568786144}
{'eval/num_episodes': 200, 'eval/mean_score': np.float64(0.997), 'eval/std_score': np.float64(0.0171), 'eval/mean_episode_length': np.float64(1.0), 'eval/eval_time': np.float64(0.001)}
{'training/total_steps': 57344, 'training/updates': 56, 'training/walltime': np.float64(11.266), 'training/update_time': np.float64(0.165), 'training/pc_loss': 0.00018196851306129247, 'training/mean_reward': 0.9979492425918579, 'training/mean_advantage_abs': 0.004017425701022148, 'diag/policy_grad_norm_max': 0.02465670369565487, 'diag/policy_grad_norm_mean': 0.013043954968452454}
{'eval/num_episodes': 200, 'eval/mean_score': np.float64(0.998), 'eval/std_score': np.float64(0.014), 'eval/mean_episode_length': np.float64(1.0), 'eval/eval_time': np.float64(0.001)}
{'training/total_steps': 58368, 'training/updates': 57, 'training/walltime': np.float64(11.436), 'training/update_time': np.float64(0.168), 'training/pc_loss': 0.0002576576662249863, 'training/mean_reward': 0.9984375238418579, 'training/mean_advantage_abs': 0.0030761491507291794, 'diag/policy_grad_norm_max': 0.017390534281730652, 'diag/policy_grad_norm_mean': 0.009995496831834316}
{'eval/num_episodes': 200, 'eval/mean_score': np.float64(0.998), 'eval/std_score': np.float64(0.014), 'eval/mean_episode_length': np.float64(1.0), 'eval/eval_time': np.float64(0.001)}
{'training/total_steps': 59392, 'training/updates': 58, 'training/walltime': np.float64(11.585), 'training/update_time': np.float64(0.147), 'training/pc_loss': 0.00018426043970976025, 'training/mean_reward': 0.9984375238418579, 'training/mean_advantage_abs': 0.0030761491507291794, 'diag/policy_grad_norm_max': 0.019868191331624985, 'diag/policy_grad_norm_mean': 0.010001386515796185}
{'eval/num_episodes': 200, 'eval/mean_score': np.float64(0.999), 'eval/std_score': np.float64(0.0099), 'eval/mean_episode_length': np.float64(1.0), 'eval/eval_time': np.float64(0.001)}
{'training/total_steps': 60416, 'training/updates': 59, 'training/walltime': np.float64(11.745), 'training/update_time': np.float64(0.159), 'training/pc_loss': 0.00036820973036810756, 'training/mean_reward': 0.998339831829071, 'training/mean_advantage_abs': 0.003265202045440674, 'diag/policy_grad_norm_max': 0.024809136986732483, 'diag/policy_grad_norm_mean': 0.010621737688779831}
{'eval/num_episodes': 200, 'eval/mean_score': np.float64(0.998), 'eval/std_score': np.float64(0.014), 'eval/mean_episode_length': np.float64(1.0), 'eval/eval_time': np.float64(0.002)}
TRAINING END: training duration: 11.747039556503296
