[run_train] algorithm=pc_reinforce env=bandit num_envs=8 total_steps=60000 seed=1 use_cnn=None
|param: value|
|experiment_name:  pc_reinforce|
|seed:  1|
|write_logs_to_file:  False|
|save_model:  False|
|env_name:  bandit|
|num_envs:  8|
|num_train_levels:  200|
|distribution_mode:  easy|
|arm_means:  [1.0, 0.9]|
|deterministic_rewards:  True|
|episode_length:  1000|
|eval_env:  True|
|num_eval_episodes:  200|
|eval_every:  1|
|total_timesteps:  60000|
|unroll_length:  128|
|gamma:  0.99|
|learning_rate:  0.00025|
|target_scale:  1.0|
|pc_steps_per_update:  1|
|update_epochs:  4|
|num_minibatches:  4|
|normalize_advantages:  False|
|max_t1:  20|
|inference_rate_correction:  True|
|normalize_rewards:  False|
|exp_std:  True|
|state_indep_std:  False|
|optimizer:  adam|
|max_grad_norm:  0.5|
|natural_target:  False|
|target_clip:  None|
|target_clip_rel:  False|
|log_std_min:  None|
|width:  32|
|depth:  2|
|act_fn:  relu|
|policy_init_logit_bias:  [0.0, 4.0]|
|checkpoint_dir:  /home/user/Policy_Gradient_Predictive_Coding/outputs/checkpoints|
INFO:2026-08-02 20:03:52,108:jax._src.xla_bridge:927: Unable to initialize backend 'rocm': module 'jaxlib.xla_extension' has no attribute 'GpuAllocatorConfig'
Unable to initialize backend 'rocm': module 'jaxlib.xla_extension' has no attribute 'GpuAllocatorConfig'
INFO:2026-08-02 20:03:52,109:jax._src.xla_bridge:927: Unable to initialize backend 'tpu': INTERNAL: Failed to open libtpu.so: libtpu.so: cannot open shared object file: No such file or directory
Unable to initialize backend 'tpu': INTERNAL: Failed to open libtpu.so: libtpu.so: cannot open shared object file: No such file or directory
{'training/total_steps': 1024, 'training/updates': 1, 'training/walltime': np.float64(1.859), 'training/update_time': np.float64(1.859), 'training/pc_loss': 3.7857484130654484e-05, 'training/mean_reward': 0.9020506143569946, 'training/mean_advantage_abs': 0.004017311614006758, 'diag/policy_grad_norm_max': 0.014679680578410625, 'diag/policy_grad_norm_mean': 0.00970545131713152}
{'eval/num_episodes': 200, 'eval/mean_score': np.float64(0.905), 'eval/std_score': np.float64(0.0218), 'eval/mean_episode_length': np.float64(1.0), 'eval/eval_time': np.float64(0.179)}
{'training/total_steps': 2048, 'training/updates': 2, 'training/walltime': np.float64(2.239), 'training/update_time': np.float64(0.188), 'training/pc_loss': 0.00011061928671551868, 'training/mean_reward': 0.9015623331069946, 'training/mean_advantage_abs': 0.003076033666729927, 'diag/policy_grad_norm_max': 0.012821430340409279, 'diag/policy_grad_norm_mean': 0.007397217210382223}
{'eval/num_episodes': 200, 'eval/mean_score': np.float64(0.9015), 'eval/std_score': np.float64(0.0122), 'eval/mean_episode_length': np.float64(1.0), 'eval/eval_time': np.float64(0.002)}
{'training/total_steps': 3072, 'training/updates': 3, 'training/walltime': np.float64(2.44), 'training/update_time': np.float64(0.198), 'training/pc_loss': 0.00011212446406716481, 'training/mean_reward': 0.9019529819488525, 'training/mean_advantage_abs': 0.0038298419676721096, 'diag/policy_grad_norm_max': 0.01625937409698963, 'diag/policy_grad_norm_mean': 0.009164789691567421}
{'eval/num_episodes': 200, 'eval/mean_score': np.float64(0.904), 'eval/std_score': np.float64(0.0196), 'eval/mean_episode_length': np.float64(1.0), 'eval/eval_time': np.float64(0.002)}
{'training/total_steps': 4096, 'training/updates': 4, 'training/walltime': np.float64(2.645), 'training/update_time': np.float64(0.203), 'training/pc_loss': 0.00035454874159768224, 'training/mean_reward': 0.9024412631988525, 'training/mean_advantage_abs': 0.00476349052041769, 'diag/policy_grad_norm_max': 0.01789948157966137, 'diag/policy_grad_norm_mean': 0.011320147663354874}
{'eval/num_episodes': 200, 'eval/mean_score': np.float64(0.9035), 'eval/std_score': np.float64(0.0184), 'eval/mean_episode_length': np.float64(1.0), 'eval/eval_time': np.float64(0.002)}
{'training/total_steps': 5120, 'training/updates': 5, 'training/walltime': np.float64(2.825), 'training/update_time': np.float64(0.178), 'training/pc_loss': 0.00017572741489857435, 'training/mean_reward': 0.9028319120407104, 'training/mean_advantage_abs': 0.005503565073013306, 'diag/policy_grad_norm_max': 0.02133975178003311, 'diag/policy_grad_norm_mean': 0.01303834654390812}
{'eval/num_episodes': 200, 'eval/mean_score': np.float64(0.904), 'eval/std_score': np.float64(0.0196), 'eval/mean_episode_length': np.float64(1.0), 'eval/eval_time': np.float64(0.001)}
{'training/total_steps': 6144, 'training/updates': 6, 'training/walltime': np.float64(3.005), 'training/update_time': np.float64(0.179), 'training/pc_loss': 0.00017752197163645178, 'training/mean_reward': 0.9025388956069946, 'training/mean_advantage_abs': 0.004949052818119526, 'diag/policy_grad_norm_max': 0.01433994434773922, 'diag/policy_grad_norm_mean': 0.011712921783328056}
{'eval/num_episodes': 200, 'eval/mean_score': np.float64(0.903), 'eval/std_score': np.float64(0.0171), 'eval/mean_episode_length': np.float64(1.0), 'eval/eval_time': np.float64(0.002)}
{'training/total_steps': 7168, 'training/updates': 7, 'training/walltime': np.float64(3.191), 'training/update_time': np.float64(0.184), 'training/pc_loss': 0.00017510983161628246, 'training/mean_reward': 0.9021482467651367, 'training/mean_advantage_abs': 0.004204399883747101, 'diag/policy_grad_norm_max': 0.0158392284065485, 'diag/policy_grad_norm_mean': 0.009885109029710293}
{'eval/num_episodes': 200, 'eval/mean_score': np.float64(0.9045), 'eval/std_score': np.float64(0.0207), 'eval/mean_episode_length': np.float64(1.0), 'eval/eval_time': np.float64(0.001)}
{'training/total_steps': 8192, 'training/updates': 8, 'training/walltime': np.float64(3.399), 'training/update_time': np.float64(0.206), 'training/pc_loss': 0.00040065357461571693, 'training/mean_reward': 0.9030271768569946, 'training/mean_advantage_abs': 0.005871257744729519, 'diag/policy_grad_norm_max': 0.020846150815486908, 'diag/policy_grad_norm_mean': 0.013665642589330673}
{'eval/num_episodes': 200, 'eval/mean_score': np.float64(0.9025), 'eval/std_score': np.float64(0.0156), 'eval/mean_episode_length': np.float64(1.0), 'eval/eval_time': np.float64(0.002)}
{'training/total_steps': 9216, 'training/updates': 9, 'training/walltime': np.float64(3.594), 'training/update_time': np.float64(0.193), 'training/pc_loss': 0.0003264507104177028, 'training/mean_reward': 0.9033201932907104, 'training/mean_advantage_abs': 0.0064200470224022865, 'diag/policy_grad_norm_max': 0.022523216903209686, 'diag/policy_grad_norm_mean': 0.014941178262233734}
{'eval/num_episodes': 200, 'eval/mean_score': np.float64(0.9045), 'eval/std_score': np.float64(0.0207), 'eval/mean_episode_length': np.float64(1.0), 'eval/eval_time': np.float64(0.001)}
{'training/total_steps': 10240, 'training/updates': 10, 'training/walltime': np.float64(3.788), 'training/update_time': np.float64(0.192), 'training/pc_loss': 0.0002779383212327957, 'training/mean_reward': 0.9048826694488525, 'training/mean_advantage_abs': 0.009288681671023369, 'diag/policy_grad_norm_max': 0.03427954018115997, 'diag/policy_grad_norm_mean': 0.02173098921775818}
{'eval/num_episodes': 200, 'eval/mean_score': np.float64(0.9065), 'eval/std_score': np.float64(0.0247), 'eval/mean_episode_length': np.float64(1.0), 'eval/eval_time': np.float64(0.001)}
{'training/total_steps': 11264, 'training/updates': 11, 'training/walltime': np.float64(4.01), 'training/update_time': np.float64(0.22), 'training/pc_loss': 0.000425112375523895, 'training/mean_reward': 0.9041990637779236, 'training/mean_advantage_abs': 0.008045649155974388, 'diag/policy_grad_norm_max': 0.031141499057412148, 'diag/policy_grad_norm_mean': 0.018973318859934807}
{'eval/num_episodes': 200, 'eval/mean_score': np.float64(0.9045), 'eval/std_score': np.float64(0.0207), 'eval/mean_episode_length': np.float64(1.0), 'eval/eval_time': np.float64(0.001)}
{'training/total_steps': 12288, 'training/updates': 12, 'training/walltime': np.float64(4.223), 'training/update_time': np.float64(0.212), 'training/pc_loss': 0.000397931900806725, 'training/mean_reward': 0.9057615995407104, 'training/mean_advantage_abs': 0.010859406553208828, 'diag/policy_grad_norm_max': 0.033934224396944046, 'diag/policy_grad_norm_mean': 0.02557949163019657}
{'eval/num_episodes': 200, 'eval/mean_score': np.float64(0.909), 'eval/std_score': np.float64(0.0286), 'eval/mean_episode_length': np.float64(1.0), 'eval/eval_time': np.float64(0.001)}
{'training/total_steps': 13312, 'training/updates': 13, 'training/walltime': np.float64(4.427), 'training/update_time': np.float64(0.203), 'training/pc_loss': 0.00048053715727292, 'training/mean_reward': 0.9063475131988525, 'training/mean_advantage_abs': 0.011889355257153511, 'diag/policy_grad_norm_max': 0.035414502024650574, 'diag/policy_grad_norm_mean': 0.027829715982079506}
{'eval/num_episodes': 200, 'eval/mean_score': np.float64(0.9075), 'eval/std_score': np.float64(0.0263), 'eval/mean_episode_length': np.float64(1.0), 'eval/eval_time': np.float64(0.001)}
{'training/total_steps': 14336, 'training/updates': 14, 'training/walltime': np.float64(4.627), 'training/update_time': np.float64(0.197), 'training/pc_loss': 0.0004698685952462256, 'training/mean_reward': 0.9077147245407104, 'training/mean_advantage_abs': 0.014239232987165451, 'diag/policy_grad_norm_max': 0.04459124803543091, 'diag/policy_grad_norm_mean': 0.03341936320066452}
{'eval/num_episodes': 200, 'eval/mean_score': np.float64(0.911), 'eval/std_score': np.float64(0.0313), 'eval/mean_episode_length': np.float64(1.0), 'eval/eval_time': np.float64(0.001)}
{'training/total_steps': 15360, 'training/updates': 15, 'training/walltime': np.float64(4.829), 'training/update_time': np.float64(0.201), 'training/pc_loss': 0.0005106008611619473, 'training/mean_reward': 0.9073240756988525, 'training/mean_advantage_abs': 0.01357545331120491, 'diag/policy_grad_norm_max': 0.047147054225206375, 'diag/policy_grad_norm_mean': 0.03179307281970978}
{'eval/num_episodes': 200, 'eval/mean_score': np.float64(0.9065), 'eval/std_score': np.float64(0.0247), 'eval/mean_episode_length': np.float64(1.0), 'eval/eval_time': np.float64(0.001)}
{'training/total_steps': 16384, 'training/updates': 16, 'training/walltime': np.float64(5.017), 'training/update_time': np.float64(0.187), 'training/pc_loss': 0.0005444394773803651, 'training/mean_reward': 0.9102537631988525, 'training/mean_advantage_abs': 0.018404867500066757, 'diag/policy_grad_norm_max': 0.05732254311442375, 'diag/policy_grad_norm_mean': 0.042281217873096466}
{'eval/num_episodes': 200, 'eval/mean_score': np.float64(0.91), 'eval/std_score': np.float64(0.03), 'eval/mean_episode_length': np.float64(1.0), 'eval/eval_time': np.float64(0.002)}
{'training/total_steps': 17408, 'training/updates': 17, 'training/walltime': np.float64(5.223), 'training/update_time': np.float64(0.204), 'training/pc_loss': 0.0006012772209942341, 'training/mean_reward': 0.9126951694488525, 'training/mean_advantage_abs': 0.02216712012887001, 'diag/policy_grad_norm_max': 0.05987757071852684, 'diag/policy_grad_norm_mean': 0.050612326711416245}
{'eval/num_episodes': 200, 'eval/mean_score': np.float64(0.9155), 'eval/std_score': np.float64(0.0362), 'eval/mean_episode_length': np.float64(1.0), 'eval/eval_time': np.float64(0.001)}
{'training/total_steps': 18432, 'training/updates': 18, 'training/walltime': np.float64(5.446), 'training/update_time': np.float64(0.22), 'training/pc_loss': 0.0006239638896659017, 'training/mean_reward': 0.9184569120407104, 'training/mean_advantage_abs': 0.030100766569375992, 'diag/policy_grad_norm_max': 0.07594580948352814, 'diag/policy_grad_norm_mean': 0.06729741394519806}
{'eval/num_episodes': 200, 'eval/mean_score': np.float64(0.917), 'eval/std_score': np.float64(0.0376), 'eval/mean_episode_length': np.float64(1.0), 'eval/eval_time': np.float64(0.004)}
{'training/total_steps': 19456, 'training/updates': 19, 'training/walltime': np.float64(5.666), 'training/update_time': np.float64(0.216), 'training/pc_loss': 0.0005368408747017384, 'training/mean_reward': 0.9205076694488525, 'training/mean_advantage_abs': 0.0326041504740715, 'diag/policy_grad_norm_max': 0.08087866008281708, 'diag/policy_grad_norm_mean': 0.07204032689332962}
{'eval/num_episodes': 200, 'eval/mean_score': np.float64(0.92), 'eval/std_score': np.float64(0.04), 'eval/mean_episode_length': np.float64(1.0), 'eval/eval_time': np.float64(0.002)}
{'training/total_steps': 20480, 'training/updates': 20, 'training/walltime': np.float64(5.926), 'training/update_time': np.float64(0.257), 'training/pc_loss': 0.0005247399094514549, 'training/mean_reward': 0.9262694120407104, 'training/mean_advantage_abs': 0.038737259805202484, 'diag/policy_grad_norm_max': 0.0915672555565834, 'diag/policy_grad_norm_mean': 0.08442717790603638}
{'eval/num_episodes': 200, 'eval/mean_score': np.float64(0.931), 'eval/std_score': np.float64(0.0462), 'eval/mean_episode_length': np.float64(1.0), 'eval/eval_time': np.float64(0.002)}
{'training/total_steps': 21504, 'training/updates': 21, 'training/walltime': np.float64(6.177), 'training/update_time': np.float64(0.249), 'training/pc_loss': 0.0004903258522972465, 'training/mean_reward': 0.9301756620407104, 'training/mean_advantage_abs': 0.04213997721672058, 'diag/policy_grad_norm_max': 0.09352017194032669, 'diag/policy_grad_norm_mean': 0.0894259363412857}
{'eval/num_episodes': 200, 'eval/mean_score': np.float64(0.9385), 'eval/std_score': np.float64(0.0487), 'eval/mean_episode_length': np.float64(1.0), 'eval/eval_time': np.float64(0.002)}
{'training/total_steps': 22528, 'training/updates': 22, 'training/walltime': np.float64(6.426), 'training/update_time': np.float64(0.247), 'training/pc_loss': 0.00042763224337249994, 'training/mean_reward': 0.9357421398162842, 'training/mean_advantage_abs': 0.045934297144412994, 'diag/policy_grad_norm_max': 0.10173048824071884, 'diag/policy_grad_norm_mean': 0.09722930938005447}
{'eval/num_episodes': 200, 'eval/mean_score': np.float64(0.948), 'eval/std_score': np.float64(0.05), 'eval/mean_episode_length': np.float64(1.0), 'eval/eval_time': np.float64(0.001)}
{'training/total_steps': 23552, 'training/updates': 23, 'training/walltime': np.float64(6.681), 'training/update_time': np.float64(0.254), 'training/pc_loss': 0.0003864098689518869, 'training/mean_reward': 0.9438475370407104, 'training/mean_advantage_abs': 0.04924297332763672, 'diag/policy_grad_norm_max': 0.10288234055042267, 'diag/policy_grad_norm_mean': 0.1008124053478241}
{'eval/num_episodes': 200, 'eval/mean_score': np.float64(0.953), 'eval/std_score': np.float64(0.0499), 'eval/mean_episode_length': np.float64(1.0), 'eval/eval_time': np.float64(0.001)}
{'training/total_steps': 24576, 'training/updates': 24, 'training/walltime': np.float64(6.892), 'training/update_time': np.float64(0.209), 'training/pc_loss': 0.0003988657845184207, 'training/mean_reward': 0.9518554210662842, 'training/mean_advantage_abs': 0.049931157380342484, 'diag/policy_grad_norm_max': 0.10224339365959167, 'diag/policy_grad_norm_mean': 0.09898021817207336}
{'eval/num_episodes': 200, 'eval/mean_score': np.float64(0.9635), 'eval/std_score': np.float64(0.0481), 'eval/mean_episode_length': np.float64(1.0), 'eval/eval_time': np.float64(0.001)}
{'training/total_steps': 25600, 'training/updates': 25, 'training/walltime': np.float64(7.118), 'training/update_time': np.float64(0.225), 'training/pc_loss': 0.00038571865297853947, 'training/mean_reward': 0.9618163704872131, 'training/mean_advantage_abs': 0.04720746725797653, 'diag/policy_grad_norm_max': 0.0984264686703682, 'diag/policy_grad_norm_mean': 0.09303583949804306}
{'eval/num_episodes': 200, 'eval/mean_score': np.float64(0.965), 'eval/std_score': np.float64(0.0477), 'eval/mean_episode_length': np.float64(1.0), 'eval/eval_time': np.float64(0.001)}
{'training/total_steps': 26624, 'training/updates': 26, 'training/walltime': np.float64(7.328), 'training/update_time': np.float64(0.209), 'training/pc_loss': 0.00043418820132501423, 'training/mean_reward': 0.9654296636581421, 'training/mean_advantage_abs': 0.04523850977420807, 'diag/policy_grad_norm_max': 0.0949743315577507, 'diag/policy_grad_norm_mean': 0.087828129529953}
{'eval/num_episodes': 200, 'eval/mean_score': np.float64(0.9685), 'eval/std_score': np.float64(0.0465), 'eval/mean_episode_length': np.float64(1.0), 'eval/eval_time': np.float64(0.001)}
{'training/total_steps': 27648, 'training/updates': 27, 'training/walltime': np.float64(7.544), 'training/update_time': np.float64(0.214), 'training/pc_loss': 0.00047264029853977263, 'training/mean_reward': 0.97314453125, 'training/mean_advantage_abs': 0.039286620914936066, 'diag/policy_grad_norm_max': 0.08308388292789459, 'diag/policy_grad_norm_mean': 0.07459010928869247}
{'eval/num_episodes': 200, 'eval/mean_score': np.float64(0.9785), 'eval/std_score': np.float64(0.0411), 'eval/mean_episode_length': np.float64(1.0), 'eval/eval_time': np.float64(0.001)}
{'training/total_steps': 28672, 'training/updates': 28, 'training/walltime': np.float64(7.751), 'training/update_time': np.float64(0.206), 'training/pc_loss': 0.00047407750389538705, 'training/mean_reward': 0.9754883050918579, 'training/mean_advantage_abs': 0.03700694441795349, 'diag/policy_grad_norm_max': 0.08197514712810516, 'diag/policy_grad_norm_mean': 0.07012411206960678}
{'eval/num_episodes': 200, 'eval/mean_score': np.float64(0.981), 'eval/std_score': np.float64(0.0392), 'eval/mean_episode_length': np.float64(1.0), 'eval/eval_time': np.float64(0.001)}
{'training/total_steps': 29696, 'training/updates': 29, 'training/walltime': np.float64(7.972), 'training/update_time': np.float64(0.219), 'training/pc_loss': 0.0004012963909190148, 'training/mean_reward': 0.9778319597244263, 'training/mean_advantage_abs': 0.03450760245323181, 'diag/policy_grad_norm_max': 0.06882785260677338, 'diag/policy_grad_norm_mean': 0.06345675885677338}
{'eval/num_episodes': 200, 'eval/mean_score': np.float64(0.983), 'eval/std_score': np.float64(0.0376), 'eval/mean_episode_length': np.float64(1.0), 'eval/eval_time': np.float64(0.001)}
{'training/total_steps': 30720, 'training/updates': 30, 'training/walltime': np.float64(8.181), 'training/update_time': np.float64(0.207), 'training/pc_loss': 0.00047097550122998655, 'training/mean_reward': 0.9818359017372131, 'training/mean_advantage_abs': 0.029729489237070084, 'diag/policy_grad_norm_max': 0.06326327472925186, 'diag/policy_grad_norm_mean': 0.0562092624604702}
{'eval/num_episodes': 200, 'eval/mean_score': np.float64(0.986), 'eval/std_score': np.float64(0.0347), 'eval/mean_episode_length': np.float64(1.0), 'eval/eval_time': np.float64(0.002)}
{'training/total_steps': 31744, 'training/updates': 31, 'training/walltime': np.float64(8.39), 'training/update_time': np.float64(0.208), 'training/pc_loss': 0.0003806542372331023, 'training/mean_reward': 0.986035168170929, 'training/mean_advantage_abs': 0.02402934618294239, 'diag/policy_grad_norm_max': 0.05563237890601158, 'diag/policy_grad_norm_mean': 0.044274721294641495}
{'eval/num_episodes': 200, 'eval/mean_score': np.float64(0.988), 'eval/std_score': np.float64(0.0325), 'eval/mean_episode_length': np.float64(1.0), 'eval/eval_time': np.float64(0.002)}
{'training/total_steps': 32768, 'training/updates': 32, 'training/walltime': np.float64(8.608), 'training/update_time': np.float64(0.215), 'training/pc_loss': 0.00042642091284506023, 'training/mean_reward': 0.987109363079071, 'training/mean_advantage_abs': 0.022457897663116455, 'diag/policy_grad_norm_max': 0.04962907359004021, 'diag/policy_grad_norm_mean': 0.04089107736945152}
{'eval/num_episodes': 200, 'eval/mean_score': np.float64(0.9875), 'eval/std_score': np.float64(0.0331), 'eval/mean_episode_length': np.float64(1.0), 'eval/eval_time': np.float64(0.001)}
{'training/total_steps': 33792, 'training/updates': 33, 'training/walltime': np.float64(8.839), 'training/update_time': np.float64(0.23), 'training/pc_loss': 0.0003266556013841182, 'training/mean_reward': 0.9905272722244263, 'training/mean_advantage_abs': 0.017150748521089554, 'diag/policy_grad_norm_max': 0.040090806782245636, 'diag/policy_grad_norm_mean': 0.032354529947042465}
{'eval/num_episodes': 200, 'eval/mean_score': np.float64(0.9915), 'eval/std_score': np.float64(0.0279), 'eval/mean_episode_length': np.float64(1.0), 'eval/eval_time': np.float64(0.001)}
{'training/total_steps': 34816, 'training/updates': 34, 'training/walltime': np.float64(9.073), 'training/update_time': np.float64(0.233), 'training/pc_loss': 0.0003141484339721501, 'training/mean_reward': 0.9905272722244263, 'training/mean_advantage_abs': 0.017150748521089554, 'diag/policy_grad_norm_max': 0.03996150568127632, 'diag/policy_grad_norm_mean': 0.03113485872745514}
{'eval/num_episodes': 200, 'eval/mean_score': np.float64(0.9895), 'eval/std_score': np.float64(0.0307), 'eval/mean_episode_length': np.float64(1.0), 'eval/eval_time': np.float64(0.002)}
{'training/total_steps': 35840, 'training/updates': 35, 'training/walltime': np.float64(9.295), 'training/update_time': np.float64(0.22), 'training/pc_loss': 0.0002688459353521466, 'training/mean_reward': 0.991406261920929, 'training/mean_advantage_abs': 0.015710441395640373, 'diag/policy_grad_norm_max': 0.04000440984964371, 'diag/policy_grad_norm_mean': 0.027765018865466118}
{'eval/num_episodes': 200, 'eval/mean_score': np.float64(0.9935), 'eval/std_score': np.float64(0.0247), 'eval/mean_episode_length': np.float64(1.0), 'eval/eval_time': np.float64(0.001)}
{'training/total_steps': 36864, 'training/updates': 36, 'training/walltime': np.float64(9.518), 'training/update_time': np.float64(0.221), 'training/pc_loss': 0.0002644014311954379, 'training/mean_reward': 0.9918944835662842, 'training/mean_advantage_abs': 0.014897007495164871, 'diag/policy_grad_norm_max': 0.03339199349284172, 'diag/policy_grad_norm_mean': 0.026919325813651085}
{'eval/num_episodes': 200, 'eval/mean_score': np.float64(0.993), 'eval/std_score': np.float64(0.0255), 'eval/mean_episode_length': np.float64(1.0), 'eval/eval_time': np.float64(0.001)}
{'training/total_steps': 37888, 'training/updates': 37, 'training/walltime': np.float64(9.763), 'training/update_time': np.float64(0.243), 'training/pc_loss': 0.00019471770792733878, 'training/mean_reward': 0.9927734136581421, 'training/mean_advantage_abs': 0.013408683240413666, 'diag/policy_grad_norm_max': 0.03200535476207733, 'diag/policy_grad_norm_mean': 0.025008101016283035}
{'eval/num_episodes': 200, 'eval/mean_score': np.float64(0.9935), 'eval/std_score': np.float64(0.0247), 'eval/mean_episode_length': np.float64(1.0), 'eval/eval_time': np.float64(0.002)}
{'training/total_steps': 38912, 'training/updates': 38, 'training/walltime': np.float64(9.985), 'training/update_time': np.float64(0.22), 'training/pc_loss': 0.0002190874656662345, 'training/mean_reward': 0.9939453601837158, 'training/mean_advantage_abs': 0.011376149952411652, 'diag/policy_grad_norm_max': 0.027719072997570038, 'diag/policy_grad_norm_mean': 0.02194857969880104}
{'eval/num_episodes': 200, 'eval/mean_score': np.float64(0.9915), 'eval/std_score': np.float64(0.0279), 'eval/mean_episode_length': np.float64(1.0), 'eval/eval_time': np.float64(0.003)}
{'training/total_steps': 39936, 'training/updates': 39, 'training/walltime': np.float64(10.212), 'training/update_time': np.float64(0.224), 'training/pc_loss': 0.00021590734831988811, 'training/mean_reward': 0.99365234375, 'training/mean_advantage_abs': 0.011889458633959293, 'diag/policy_grad_norm_max': 0.030129345133900642, 'diag/policy_grad_norm_mean': 0.021417764946818352}
{'eval/num_episodes': 200, 'eval/mean_score': np.float64(0.9925), 'eval/std_score': np.float64(0.0263), 'eval/mean_episode_length': np.float64(1.0), 'eval/eval_time': np.float64(0.001)}
{'training/total_steps': 40960, 'training/updates': 40, 'training/walltime': np.float64(10.441), 'training/update_time': np.float64(0.227), 'training/pc_loss': 0.0002609186340123415, 'training/mean_reward': 0.9940429329872131, 'training/mean_advantage_abs': 0.011204371228814125, 'diag/policy_grad_norm_max': 0.024294156581163406, 'diag/policy_grad_norm_mean': 0.020049938932061195}
{'eval/num_episodes': 200, 'eval/mean_score': np.float64(0.995), 'eval/std_score': np.float64(0.0218), 'eval/mean_episode_length': np.float64(1.0), 'eval/eval_time': np.float64(0.001)}
{'training/total_steps': 41984, 'training/updates': 41, 'training/walltime': np.float64(10.667), 'training/update_time': np.float64(0.224), 'training/pc_loss': 0.00033810699824243784, 'training/mean_reward': 0.9933593273162842, 'training/mean_advantage_abs': 0.012399334460496902, 'diag/policy_grad_norm_max': 0.032707035541534424, 'diag/policy_grad_norm_mean': 0.022378893569111824}
{'eval/num_episodes': 200, 'eval/mean_score': np.float64(0.9975), 'eval/std_score': np.float64(0.0156), 'eval/mean_episode_length': np.float64(1.0), 'eval/eval_time': np.float64(0.001)}
{'training/total_steps': 43008, 'training/updates': 42, 'training/walltime': np.float64(10.887), 'training/update_time': np.float64(0.218), 'training/pc_loss': 0.00014821246440988034, 'training/mean_reward': 0.9951171875, 'training/mean_advantage_abs': 0.009288789704442024, 'diag/policy_grad_norm_max': 0.02383831888437271, 'diag/policy_grad_norm_mean': 0.01761254481971264}
{'eval/num_episodes': 200, 'eval/mean_score': np.float64(0.996), 'eval/std_score': np.float64(0.0196), 'eval/mean_episode_length': np.float64(1.0), 'eval/eval_time': np.float64(0.001)}
{'training/total_steps': 44032, 'training/updates': 43, 'training/walltime': np.float64(11.11), 'training/update_time': np.float64(0.221), 'training/pc_loss': 0.0002160996664315462, 'training/mean_reward': 0.9954100847244263, 'training/mean_advantage_abs': 0.008758420124650002, 'diag/policy_grad_norm_max': 0.023082243278622627, 'diag/policy_grad_norm_mean': 0.016821391880512238}
{'eval/num_episodes': 200, 'eval/mean_score': np.float64(0.996), 'eval/std_score': np.float64(0.0196), 'eval/mean_episode_length': np.float64(1.0), 'eval/eval_time': np.float64(0.001)}
{'training/total_steps': 45056, 'training/updates': 44, 'training/walltime': np.float64(11.333), 'training/update_time': np.float64(0.221), 'training/pc_loss': 0.000129407097119838, 'training/mean_reward': 0.99560546875, 'training/mean_advantage_abs': 0.008402825333178043, 'diag/policy_grad_norm_max': 0.02005612850189209, 'diag/policy_grad_norm_mean': 0.015579015016555786}
{'eval/num_episodes': 200, 'eval/mean_score': np.float64(0.995), 'eval/std_score': np.float64(0.0218), 'eval/mean_episode_length': np.float64(1.0), 'eval/eval_time': np.float64(0.001)}
{'training/total_steps': 46080, 'training/updates': 45, 'training/walltime': np.float64(11.561), 'training/update_time': np.float64(0.226), 'training/pc_loss': 0.0002488470054231584, 'training/mean_reward': 0.9947264790534973, 'training/mean_advantage_abs': 0.009990768507122993, 'diag/policy_grad_norm_max': 0.0227596964687109, 'diag/policy_grad_norm_mean': 0.017412882298231125}
{'eval/num_episodes': 200, 'eval/mean_score': np.float64(0.995), 'eval/std_score': np.float64(0.0218), 'eval/mean_episode_length': np.float64(1.0), 'eval/eval_time': np.float64(0.001)}
{'training/total_steps': 47104, 'training/updates': 46, 'training/walltime': np.float64(11.814), 'training/update_time': np.float64(0.251), 'training/pc_loss': 7.338554132729769e-05, 'training/mean_reward': 0.996777355670929, 'training/mean_advantage_abs': 0.006237591616809368, 'diag/policy_grad_norm_max': 0.01970362663269043, 'diag/policy_grad_norm_mean': 0.011529320850968361}
{'eval/num_episodes': 200, 'eval/mean_score': np.float64(0.9955), 'eval/std_score': np.float64(0.0207), 'eval/mean_episode_length': np.float64(1.0), 'eval/eval_time': np.float64(0.001)}
{'training/total_steps': 48128, 'training/updates': 47, 'training/walltime': np.float64(12.077), 'training/update_time': np.float64(0.262), 'training/pc_loss': 0.00023441965458914638, 'training/mean_reward': 0.9950195550918579, 'training/mean_advantage_abs': 0.009464815258979797, 'diag/policy_grad_norm_max': 0.025247519835829735, 'diag/policy_grad_norm_mean': 0.017288319766521454}
{'eval/num_episodes': 200, 'eval/mean_score': np.float64(0.994), 'eval/std_score': np.float64(0.0237), 'eval/mean_episode_length': np.float64(1.0), 'eval/eval_time': np.float64(0.002)}
{'training/total_steps': 49152, 'training/updates': 48, 'training/walltime': np.float64(12.306), 'training/update_time': np.float64(0.227), 'training/pc_loss': 0.00015347979206126183, 'training/mean_reward': 0.995898425579071, 'training/mean_advantage_abs': 0.00786668062210083, 'diag/policy_grad_norm_max': 0.022633880376815796, 'diag/policy_grad_norm_mean': 0.015103132463991642}
{'eval/num_episodes': 200, 'eval/mean_score': np.float64(0.997), 'eval/std_score': np.float64(0.0171), 'eval/mean_episode_length': np.float64(1.0), 'eval/eval_time': np.float64(0.001)}
{'training/total_steps': 50176, 'training/updates': 49, 'training/walltime': np.float64(12.544), 'training/update_time': np.float64(0.236), 'training/pc_loss': 0.00010168469452764839, 'training/mean_reward': 0.99755859375, 'training/mean_advantage_abs': 0.004763604141771793, 'diag/policy_grad_norm_max': 0.014463747851550579, 'diag/policy_grad_norm_mean': 0.009747265838086605}
{'eval/num_episodes': 200, 'eval/mean_score': np.float64(0.999), 'eval/std_score': np.float64(0.0099), 'eval/mean_episode_length': np.float64(1.0), 'eval/eval_time': np.float64(0.001)}
{'training/total_steps': 51200, 'training/updates': 50, 'training/walltime': np.float64(12.823), 'training/update_time': np.float64(0.278), 'training/pc_loss': 9.322934783995152e-05, 'training/mean_reward': 0.9974609613418579, 'training/mean_advantage_abs': 0.004949166439473629, 'diag/policy_grad_norm_max': 0.016063617542386055, 'diag/policy_grad_norm_mean': 0.010385219939053059}
{'eval/num_episodes': 200, 'eval/mean_score': np.float64(0.995), 'eval/std_score': np.float64(0.0218), 'eval/mean_episode_length': np.float64(1.0), 'eval/eval_time': np.float64(0.001)}
{'training/total_steps': 52224, 'training/updates': 51, 'training/walltime': np.float64(13.153), 'training/update_time': np.float64(0.328), 'training/pc_loss': 0.00017429349827580154, 'training/mean_reward': 0.99755859375, 'training/mean_advantage_abs': 0.004763604141771793, 'diag/policy_grad_norm_max': 0.015505560673773289, 'diag/policy_grad_norm_mean': 0.00970673467963934}
{'eval/num_episodes': 200, 'eval/mean_score': np.float64(0.998), 'eval/std_score': np.float64(0.014), 'eval/mean_episode_length': np.float64(1.0), 'eval/eval_time': np.float64(0.002)}
{'training/total_steps': 53248, 'training/updates': 52, 'training/walltime': np.float64(13.401), 'training/update_time': np.float64(0.246), 'training/pc_loss': 9.894222603179514e-05, 'training/mean_reward': 0.997363269329071, 'training/mean_advantage_abs': 0.005134403705596924, 'diag/policy_grad_norm_max': 0.016662534326314926, 'diag/policy_grad_norm_mean': 0.009904344566166401}
{'eval/num_episodes': 200, 'eval/mean_score': np.float64(0.998), 'eval/std_score': np.float64(0.014), 'eval/mean_episode_length': np.float64(1.0), 'eval/eval_time': np.float64(0.001)}
{'training/total_steps': 54272, 'training/updates': 53, 'training/walltime': np.float64(13.646), 'training/update_time': np.float64(0.243), 'training/pc_loss': 0.00015739339869469404, 'training/mean_reward': 0.9963867664337158, 'training/mean_advantage_abs': 0.006965402979403734, 'diag/policy_grad_norm_max': 0.019388973712921143, 'diag/policy_grad_norm_mean': 0.012345314025878906}
{'eval/num_episodes': 200, 'eval/mean_score': np.float64(0.996), 'eval/std_score': np.float64(0.0196), 'eval/mean_episode_length': np.float64(1.0), 'eval/eval_time': np.float64(0.001)}
{'training/total_steps': 55296, 'training/updates': 54, 'training/walltime': np.float64(13.89), 'training/update_time': np.float64(0.243), 'training/pc_loss': 9.201504872180521e-05, 'training/mean_reward': 0.997363269329071, 'training/mean_advantage_abs': 0.005134403705596924, 'diag/policy_grad_norm_max': 0.01344361063092947, 'diag/policy_grad_norm_mean': 0.009543711319565773}
{'eval/num_episodes': 200, 'eval/mean_score': np.float64(0.995), 'eval/std_score': np.float64(0.0218), 'eval/mean_episode_length': np.float64(1.0), 'eval/eval_time': np.float64(0.002)}
{'training/total_steps': 56320, 'training/updates': 55, 'training/walltime': np.float64(14.132), 'training/update_time': np.float64(0.24), 'training/pc_loss': 0.00013968997518531978, 'training/mean_reward': 0.996874988079071, 'training/mean_advantage_abs': 0.006054699420928955, 'diag/policy_grad_norm_max': 0.01693049445748329, 'diag/policy_grad_norm_mean': 0.011514200828969479}
{'eval/num_episodes': 200, 'eval/mean_score': np.float64(0.9965), 'eval/std_score': np.float64(0.0184), 'eval/mean_episode_length': np.float64(1.0), 'eval/eval_time': np.float64(0.002)}
{'training/total_steps': 57344, 'training/updates': 56, 'training/walltime': np.float64(14.368), 'training/update_time': np.float64(0.234), 'training/pc_loss': 9.975575812859461e-05, 'training/mean_reward': 0.9967772960662842, 'training/mean_advantage_abs': 0.006237647496163845, 'diag/policy_grad_norm_max': 0.02037060633301735, 'diag/policy_grad_norm_mean': 0.012723567895591259}
{'eval/num_episodes': 200, 'eval/mean_score': np.float64(0.996), 'eval/std_score': np.float64(0.0196), 'eval/mean_episode_length': np.float64(1.0), 'eval/eval_time': np.float64(0.001)}
{'training/total_steps': 58368, 'training/updates': 57, 'training/walltime': np.float64(14.593), 'training/update_time': np.float64(0.223), 'training/pc_loss': 0.00011309133697068319, 'training/mean_reward': 0.9981445074081421, 'training/mean_advantage_abs': 0.003642105497419834, 'diag/policy_grad_norm_max': 0.0130033940076828, 'diag/policy_grad_norm_mean': 0.007769830524921417}
{'eval/num_episodes': 200, 'eval/mean_score': np.float64(0.998), 'eval/std_score': np.float64(0.014), 'eval/mean_episode_length': np.float64(1.0), 'eval/eval_time': np.float64(0.001)}
{'training/total_steps': 59392, 'training/updates': 58, 'training/walltime': np.float64(14.845), 'training/update_time': np.float64(0.251), 'training/pc_loss': 0.00014299407484941185, 'training/mean_reward': 0.997265636920929, 'training/mean_advantage_abs': 0.005319203250110149, 'diag/policy_grad_norm_max': 0.01638679765164852, 'diag/policy_grad_norm_mean': 0.010469350963830948}
{'eval/num_episodes': 200, 'eval/mean_score': np.float64(0.9985), 'eval/std_score': np.float64(0.0122), 'eval/mean_episode_length': np.float64(1.0), 'eval/eval_time': np.float64(0.002)}
{'training/total_steps': 60416, 'training/updates': 59, 'training/walltime': np.float64(15.097), 'training/update_time': np.float64(0.25), 'training/pc_loss': 0.00018746216665022075, 'training/mean_reward': 0.997753918170929, 'training/mean_advantage_abs': 0.004391278140246868, 'diag/policy_grad_norm_max': 0.01701161079108715, 'diag/policy_grad_norm_mean': 0.008428837172687054}
{'eval/num_episodes': 200, 'eval/mean_score': np.float64(0.998), 'eval/std_score': np.float64(0.014), 'eval/mean_episode_length': np.float64(1.0), 'eval/eval_time': np.float64(0.002)}
TRAINING END: training duration: 15.09893536567688
